04-03 19:45:46.533  6348  6376 W dex2oat : Method processed more than once: void androidx.activity.ComponentActivity.removeOnNewIntentListener(androidx.core.util.Consumer)
04-03 19:45:46.533  6348  6376 W dex2oat : Method processed more than once: void androidx.activity.ComponentActivity.removeOnPictureInPictureModeChangedListener(androidx.core.util.Consumer)
04-03 19:45:46.533  6348  6376 W dex2oat : Method processed more than once: void androidx.activity.ComponentActivity.removeOnTrimMemoryListener(androidx.core.util.Consumer)
04-03 19:45:46.534  6348  6376 W dex2oat : Method processed more than once: void androidx.activity.ComponentActivity.removeOnUserLeaveHintListener(java.lang.Runnable)
04-03 19:45:46.534  6348  6376 W dex2oat : Method processed more than once: void androidx.activity.ComponentActivity.reportFullyDrawn()
04-03 19:45:46.534  6348  6376 W dex2oat : Method processed more than once: void androidx.activity.ComponentActivity.setContentView(int)
04-03 19:45:46.534  6348  6376 W dex2oat : Method processed more than once: void androidx.activity.ComponentActivity.setContentView(android.view.View)
04-03 19:45:46.534  6348  6376 W dex2oat : Method processed more than once: void androidx.activity.ComponentActivity.setContentView(android.view.View, android.view.ViewGroup$LayoutParams)
04-03 19:45:46.534  6348  6376 W dex2oat : Method processed more than once: void androidx.activity.ComponentActivity.startActivityForResult(android.content.Intent, int)
04-03 19:45:46.534  6348  6376 W dex2oat : Method processed more than once: void androidx.activity.ComponentActivity.startActivityForResult(android.content.Intent, int, android.os.Bundle)
04-03 19:45:46.534  6348  6376 W dex2oat : Method processed more than once: void androidx.activity.ComponentActivity.startIntentSenderForResult(android.content.IntentSender, int, android.content.Intent, int, int, int)
04-03 19:45:46.535  6348  6376 W dex2oat : Method processed more than once: void androidx.activity.ComponentActivity.startIntentSenderForResult(android.content.IntentSender, int, android.content.Intent, int, int, int, android.os.Bundle)
04-03 19:45:46.535  6348  6376 W dex2oat : Method processed more than once: void androidx.fragment.app.FragmentActivity.<init>()
04-03 19:45:46.535  6348  6376 W dex2oat : Method processed more than once: void androidx.fragment.app.FragmentActivity.<init>(int)
04-03 19:45:46.535  6348  6376 W dex2oat : Method processed more than once: void androidx.fragment.app.FragmentActivity.init()
04-03 19:45:46.535  6348  6376 W dex2oat : Method processed more than once: boolean androidx.fragment.app.FragmentActivity.markState(androidx.fragment.app.FragmentManager, androidx.lifecycle.Lifecycle$State)
04-03 19:45:46.536  6348  6376 W dex2oat : Method processed more than once: android.view.View androidx.fragment.app.FragmentActivity.dispatchFragmentsOnCreateView(android.view.View, java.lang.String, android.content.Context, android.util.AttributeSet)
04-03 19:45:46.536  6348  6376 W dex2oat : Method processed more than once: void androidx.fragment.app.FragmentActivity.dump(java.lang.String, java.io.FileDescriptor, java.io.PrintWriter, java.lang.String[])
04-03 19:45:46.536  6348  6376 W dex2oat : Method processed more than once: androidx.fragment.app.FragmentManager androidx.fragment.app.FragmentActivity.getSupportFragmentManager()
04-03 19:45:46.536  6348  6376 W dex2oat : Method processed more than once: androidx.loader.app.LoaderManager androidx.fragment.app.FragmentActivity.getSupportLoaderManager()
04-03 19:45:46.536  6348  6376 W dex2oat : Method processed more than once: android.os.Bundle androidx.fragment.app.FragmentActivity.lambda$init$0$androidx-fragment-app-FragmentActivity()
04-03 19:45:46.536  6348  6376 W dex2oat : Method processed more than once: void androidx.fragment.app.FragmentActivity.lambda$init$1$androidx-fragment-app-FragmentActivity(android.content.res.Configuration)
04-03 19:45:46.536  6348  6376 W dex2oat : Method processed more than once: void androidx.fragment.app.FragmentActivity.lambda$init$2$androidx-fragment-app-FragmentActivity(android.content.Intent)
04-03 19:45:46.537  6348  6376 W dex2oat : Method processed more than once: void androidx.fragment.app.FragmentActivity.lambda$init$3$androidx-fragment-app-FragmentActivity(android.content.Context)
04-03 19:45:46.537  6348  6376 W dex2oat : Method processed more than once: void androidx.fragment.app.FragmentActivity.markFragmentsCreated()
04-03 19:45:46.537  6348  6376 W dex2oat : Method processed more than once: void androidx.fragment.app.FragmentActivity.onActivityResult(int, int, android.content.Intent)
04-03 19:45:46.537  6348  6376 W dex2oat : Method processed more than once: void androidx.fragment.app.FragmentActivity.onAttachFragment(androidx.fragment.app.Fragment)
04-03 19:45:46.537  6348  6376 W dex2oat : Method processed more than once: void androidx.fragment.app.FragmentActivity.onCreate(android.os.Bundle)
04-03 19:45:46.537  6348  6376 W dex2oat : Method processed more than once: android.view.View androidx.fragment.app.FragmentActivity.onCreateView(android.view.View, java.lang.String, android.content.Context, android.util.AttributeSet)
04-03 19:45:46.537  6348  6376 W dex2oat : Method processed more than once: android.view.View androidx.fragment.app.FragmentActivity.onCreateView(java.lang.String, android.content.Context, android.util.AttributeSet)
04-03 19:45:46.537  6348  6376 W dex2oat : Method processed more than once: void androidx.fragment.app.FragmentActivity.onDestroy()
04-03 19:45:46.537  6348  6376 W dex2oat : Method processed more than once: boolean androidx.fragment.app.FragmentActivity.onMenuItemSelected(int, android.view.MenuItem)
04-03 19:45:46.537  6348  6376 W dex2oat : Method processed more than once: void androidx.fragment.app.FragmentActivity.onPause()
04-03 19:45:46.538  6348  6376 W dex2oat : Method processed more than once: void androidx.fragment.app.FragmentActivity.onPostResume()
04-03 19:45:46.538  6348  6376 W dex2oat : Method processed more than once: void androidx.fragment.app.FragmentActivity.onRequestPermissionsResult(int, java.lang.String[], int[])
04-03 19:45:46.538  6348  6376 W dex2oat : Method processed more than once: void androidx.fragment.app.FragmentActivity.onResume()
04-03 19:45:46.538  6348  6376 W dex2oat : Method processed more than once: void androidx.fragment.app.FragmentActivity.onResumeFragments()
04-03 19:45:46.538  6348  6376 W dex2oat : Method processed more than once: void androidx.fragment.app.FragmentActivity.onStart()
04-03 19:45:46.538  6348  6376 W dex2oat : Method processed more than once: void androidx.fragment.app.FragmentActivity.onStateNotSaved()
04-03 19:45:46.538  6348  6376 W dex2oat : Method processed more than once: void androidx.fragment.app.FragmentActivity.onStop()
04-03 19:45:46.538  6348  6376 W dex2oat : Method processed more than once: void androidx.fragment.app.FragmentActivity.setEnterSharedElementCallback(androidx.core.app.SharedElementCallback)
04-03 19:45:46.539  6348  6376 W dex2oat : Method processed more than once: void androidx.fragment.app.FragmentActivity.setExitSharedElementCallback(androidx.core.app.SharedElementCallback)
04-03 19:45:46.539  6348  6376 W dex2oat : Method processed more than once: void androidx.fragment.app.FragmentActivity.startActivityFromFragment(androidx.fragment.app.Fragment, android.content.Intent, int)
04-03 19:45:46.539  6348  6376 W dex2oat : Method processed more than once: void androidx.fragment.app.FragmentActivity.startActivityFromFragment(androidx.fragment.app.Fragment, android.content.Intent, int, android.os.Bundle)
04-03 19:45:46.539  6348  6376 W dex2oat : Method processed more than once: void androidx.fragment.app.FragmentActivity.startIntentSenderFromFragment(androidx.fragment.app.Fragment, android.content.IntentSender, int, android.content.Intent, int, int, int, android.os.Bundle)
04-03 19:45:46.539  6348  6376 W dex2oat : Method processed more than once: void androidx.fragment.app.FragmentActivity.supportFinishAfterTransition()
04-03 19:45:46.539  6348  6376 W dex2oat : Method processed more than once: void androidx.fragment.app.FragmentActivity.supportInvalidateOptionsMenu()
04-03 19:45:46.539  6348  6376 W dex2oat : Method processed more than once: void androidx.fragment.app.FragmentActivity.supportPostponeEnterTransition()
04-03 19:45:46.539  6348  6376 W dex2oat : Method processed more than once: void androidx.fragment.app.FragmentActivity.supportStartPostponedEnterTransition()
04-03 19:45:46.539  6348  6376 W dex2oat : Method processed more than once: void androidx.fragment.app.FragmentActivity.validateRequestPermissionsRequestCode(int)
04-03 19:45:46.540  6348  6376 W dex2oat : Method processed more than once: void androidx.appcompat.app.AppCompatActivity.<init>()
04-03 19:45:46.540  6348  6376 W dex2oat : Method processed more than once: void androidx.appcompat.app.AppCompatActivity.<init>(int)
04-03 19:45:46.540  6348  6376 W dex2oat : Method processed more than once: void androidx.appcompat.app.AppCompatActivity.initDelegate()
04-03 19:45:46.540  6348  6376 W dex2oat : Method processed more than once: boolean androidx.appcompat.app.AppCompatActivity.performMenuItemShortcut(android.view.KeyEvent)
04-03 19:45:46.540  6348  6376 W dex2oat : Method processed more than once: void androidx.appcompat.app.AppCompatActivity.addContentView(android.view.View, android.view.ViewGroup$LayoutParams)
04-03 19:45:46.540  6348  6376 W dex2oat : Method processed more than once: void androidx.appcompat.app.AppCompatActivity.attachBaseContext(android.content.Context)
04-03 19:45:46.540  6348  6376 W dex2oat : Method processed more than once: void androidx.appcompat.app.AppCompatActivity.closeOptionsMenu()
04-03 19:45:46.540  6348  6376 W dex2oat : Method processed more than once: boolean androidx.appcompat.app.AppCompatActivity.dispatchKeyEvent(android.view.KeyEvent)
04-03 19:45:46.540  6348  6376 W dex2oat : Method processed more than once: android.view.View androidx.appcompat.app.AppCompatActivity.findViewById(int)
04-03 19:45:46.540  6348  6376 W dex2oat : Method processed more than once: androidx.appcompat.app.AppCompatDelegate androidx.appcompat.app.AppCompatActivity.getDelegate()
04-03 19:45:46.541  6348  6376 W dex2oat : Method processed more than once: androidx.appcompat.app.ActionBarDrawerToggle$Delegate androidx.appcompat.app.AppCompatActivity.getDrawerToggleDelegate()
04-03 19:45:46.541  6348  6376 W dex2oat : Method processed more than once: android.view.MenuInflater androidx.appcompat.app.AppCompatActivity.getMenuInflater()
04-03 19:45:46.541  6348  6376 W dex2oat : Method processed more than once: android.content.res.Resources androidx.appcompat.app.AppCompatActivity.getResources()
04-03 19:45:46.541  6348  6376 W dex2oat : Method processed more than once: androidx.appcompat.app.ActionBar androidx.appcompat.app.AppCompatActivity.getSupportActionBar()
04-03 19:45:46.541  6348  6376 W dex2oat : Method processed more than once: android.content.Intent androidx.appcompat.app.AppCompatActivity.getSupportParentActivityIntent()
04-03 19:45:46.541  6348  6376 W dex2oat : Method processed more than once: void androidx.appcompat.app.AppCompatActivity.invalidateOptionsMenu()
04-03 19:45:46.541  6348  6376 W dex2oat : Method processed more than once: void androidx.appcompat.app.AppCompatActivity.onConfigurationChanged(android.content.res.Configuration)
04-03 19:45:46.541  6348  6376 W dex2oat : Method processed more than once: void androidx.appcompat.app.AppCompatActivity.onContentChanged()
04-03 19:45:46.542  6348  6376 W dex2oat : Method processed more than once: void androidx.appcompat.app.AppCompatActivity.onCreateSupportNavigateUpTaskStack(androidx.core.app.TaskStackBuilder)
04-03 19:45:46.542  6348  6376 W dex2oat : Method processed more than once: void androidx.appcompat.app.AppCompatActivity.onDestroy()
04-03 19:45:46.542  6348  6376 W dex2oat : Method processed more than once: boolean androidx.appcompat.app.AppCompatActivity.onKeyDown(int, android.view.KeyEvent)
04-03 19:45:46.542  6348  6376 W dex2oat : Method processed more than once: void androidx.appcompat.app.AppCompatActivity.onLocalesChanged(androidx.core.os.LocaleListCompat)
04-03 19:45:46.542  6348  6376 W dex2oat : Method processed more than once: boolean androidx.appcompat.app.AppCompatActivity.onMenuItemSelected(int, android.view.MenuItem)
04-03 19:45:46.542  6348  6376 W dex2oat : Method processed more than once: boolean androidx.appcompat.app.AppCompatActivity.onMenuOpened(int, android.view.Menu)
04-03 19:45:46.542  6348  6376 W dex2oat : Method processed more than once: void androidx.appcompat.app.AppCompatActivity.onNightModeChanged(int)
04-03 19:45:46.543  6348  6376 W dex2oat : Method processed more than once: void androidx.appcompat.app.AppCompatActivity.onPanelClosed(int, android.view.Menu)
04-03 19:45:46.543  6348  6376 W dex2oat : Method processed more than once: void androidx.appcompat.app.AppCompatActivity.onPostCreate(android.os.Bundle)
04-03 19:45:46.543  6348  6376 W dex2oat : Method processed more than once: void androidx.appcompat.app.AppCompatActivity.onPostResume()
04-03 19:45:46.543  6348  6376 W dex2oat : Method processed more than once: void androidx.appcompat.app.AppCompatActivity.onPrepareSupportNavigateUpTaskStack(androidx.core.app.TaskStackBuilder)
04-03 19:45:46.543  6348  6376 W dex2oat : Method processed more than once: void androidx.appcompat.app.AppCompatActivity.onStart()
04-03 19:45:46.543  6348  6376 W dex2oat : Method processed more than once: void androidx.appcompat.app.AppCompatActivity.onStop()
04-03 19:45:46.543  6348  6376 W dex2oat : Method processed more than once: void androidx.appcompat.app.AppCompatActivity.onSupportActionModeFinished(androidx.appcompat.view.ActionMode)
04-03 19:45:46.543  6348  6376 W dex2oat : Method processed more than once: void androidx.appcompat.app.AppCompatActivity.onSupportActionModeStarted(androidx.appcompat.view.ActionMode)
04-03 19:45:46.544  6348  6376 W dex2oat : Method processed more than once: void androidx.appcompat.app.AppCompatActivity.onSupportContentChanged()
04-03 19:45:46.545  6348  6376 W dex2oat : Method processed more than once: boolean androidx.appcompat.app.AppCompatActivity.onSupportNavigateUp()
04-03 19:45:46.545  6348  6376 W dex2oat : Method processed more than once: void androidx.appcompat.app.AppCompatActivity.onTitleChanged(java.lang.CharSequence, int)
04-03 19:45:46.545  6348  6376 W dex2oat : Method processed more than once: androidx.appcompat.view.ActionMode androidx.appcompat.app.AppCompatActivity.onWindowStartingSupportActionMode(androidx.appcompat.view.ActionMode$Callback)
04-03 19:45:46.545  6348  6376 W dex2oat : Method processed more than once: void androidx.appcompat.app.AppCompatActivity.openOptionsMenu()
04-03 19:45:46.545  6348  6376 W dex2oat : Method processed more than once: void androidx.appcompat.app.AppCompatActivity.setContentView(int)
04-03 19:45:46.545  6348  6376 W dex2oat : Method processed more than once: void androidx.appcompat.app.AppCompatActivity.setContentView(android.view.View)
04-03 19:45:46.545  6348  6376 W dex2oat : Method processed more than once: void androidx.appcompat.app.AppCompatActivity.setContentView(android.view.View, android.view.ViewGroup$LayoutParams)
04-03 19:45:46.546  6348  6376 W dex2oat : Method processed more than once: void androidx.appcompat.app.AppCompatActivity.setSupportActionBar(androidx.appcompat.widget.Toolbar)
04-03 19:45:46.546  6348  6376 W dex2oat : Method processed more than once: void androidx.appcompat.app.AppCompatActivity.setSupportProgress(int)
04-03 19:45:46.546  6348  6376 W dex2oat : Method processed more than once: void androidx.appcompat.app.AppCompatActivity.setSupportProgressBarIndeterminate(boolean)
04-03 19:45:46.546  6348  6376 W dex2oat : Method processed more than once: void androidx.appcompat.app.AppCompatActivity.setSupportProgressBarIndeterminateVisibility(boolean)
04-03 19:45:46.546  6348  6376 W dex2oat : Method processed more than once: void androidx.appcompat.app.AppCompatActivity.setSupportProgressBarVisibility(boolean)
04-03 19:45:46.546  6348  6376 W dex2oat : Method processed more than once: void androidx.appcompat.app.AppCompatActivity.setTheme(int)
04-03 19:45:46.546  6348  6376 W dex2oat : Method processed more than once: androidx.appcompat.view.ActionMode androidx.appcompat.app.AppCompatActivity.startSupportActionMode(androidx.appcompat.view.ActionMode$Callback)
04-03 19:45:46.547  6348  6376 W dex2oat : Method processed more than once: void androidx.appcompat.app.AppCompatActivity.supportInvalidateOptionsMenu()
04-03 19:45:46.547  6348  6376 W dex2oat : Method processed more than once: void androidx.appcompat.app.AppCompatActivity.supportNavigateUpTo(android.content.Intent)
04-03 19:45:46.547  6348  6376 W dex2oat : Method processed more than once: boolean androidx.appcompat.app.AppCompatActivity.supportRequestWindowFeature(int)
04-03 19:45:46.547  6348  6376 W dex2oat : Method processed more than once: boolean androidx.appcompat.app.AppCompatActivity.supportShouldUpRecreateTask(android.content.Intent)
04-03 19:45:46.553  6348  6348 I dex2oat : Explicit concurrent copying GC freed 1153(201KB) AllocSpace objects, 0(0B) LOS objects, 95% free, 74KB/1610KB, paused 563us total 2.393ms
04-03 19:45:46.555  6348  6377 W dex2oat : Method processed more than once: void kotlin.coroutines.jvm.internal.BaseContinuationImpl.<init>(kotlin.coroutines.Continuation)
04-03 19:45:46.555  6348  6377 W dex2oat : Method processed more than once: kotlin.coroutines.Continuation kotlin.coroutines.jvm.internal.BaseContinuationImpl.create(java.lang.Object, kotlin.coroutines.Continuation)
04-03 19:45:46.555  6348  6377 W dex2oat : Method processed more than once: kotlin.coroutines.Continuation kotlin.coroutines.jvm.internal.BaseContinuationImpl.create(kotlin.coroutines.Continuation)
04-03 19:45:46.555  6348  6377 W dex2oat : Method processed more than once: kotlin.coroutines.jvm.internal.CoroutineStackFrame kotlin.coroutines.jvm.internal.BaseContinuationImpl.getCallerFrame()
04-03 19:45:46.555  6348  6377 W dex2oat : Method processed more than once: kotlin.coroutines.Continuation kotlin.coroutines.jvm.internal.BaseContinuationImpl.getCompletion()
04-03 19:45:46.555  6348  6377 W dex2oat : Method processed more than once: java.lang.StackTraceElement kotlin.coroutines.jvm.internal.BaseContinuationImpl.getStackTraceElement()
04-03 19:45:46.555  6348  6377 W dex2oat : Method processed more than once: void kotlin.coroutines.jvm.internal.BaseContinuationImpl.releaseIntercepted()
04-03 19:45:46.556  6348  6377 W dex2oat : Method processed more than once: void kotlin.coroutines.jvm.internal.BaseContinuationImpl.resumeWith(java.lang.Object)
04-03 19:45:46.556  6348  6377 W dex2oat : Method processed more than once: java.lang.String kotlin.coroutines.jvm.internal.BaseContinuationImpl.toString()
04-03 19:45:46.556  6348  6377 W dex2oat : Method processed more than once: void kotlin.coroutines.jvm.internal.ContinuationImpl.<init>(kotlin.coroutines.Continuation)
04-03 19:45:46.556  6348  6377 W dex2oat : Method processed more than once: void kotlin.coroutines.jvm.internal.ContinuationImpl.<init>(kotlin.coroutines.Continuation, kotlin.coroutines.CoroutineContext)
04-03 19:45:46.556  6348  6377 W dex2oat : Method processed more than once: kotlin.coroutines.CoroutineContext kotlin.coroutines.jvm.internal.ContinuationImpl.getContext()
04-03 19:45:46.556  6348  6377 W dex2oat : Method processed more than once: kotlin.coroutines.Continuation kotlin.coroutines.jvm.internal.ContinuationImpl.intercepted()
04-03 19:45:46.556  6348  6377 W dex2oat : Method processed more than once: void kotlin.coroutines.jvm.internal.ContinuationImpl.releaseIntercepted()
04-03 19:45:46.556  6348  6377 W dex2oat : Method processed more than once: void kotlin.coroutines.jvm.internal.SuspendLambda.<init>(int)
04-03 19:45:46.556  6348  6377 W dex2oat : Method processed more than once: void kotlin.coroutines.jvm.internal.SuspendLambda.<init>(int, kotlin.coroutines.Continuation)
04-03 19:45:46.556  6348  6377 W dex2oat : Method processed more than once: int kotlin.coroutines.jvm.internal.SuspendLambda.getArity()
04-03 19:45:46.556  6348  6377 W dex2oat : Method processed more than once: java.lang.String kotlin.coroutines.jvm.internal.SuspendLambda.toString()
04-03 19:45:46.561  6348  6348 I dex2oat : Explicit concurrent copying GC freed 441(62KB) AllocSpace objects, 0(0B) LOS objects, 95% free, 76KB/1612KB, paused 920us total 2.086ms
04-03 19:45:46.563  6348  6348 W dex2oat : Method processed more than once: void kotlin.coroutines.jvm.internal.BaseContinuationImpl.<init>(kotlin.coroutines.Continuation)
04-03 19:45:46.563  6348  6348 W dex2oat : Method processed more than once: kotlin.coroutines.Continuation kotlin.coroutines.jvm.internal.BaseContinuationImpl.create(java.lang.Object, kotlin.coroutines.Continuation)
04-03 19:45:46.563  6348  6348 W dex2oat : Method processed more than once: kotlin.coroutines.Continuation kotlin.coroutines.jvm.internal.BaseContinuationImpl.create(kotlin.coroutines.Continuation)
04-03 19:45:46.563  6348  6348 W dex2oat : Method processed more than once: kotlin.coroutines.jvm.internal.CoroutineStackFrame kotlin.coroutines.jvm.internal.BaseContinuationImpl.getCallerFrame()
04-03 19:45:46.563  6348  6348 W dex2oat : Method processed more than once: kotlin.coroutines.Continuation kotlin.coroutines.jvm.internal.BaseContinuationImpl.getCompletion()
04-03 19:45:46.563  6348  6348 W dex2oat : Method processed more than once: java.lang.StackTraceElement kotlin.coroutines.jvm.internal.BaseContinuationImpl.getStackTraceElement()
04-03 19:45:46.563  6348  6348 W dex2oat : Method processed more than once: void kotlin.coroutines.jvm.internal.BaseContinuationImpl.releaseIntercepted()
04-03 19:45:46.563  6348  6348 W dex2oat : Method processed more than once: void kotlin.coroutines.jvm.internal.BaseContinuationImpl.resumeWith(java.lang.Object)
04-03 19:45:46.563  6348  6348 W dex2oat : Method processed more than once: java.lang.String kotlin.coroutines.jvm.internal.BaseContinuationImpl.toString()
04-03 19:45:46.563  6348  6348 W dex2oat : Method processed more than once: void kotlin.coroutines.jvm.internal.ContinuationImpl.<init>(kotlin.coroutines.Continuation)
04-03 19:45:46.563  6348  6348 W dex2oat : Method processed more than once: void kotlin.coroutines.jvm.internal.ContinuationImpl.<init>(kotlin.coroutines.Continuation, kotlin.coroutines.CoroutineContext)
04-03 19:45:46.563  6348  6348 W dex2oat : Method processed more than once: kotlin.coroutines.CoroutineContext kotlin.coroutines.jvm.internal.ContinuationImpl.getContext()
04-03 19:45:46.563  6348  6348 W dex2oat : Method processed more than once: kotlin.coroutines.Continuation kotlin.coroutines.jvm.internal.ContinuationImpl.intercepted()
04-03 19:45:46.563  6348  6348 W dex2oat : Method processed more than once: void kotlin.coroutines.jvm.internal.ContinuationImpl.releaseIntercepted()
04-03 19:45:46.564  6348  6382 W dex2oat : Method processed more than once: void kotlin.coroutines.jvm.internal.SuspendLambda.<init>(int)
04-03 19:45:46.564  6348  6382 W dex2oat : Method processed more than once: void kotlin.coroutines.jvm.internal.SuspendLambda.<init>(int, kotlin.coroutines.Continuation)
04-03 19:45:46.564  6348  6382 W dex2oat : Method processed more than once: int kotlin.coroutines.jvm.internal.SuspendLambda.getArity()
04-03 19:45:46.564  6348  6382 W dex2oat : Method processed more than once: java.lang.String kotlin.coroutines.jvm.internal.SuspendLambda.toString()
04-03 19:45:46.571  6348  6348 I dex2oat : Explicit concurrent copying GC freed 663(110KB) AllocSpace objects, 0(0B) LOS objects, 95% free, 78KB/1614KB, paused 306us total 1.497ms
04-03 19:45:46.657  6348  6348 I dex2oat : Explicit concurrent copying GC freed 2682(325KB) AllocSpace objects, 0(0B) LOS objects, 94% free, 91KB/1627KB, paused 302us total 1.822ms
04-03 19:45:46.707  6348  6387 W dex2oat : Method processed more than once: void androidx.compose.ui.Modifier.<clinit>()
04-03 19:45:46.708  6348  6386 W dex2oat : Method processed more than once: void kotlin.jvm.internal.Lambda.<init>(int)
04-03 19:45:46.708  6348  6348 W dex2oat : Method processed more than once: kotlin.sequences.Sequence androidx.compose.ui.platform.InspectableValue.access$getInspectableElements$jd(androidx.compose.ui.platform.InspectableValue)
04-03 19:45:46.708  6348  6348 W dex2oat : Method processed more than once: java.lang.String androidx.compose.ui.platform.InspectableValue.access$getNameFallback$jd(androidx.compose.ui.platform.InspectableValue)
04-03 19:45:46.708  6348  6348 W dex2oat : Method processed more than once: java.lang.Object androidx.compose.ui.platform.InspectableValue.access$getValueOverride$jd(androidx.compose.ui.platform.InspectableValue)
04-03 19:45:46.708  6348  6386 W dex2oat : Method processed more than once: int kotlin.jvm.internal.Lambda.getArity()
04-03 19:45:46.708  6348  6386 W dex2oat : Method processed more than once: java.lang.String kotlin.jvm.internal.Lambda.toString()
04-03 19:45:46.708  6348  6348 W dex2oat : Method processed more than once: kotlin.sequences.Sequence androidx.compose.ui.platform.InspectableValue.getInspectableElements()
04-03 19:45:46.709  6348  6348 W dex2oat : Method processed more than once: java.lang.String androidx.compose.ui.platform.InspectableValue.getNameFallback()
04-03 19:45:46.709  6348  6348 W dex2oat : Method processed more than once: java.lang.Object androidx.compose.ui.platform.InspectableValue.getValueOverride()
04-03 19:45:46.709  6348  6387 W dex2oat : Method processed more than once: androidx.compose.ui.Modifier androidx.compose.ui.Modifier.access$then$jd(androidx.compose.ui.Modifier, androidx.compose.ui.Modifier)
04-03 19:45:46.709  6348  6387 W dex2oat : Method processed more than once: androidx.compose.ui.Modifier androidx.compose.ui.Modifier.then(androidx.compose.ui.Modifier)
04-03 19:45:46.709  6348  6387 W dex2oat : Method processed more than once: void androidx.compose.ui.node.ModifierNodeElement.<clinit>()
04-03 19:45:46.709  6348  6387 W dex2oat : Method processed more than once: void androidx.compose.ui.node.ModifierNodeElement.<init>()
04-03 19:45:46.709  6348  6387 W dex2oat : Method processed more than once: androidx.compose.ui.platform.InspectorInfo androidx.compose.ui.node.ModifierNodeElement.getInspectorValues()
04-03 19:45:46.709  6348  6387 W dex2oat : Method processed more than once: kotlin.sequences.Sequence androidx.compose.ui.node.ModifierNodeElement.getInspectableElements()
04-03 19:45:46.709  6348  6387 W dex2oat : Method processed more than once: java.lang.String androidx.compose.ui.node.ModifierNodeElement.getNameFallback()
04-03 19:45:46.710  6348  6387 W dex2oat : Method processed more than once: java.lang.Object androidx.compose.ui.node.ModifierNodeElement.getValueOverride()
04-03 19:45:46.710  6348  6387 W dex2oat : Method processed more than once: void androidx.compose.ui.node.ModifierNodeElement.inspectableProperties(androidx.compose.ui.platform.InspectorInfo)
04-03 19:45:46.710  6348  6386 W dex2oat : Method processed more than once: void androidx.compose.ui.node.DelegatableNode.onDensityChange()
04-03 19:45:46.710  6348  6386 W dex2oat : Method processed more than once: void androidx.compose.ui.node.DelegatableNode.onLayoutDirectionChange()
04-03 19:45:46.711  6348  6348 W dex2oat : Method processed more than once: void androidx.compose.ui.draganddrop.DragAndDropTarget.onChanged(androidx.compose.ui.draganddrop.DragAndDropEvent)
04-03 19:45:46.711  6348  6387 W dex2oat : Method processed more than once: void androidx.compose.ui.node.LayoutAwareModifierNode.onPlaced(androidx.compose.ui.layout.LayoutCoordinates)
04-03 19:45:46.711  6348  6387 W dex2oat : Method processed more than once: void androidx.compose.ui.node.LayoutAwareModifierNode.onRemeasured-ozmzZPI(long)
04-03 19:45:46.711  6348  6348 W dex2oat : Method processed more than once: void androidx.compose.ui.draganddrop.DragAndDropTarget.onEnded(androidx.compose.ui.draganddrop.DragAndDropEvent)
04-03 19:45:46.711  6348  6348 W dex2oat : Method processed more than once: void androidx.compose.ui.draganddrop.DragAndDropTarget.onEntered(androidx.compose.ui.draganddrop.DragAndDropEvent)
04-03 19:45:46.711  6348  6348 W dex2oat : Method processed more than once: void androidx.compose.ui.draganddrop.DragAndDropTarget.onExited(androidx.compose.ui.draganddrop.DragAndDropEvent)
04-03 19:45:46.711  6348  6348 W dex2oat : Method processed more than once: void androidx.compose.ui.draganddrop.DragAndDropTarget.onMoved(androidx.compose.ui.draganddrop.DragAndDropEvent)
04-03 19:45:46.712  6348  6348 W dex2oat : Method processed more than once: void androidx.compose.ui.draganddrop.DragAndDropTarget.onStarted(androidx.compose.ui.draganddrop.DragAndDropEvent)
04-03 19:45:46.712  6348  6348 W dex2oat : Method processed more than once: void androidx.compose.ui.node.DrawModifierNode.onMeasureResultChanged()
04-03 19:45:46.712  6348  6348 W dex2oat : Method processed more than once: float androidx.compose.ui.unit.FontScaling.access$toDp-GaN1DYA$jd(androidx.compose.ui.unit.FontScaling, long)
04-03 19:45:46.712  6348  6348 W dex2oat : Method processed more than once: long androidx.compose.ui.unit.FontScaling.access$toSp-0xMU5do$jd(androidx.compose.ui.unit.FontScaling, float)
04-03 19:45:46.712  6348  6348 W dex2oat : Method processed more than once: float androidx.compose.ui.unit.FontScaling.toDp-GaN1DYA(long)
04-03 19:45:46.712  6348  6348 W dex2oat : Method processed more than once: long androidx.compose.ui.unit.FontScaling.toSp-0xMU5do(float)
04-03 19:45:46.714  6348  6348 W dex2oat : Method processed more than once: int androidx.compose.ui.node.LayoutModifierNode.maxIntrinsicHeight(androidx.compose.ui.layout.IntrinsicMeasureScope, androidx.compose.ui.layout.IntrinsicMeasurable, int)
04-03 19:45:46.714  6348  6348 W dex2oat : Method processed more than once: int androidx.compose.ui.node.LayoutModifierNode.maxIntrinsicWidth(androidx.compose.ui.layout.IntrinsicMeasureScope, androidx.compose.ui.layout.IntrinsicMeasurable, int)
04-03 19:45:46.714  6348  6348 W dex2oat : Method processed more than once: int androidx.compose.ui.node.LayoutModifierNode.minIntrinsicHeight(androidx.compose.ui.layout.IntrinsicMeasureScope, androidx.compose.ui.layout.IntrinsicMeasurable, int)
04-03 19:45:46.715  6348  6348 W dex2oat : Method processed more than once: int androidx.compose.ui.node.LayoutModifierNode.minIntrinsicWidth(androidx.compose.ui.layout.IntrinsicMeasureScope, androidx.compose.ui.layout.IntrinsicMeasurable, int)
04-03 19:45:46.717  6348  6387 W dex2oat : Method processed more than once: void kotlin.jvm.internal.CallableReference.<clinit>()
04-03 19:45:46.717  6348  6387 W dex2oat : Method processed more than once: void kotlin.jvm.internal.CallableReference.<init>()
04-03 19:45:46.717  6348  6387 W dex2oat : Method processed more than once: void kotlin.jvm.internal.CallableReference.<init>(java.lang.Object)
04-03 19:45:46.718  6348  6387 W dex2oat : Method processed more than once: void kotlin.jvm.internal.CallableReference.<init>(java.lang.Object, java.lang.Class, java.lang.String, java.lang.String, boolean)
04-03 19:45:46.718  6348  6387 W dex2oat : Method processed more than once: java.lang.Object kotlin.jvm.internal.CallableReference.call(java.lang.Object[])
04-03 19:45:46.718  6348  6387 W dex2oat : Method processed more than once: java.lang.Object kotlin.jvm.internal.CallableReference.callBy(java.util.Map)
04-03 19:45:46.718  6348  6387 W dex2oat : Method processed more than once: kotlin.reflect.KCallable kotlin.jvm.internal.CallableReference.compute()
04-03 19:45:46.718  6348  6387 W dex2oat : Method processed more than once: java.util.List kotlin.jvm.internal.CallableReference.getAnnotations()
04-03 19:45:46.718  6348  6387 W dex2oat : Method processed more than once: java.lang.Object kotlin.jvm.internal.CallableReference.getBoundReceiver()
04-03 19:45:46.718  6348  6387 W dex2oat : Method processed more than once: java.lang.String kotlin.jvm.internal.CallableReference.getName()
04-03 19:45:46.718  6348  6387 W dex2oat : Method processed more than once: kotlin.reflect.KDeclarationContainer kotlin.jvm.internal.CallableReference.getOwner()
04-03 19:45:46.718  6348  6387 W dex2oat : Method processed more than once: java.util.List kotlin.jvm.internal.CallableReference.getParameters()
04-03 19:45:46.718  6348  6387 W dex2oat : Method processed more than once: kotlin.reflect.KCallable kotlin.jvm.internal.CallableReference.getReflected()
04-03 19:45:46.718  6348  6387 W dex2oat : Method processed more than once: kotlin.reflect.KType kotlin.jvm.internal.CallableReference.getReturnType()
04-03 19:45:46.718  6348  6387 W dex2oat : Method processed more than once: java.lang.String kotlin.jvm.internal.CallableReference.getSignature()
04-03 19:45:46.718  6348  6387 W dex2oat : Method processed more than once: java.util.List kotlin.jvm.internal.CallableReference.getTypeParameters()
04-03 19:45:46.719  6348  6387 W dex2oat : Method processed more than once: kotlin.reflect.KVisibility kotlin.jvm.internal.CallableReference.getVisibility()
04-03 19:45:46.719  6348  6387 W dex2oat : Method processed more than once: boolean kotlin.jvm.internal.CallableReference.isAbstract()
04-03 19:45:46.719  6348  6387 W dex2oat : Method processed more than once: boolean kotlin.jvm.internal.CallableReference.isFinal()
04-03 19:45:46.719  6348  6387 W dex2oat : Method processed more than once: boolean kotlin.jvm.internal.CallableReference.isOpen()
04-03 19:45:46.719  6348  6387 W dex2oat : Method processed more than once: boolean kotlin.jvm.internal.CallableReference.isSuspend()
04-03 19:45:46.719  6348  6387 W dex2oat : Method processed more than once: void kotlin.jvm.internal.FunctionReference.<init>(int)
04-03 19:45:46.719  6348  6387 W dex2oat : Method processed more than once: void kotlin.jvm.internal.FunctionReference.<init>(int, java.lang.Object)
04-03 19:45:46.719  6348  6387 W dex2oat : Method processed more than once: void kotlin.jvm.internal.FunctionReference.<init>(int, java.lang.Object, java.lang.Class, java.lang.String, java.lang.String, int)
04-03 19:45:46.719  6348  6387 W dex2oat : Method processed more than once: kotlin.reflect.KCallable kotlin.jvm.internal.FunctionReference.computeReflected()
04-03 19:45:46.719  6348  6387 W dex2oat : Method processed more than once: boolean kotlin.jvm.internal.FunctionReference.equals(java.lang.Object)
04-03 19:45:46.719  6348  6387 W dex2oat : Method processed more than once: int kotlin.jvm.internal.FunctionReference.getArity()
04-03 19:45:46.719  6348  6387 W dex2oat : Method processed more than once: kotlin.reflect.KCallable kotlin.jvm.internal.FunctionReference.getReflected()
04-03 19:45:46.719  6348  6387 W dex2oat : Method processed more than once: kotlin.reflect.KFunction kotlin.jvm.internal.FunctionReference.getReflected()
04-03 19:45:46.719  6348  6387 W dex2oat : Method processed more than once: int kotlin.jvm.internal.FunctionReference.hashCode()
04-03 19:45:46.719  6348  6387 W dex2oat : Method processed more than once: boolean kotlin.jvm.internal.FunctionReference.isExternal()
04-03 19:45:46.720  6348  6387 W dex2oat : Method processed more than once: boolean kotlin.jvm.internal.FunctionReference.isInfix()
04-03 19:45:46.720  6348  6387 W dex2oat : Method processed more than once: boolean kotlin.jvm.internal.FunctionReference.isInline()
04-03 19:45:46.720  6348  6387 W dex2oat : Method processed more than once: boolean kotlin.jvm.internal.FunctionReference.isOperator()
04-03 19:45:46.720  6348  6387 W dex2oat : Method processed more than once: boolean kotlin.jvm.internal.FunctionReference.isSuspend()
04-03 19:45:46.720  6348  6387 W dex2oat : Method processed more than once: java.lang.String kotlin.jvm.internal.FunctionReference.toString()
04-03 19:45:46.720  6348  6387 W dex2oat : Method processed more than once: void kotlin.jvm.internal.FunctionReferenceImpl.<init>(int, java.lang.Class, java.lang.String, java.lang.String, int)
04-03 19:45:46.720  6348  6387 W dex2oat : Method processed more than once: void kotlin.jvm.internal.FunctionReferenceImpl.<init>(int, java.lang.Object, java.lang.Class, java.lang.String, java.lang.String, int)
04-03 19:45:46.720  6348  6387 W dex2oat : Method processed more than once: void kotlin.jvm.internal.FunctionReferenceImpl.<init>(int, kotlin.reflect.KDeclarationContainer, java.lang.String, java.lang.String)
04-03 19:45:46.722  6348  6387 W dex2oat : Method processed more than once: java.lang.Object androidx.compose.ui.modifier.ModifierLocalModifierNode.getCurrent(androidx.compose.ui.modifier.ModifierLocal)
04-03 19:45:46.722  6348  6387 W dex2oat : Method processed more than once: androidx.compose.ui.modifier.ModifierLocalMap androidx.compose.ui.modifier.ModifierLocalModifierNode.getProvidedValues()
04-03 19:45:46.722  6348  6387 W dex2oat : Method processed more than once: void androidx.compose.ui.modifier.ModifierLocalModifierNode.provide(androidx.compose.ui.modifier.ModifierLocal, java.lang.Object)
04-03 19:45:46.732  6348  6388 W dex2oat : Method processed more than once: boolean androidx.compose.ui.node.SemanticsModifierNode.getShouldClearDescendantSemantics()
04-03 19:45:46.732  6348  6388 W dex2oat : Method processed more than once: boolean androidx.compose.ui.node.SemanticsModifierNode.getShouldMergeDescendantSemantics()
04-03 19:45:46.733  6348  6388 W dex2oat : Method processed more than once: boolean androidx.compose.ui.node.SemanticsModifierNode.isImportantForBounds()
04-03 19:45:46.749  6348  6348 W dex2oat : Method processed more than once: void kotlin.coroutines.jvm.internal.BaseContinuationImpl.<init>(kotlin.coroutines.Continuation)
04-03 19:45:46.749  6348  6348 W dex2oat : Method processed more than once: kotlin.coroutines.Continuation kotlin.coroutines.jvm.internal.BaseContinuationImpl.create(java.lang.Object, kotlin.coroutines.Continuation)
04-03 19:45:46.750  6348  6348 W dex2oat : Method processed more than once: kotlin.coroutines.Continuation kotlin.coroutines.jvm.internal.BaseContinuationImpl.create(kotlin.coroutines.Continuation)
04-03 19:45:46.750  6348  6348 W dex2oat : Method processed more than once: kotlin.coroutines.jvm.internal.CoroutineStackFrame kotlin.coroutines.jvm.internal.BaseContinuationImpl.getCallerFrame()
04-03 19:45:46.750  6348  6348 W dex2oat : Method processed more than once: kotlin.coroutines.Continuation kotlin.coroutines.jvm.internal.BaseContinuationImpl.getCompletion()
04-03 19:45:46.750  6348  6348 W dex2oat : Method processed more than once: java.lang.StackTraceElement kotlin.coroutines.jvm.internal.BaseContinuationImpl.getStackTraceElement()
04-03 19:45:46.750  6348  6348 W dex2oat : Method processed more than once: void kotlin.coroutines.jvm.internal.BaseContinuationImpl.releaseIntercepted()
04-03 19:45:46.750  6348  6348 W dex2oat : Method processed more than once: void kotlin.coroutines.jvm.internal.BaseContinuationImpl.resumeWith(java.lang.Object)
04-03 19:45:46.750  6348  6348 W dex2oat : Method processed more than once: java.lang.String kotlin.coroutines.jvm.internal.BaseContinuationImpl.toString()
04-03 19:45:46.751  6348  6388 W dex2oat : Method processed more than once: void kotlin.coroutines.jvm.internal.ContinuationImpl.<init>(kotlin.coroutines.Continuation)
04-03 19:45:46.751  6348  6388 W dex2oat : Method processed more than once: void kotlin.coroutines.jvm.internal.ContinuationImpl.<init>(kotlin.coroutines.Continuation, kotlin.coroutines.CoroutineContext)
04-03 19:45:46.751  6348  6388 W dex2oat : Method processed more than once: kotlin.coroutines.CoroutineContext kotlin.coroutines.jvm.internal.ContinuationImpl.getContext()
04-03 19:45:46.751  6348  6388 W dex2oat : Method processed more than once: kotlin.coroutines.Continuation kotlin.coroutines.jvm.internal.ContinuationImpl.intercepted()
04-03 19:45:46.751  6348  6388 W dex2oat : Method processed more than once: void kotlin.coroutines.jvm.internal.ContinuationImpl.releaseIntercepted()
04-03 19:45:46.759  6348  6388 W dex2oat : Method processed more than once: void androidx.compose.runtime.Applier.access$apply$jd(androidx.compose.runtime.Applier, kotlin.jvm.functions.Function2, java.lang.Object)
04-03 19:45:46.759  6348  6388 W dex2oat : Method processed more than once: void androidx.compose.runtime.Applier.access$onBeginChanges$jd(androidx.compose.runtime.Applier)
04-03 19:45:46.759  6348  6388 W dex2oat : Method processed more than once: void androidx.compose.runtime.Applier.access$onEndChanges$jd(androidx.compose.runtime.Applier)
04-03 19:45:46.759  6348  6388 W dex2oat : Method processed more than once: void androidx.compose.runtime.Applier.access$reuse$jd(androidx.compose.runtime.Applier)
04-03 19:45:46.759  6348  6388 W dex2oat : Method processed more than once: void androidx.compose.runtime.Applier.apply(kotlin.jvm.functions.Function2, java.lang.Object)
04-03 19:45:46.760  6348  6388 W dex2oat : Method processed more than once: void androidx.compose.runtime.Applier.onBeginChanges()
04-03 19:45:46.760  6348  6388 W dex2oat : Method processed more than once: void androidx.compose.runtime.Applier.onEndChanges()
04-03 19:45:46.760  6348  6388 W dex2oat : Method processed more than once: void androidx.compose.runtime.Applier.reuse()
04-03 19:45:46.760  6348  6388 W dex2oat : Method processed more than once: void androidx.compose.runtime.AbstractApplier.<clinit>()
04-03 19:45:46.760  6348  6388 W dex2oat : Method processed more than once: void androidx.compose.runtime.AbstractApplier.<init>(java.lang.Object)
04-03 19:45:46.760  6348  6388 W dex2oat : Method processed more than once: void androidx.compose.runtime.AbstractApplier.clear()
04-03 19:45:46.760  6348  6388 W dex2oat : Method processed more than once: void androidx.compose.runtime.AbstractApplier.down(java.lang.Object)
04-03 19:45:46.760  6348  6388 W dex2oat : Method processed more than once: java.lang.Object androidx.compose.runtime.AbstractApplier.getCurrent()
04-03 19:45:46.760  6348  6388 W dex2oat : Method processed more than once: java.lang.Object androidx.compose.runtime.AbstractApplier.getRoot()
04-03 19:45:46.760  6348  6388 W dex2oat : Method processed more than once: void androidx.compose.runtime.AbstractApplier.move(java.util.List, int, int, int)
04-03 19:45:46.760  6348  6388 W dex2oat : Method processed more than once: void androidx.compose.runtime.AbstractApplier.remove(java.util.List, int, int)
04-03 19:45:46.760  6348  6388 W dex2oat : Method processed more than once: void androidx.compose.runtime.AbstractApplier.setCurrent(java.lang.Object)
04-03 19:45:46.760  6348  6388 W dex2oat : Method processed more than once: void androidx.compose.runtime.AbstractApplier.up()
04-03 19:45:46.766  6348  6388 W dex2oat : Method processed more than once: java.lang.Object androidx.compose.ui.input.nestedscroll.NestedScrollConnection.access$onPostFling-RZ2iAVY$jd(androidx.compose.ui.input.nestedscroll.NestedScrollConnection, long, long, kotlin.coroutines.Continuation)
04-03 19:45:46.766  6348  6388 W dex2oat : Method processed more than once: long androidx.compose.ui.input.nestedscroll.NestedScrollConnection.access$onPostScroll-DzOQY0M$jd(androidx.compose.ui.input.nestedscroll.NestedScrollConnection, long, long, int)
04-03 19:45:46.766  6348  6388 W dex2oat : Method processed more than once: java.lang.Object androidx.compose.ui.input.nestedscroll.NestedScrollConnection.access$onPreFling-QWom1Mo$jd(androidx.compose.ui.input.nestedscroll.NestedScrollConnection, long, kotlin.coroutines.Continuation)
04-03 19:45:46.766  6348  6388 W dex2oat : Method processed more than once: long androidx.compose.ui.input.nestedscroll.NestedScrollConnection.access$onPreScroll-OzD1aCk$jd(androidx.compose.ui.input.nestedscroll.NestedScrollConnection, long, int)
04-03 19:45:46.766  6348  6388 W dex2oat : Method processed more than once: java.lang.Object androidx.compose.ui.input.nestedscroll.NestedScrollConnection.onPostFling-RZ2iAVY$suspendImpl(androidx.compose.ui.input.nestedscroll.NestedScrollConnection, long, long, kotlin.coroutines.Continuation)
04-03 19:45:46.767  6348  6388 W dex2oat : Method processed more than once: java.lang.Object androidx.compose.ui.input.nestedscroll.NestedScrollConnection.onPreFling-QWom1Mo$suspendImpl(androidx.compose.ui.input.nestedscroll.NestedScrollConnection, long, kotlin.coroutines.Continuation)
04-03 19:45:46.767  6348  6388 W dex2oat : Method processed more than once: java.lang.Object androidx.compose.ui.input.nestedscroll.NestedScrollConnection.onPostFling-RZ2iAVY(long, long, kotlin.coroutines.Continuation)
04-03 19:45:46.767  6348  6388 W dex2oat : Method processed more than once: long androidx.compose.ui.input.nestedscroll.NestedScrollConnection.onPostScroll-DzOQY0M(long, long, int)
04-03 19:45:46.767  6348  6388 W dex2oat : Method processed more than once: java.lang.Object androidx.compose.ui.input.nestedscroll.NestedScrollConnection.onPreFling-QWom1Mo(long, kotlin.coroutines.Continuation)
04-03 19:45:46.767  6348  6388 W dex2oat : Method processed more than once: long androidx.compose.ui.input.nestedscroll.NestedScrollConnection.onPreScroll-OzD1aCk(long, int)
04-03 19:45:46.769  6348  6388 W dex2oat : Method processed more than once: void androidx.compose.ui.internal.PlatformOptimizedCancellationException.<clinit>()
04-03 19:45:46.769  6348  6388 W dex2oat : Method processed more than once: void androidx.compose.ui.internal.PlatformOptimizedCancellationException.<init>()
04-03 19:45:46.769  6348  6388 W dex2oat : Method processed more than once: void androidx.compose.ui.internal.PlatformOptimizedCancellationException.<init>(java.lang.String)
04-03 19:45:46.770  6348  6388 W dex2oat : Method processed more than once: void androidx.compose.ui.internal.PlatformOptimizedCancellationException.<init>(java.lang.String, int, kotlin.jvm.internal.DefaultConstructorMarker)
04-03 19:45:46.770  6348  6388 W dex2oat : Method processed more than once: java.lang.Throwable androidx.compose.ui.internal.PlatformOptimizedCancellationException.fillInStackTrace()
04-03 19:45:46.771  6348  6348 W dex2oat : Method processed more than once: long androidx.compose.ui.node.PointerInputModifierNode.getTouchBoundsExpansion-RZrCHBk()
04-03 19:45:46.771  6348  6348 W dex2oat : Method processed more than once: boolean androidx.compose.ui.node.PointerInputModifierNode.interceptOutOfBoundsChildEvents()
04-03 19:45:46.771  6348  6348 W dex2oat : Method processed more than once: void androidx.compose.ui.node.PointerInputModifierNode.onDensityChange()
04-03 19:45:46.771  6348  6348 W dex2oat : Method processed more than once: void androidx.compose.ui.node.PointerInputModifierNode.onViewConfigurationChange()
04-03 19:45:46.771  6348  6348 W dex2oat : Method processed more than once: boolean androidx.compose.ui.node.PointerInputModifierNode.sharePointerInputWithSiblings()
04-03 19:45:46.775  6348  6348 W dex2oat : Method processed more than once: void kotlin.coroutines.jvm.internal.RestrictedContinuationImpl.<init>(kotlin.coroutines.Continuation)
04-03 19:45:46.775  6348  6348 W dex2oat : Method processed more than once: kotlin.coroutines.CoroutineContext kotlin.coroutines.jvm.internal.RestrictedContinuationImpl.getContext()
04-03 19:45:46.775  6348  6348 W dex2oat : Method processed more than once: void kotlin.coroutines.jvm.internal.RestrictedSuspendLambda.<init>(int)
04-03 19:45:46.775  6348  6348 W dex2oat : Method processed more than once: void kotlin.coroutines.jvm.internal.RestrictedSuspendLambda.<init>(int, kotlin.coroutines.Continuation)
04-03 19:45:46.775  6348  6348 W dex2oat : Method processed more than once: int kotlin.coroutines.jvm.internal.RestrictedSuspendLambda.getArity()
04-03 19:45:46.775  6348  6348 W dex2oat : Method processed more than once: java.lang.String kotlin.coroutines.jvm.internal.RestrictedSuspendLambda.toString()
04-03 19:45:46.776  6348  6388 W dex2oat : Method processed more than once: void kotlin.coroutines.jvm.internal.SuspendLambda.<init>(int)
04-03 19:45:46.777  6348  6388 W dex2oat : Method processed more than once: void kotlin.coroutines.jvm.internal.SuspendLambda.<init>(int, kotlin.coroutines.Continuation)
04-03 19:45:46.777  6348  6388 W dex2oat : Method processed more than once: int kotlin.coroutines.jvm.internal.SuspendLambda.getArity()
04-03 19:45:46.777  6348  6388 W dex2oat : Method processed more than once: java.lang.String kotlin.coroutines.jvm.internal.SuspendLambda.toString()
04-03 19:45:46.780  6348  6388 W dex2oat : Method processed more than once: kotlin.jvm.functions.Function1 androidx.compose.ui.layout.MeasureResult.getRulers()
04-03 19:45:46.781  6348  6348 W dex2oat : Method processed more than once: boolean androidx.compose.ui.layout.ApproachLayoutModifierNode.isPlacementApproachInProgress(androidx.compose.ui.layout.Placeable$PlacementScope, androidx.compose.ui.layout.LayoutCoordinates)
04-03 19:45:46.781  6348  6387 W dex2oat : Method processed more than once: long androidx.compose.ui.layout.LookaheadScope.localLookaheadPositionOf-au-aQtc$default(androidx.compose.ui.layout.LookaheadScope, androidx.compose.ui.layout.LayoutCoordinates, androidx.compose.ui.layout.LayoutCoordinates, long, boolean, int, java.lang.Object)
04-03 19:45:46.781  6348  6348 W dex2oat : Method processed more than once: int androidx.compose.ui.layout.ApproachLayoutModifierNode.maxApproachIntrinsicHeight(androidx.compose.ui.layout.ApproachIntrinsicMeasureScope, androidx.compose.ui.layout.IntrinsicMeasurable, int)
04-03 19:45:46.781  6348  6348 W dex2oat : Method processed more than once: int androidx.compose.ui.layout.ApproachLayoutModifierNode.maxApproachIntrinsicWidth(androidx.compose.ui.layout.ApproachIntrinsicMeasureScope, androidx.compose.ui.layout.IntrinsicMeasurable, int)
