04-03 19:45:47.157  6348  6348 W dex2oat : Method processed more than once: void androidx.fragment.app.Fragment.startActivity(android.content.Intent, android.os.Bundle)
04-03 19:45:47.157  6348  6348 W dex2oat : Method processed more than once: void androidx.fragment.app.Fragment.startActivityForResult(android.content.Intent, int)
04-03 19:45:47.157  6348  6348 W dex2oat : Method processed more than once: void androidx.fragment.app.Fragment.startActivityForResult(android.content.Intent, int, android.os.Bundle)
04-03 19:45:47.157  6348  6348 W dex2oat : Method processed more than once: void androidx.fragment.app.Fragment.startIntentSenderForResult(android.content.IntentSender, int, android.content.Intent, int, int, int, android.os.Bundle)
04-03 19:45:47.157  6348  6348 W dex2oat : Method processed more than once: void androidx.fragment.app.Fragment.startPostponedEnterTransition()
04-03 19:45:47.158  6348  6348 W dex2oat : Method processed more than once: java.lang.String androidx.fragment.app.Fragment.toString()
04-03 19:45:47.158  6348  6348 W dex2oat : Method processed more than once: void androidx.fragment.app.Fragment.unregisterForContextMenu(android.view.View)
04-03 19:45:47.158  6348  6388 W dex2oat : Method processed more than once: void androidx.fragment.app.FragmentActivity.<init>()
04-03 19:45:47.158  6348  6388 W dex2oat : Method processed more than once: void androidx.fragment.app.FragmentActivity.<init>(int)
04-03 19:45:47.158  6348  6386 W dex2oat : Method processed more than once: void androidx.fragment.app.DialogFragment.<init>()
04-03 19:45:47.158  6348  6388 W dex2oat : Method processed more than once: void androidx.fragment.app.FragmentActivity.init()
04-03 19:45:47.158  6348  6386 W dex2oat : Method processed more than once: void androidx.fragment.app.DialogFragment.<init>(int)
04-03 19:45:47.158  6348  6388 W dex2oat : Method processed more than once: boolean androidx.fragment.app.FragmentActivity.markState(androidx.fragment.app.FragmentManager, androidx.lifecycle.Lifecycle$State)
04-03 19:45:47.158  6348  6388 W dex2oat : Method processed more than once: android.view.View androidx.fragment.app.FragmentActivity.dispatchFragmentsOnCreateView(android.view.View, java.lang.String, android.content.Context, android.util.AttributeSet)
04-03 19:45:47.158  6348  6388 W dex2oat : Method processed more than once: void androidx.fragment.app.FragmentActivity.dump(java.lang.String, java.io.FileDescriptor, java.io.PrintWriter, java.lang.String[])
04-03 19:45:47.158  6348  6388 W dex2oat : Method processed more than once: androidx.fragment.app.FragmentManager androidx.fragment.app.FragmentActivity.getSupportFragmentManager()
04-03 19:45:47.158  6348  6388 W dex2oat : Method processed more than once: androidx.loader.app.LoaderManager androidx.fragment.app.FragmentActivity.getSupportLoaderManager()
04-03 19:45:47.158  6348  6388 W dex2oat : Method processed more than once: android.os.Bundle androidx.fragment.app.FragmentActivity.lambda$init$0$androidx-fragment-app-FragmentActivity()
04-03 19:45:47.158  6348  6388 W dex2oat : Method processed more than once: void androidx.fragment.app.FragmentActivity.lambda$init$1$androidx-fragment-app-FragmentActivity(android.content.res.Configuration)
04-03 19:45:47.158  6348  6388 W dex2oat : Method processed more than once: void androidx.fragment.app.FragmentActivity.lambda$init$2$androidx-fragment-app-FragmentActivity(android.content.Intent)
04-03 19:45:47.158  6348  6388 W dex2oat : Method processed more than once: void androidx.fragment.app.FragmentActivity.lambda$init$3$androidx-fragment-app-FragmentActivity(android.content.Context)
04-03 19:45:47.159  6348  6388 W dex2oat : Method processed more than once: void androidx.fragment.app.FragmentActivity.markFragmentsCreated()
04-03 19:45:47.159  6348  6388 W dex2oat : Method processed more than once: void androidx.fragment.app.FragmentActivity.onActivityResult(int, int, android.content.Intent)
04-03 19:45:47.159  6348  6388 W dex2oat : Method processed more than once: void androidx.fragment.app.FragmentActivity.onAttachFragment(androidx.fragment.app.Fragment)
04-03 19:45:47.159  6348  6388 W dex2oat : Method processed more than once: void androidx.fragment.app.FragmentActivity.onCreate(android.os.Bundle)
04-03 19:45:47.159  6348  6388 W dex2oat : Method processed more than once: android.view.View androidx.fragment.app.FragmentActivity.onCreateView(android.view.View, java.lang.String, android.content.Context, android.util.AttributeSet)
04-03 19:45:47.159  6348  6388 W dex2oat : Method processed more than once: android.view.View androidx.fragment.app.FragmentActivity.onCreateView(java.lang.String, android.content.Context, android.util.AttributeSet)
04-03 19:45:47.159  6348  6386 W dex2oat : Method processed more than once: android.app.Dialog androidx.fragment.app.DialogFragment.access$000(androidx.fragment.app.DialogFragment)
04-03 19:45:47.159  6348  6386 W dex2oat : Method processed more than once: android.content.DialogInterface$OnDismissListener androidx.fragment.app.DialogFragment.access$100(androidx.fragment.app.DialogFragment)
04-03 19:45:47.159  6348  6386 W dex2oat : Method processed more than once: boolean androidx.fragment.app.DialogFragment.access$200(androidx.fragment.app.DialogFragment)
04-03 19:45:47.159  6348  6386 W dex2oat : Method processed more than once: void androidx.fragment.app.DialogFragment.dismissInternal(boolean, boolean, boolean)
04-03 19:45:47.159  6348  6388 W dex2oat : Method processed more than once: void androidx.fragment.app.FragmentActivity.onDestroy()
04-03 19:45:47.159  6348  6386 W dex2oat : Method processed more than once: void androidx.fragment.app.DialogFragment.prepareDialog(android.os.Bundle)
04-03 19:45:47.159  6348  6388 W dex2oat : Method processed more than once: boolean androidx.fragment.app.FragmentActivity.onMenuItemSelected(int, android.view.MenuItem)
04-03 19:45:47.160  6348  6388 W dex2oat : Method processed more than once: void androidx.fragment.app.FragmentActivity.onPause()
04-03 19:45:47.160  6348  6386 W dex2oat : Method processed more than once: androidx.fragment.app.FragmentContainer androidx.fragment.app.DialogFragment.createFragmentContainer()
04-03 19:45:47.160  6348  6386 W dex2oat : Method processed more than once: void androidx.fragment.app.DialogFragment.dismiss()
04-03 19:45:47.160  6348  6386 W dex2oat : Method processed more than once: void androidx.fragment.app.DialogFragment.dismissAllowingStateLoss()
04-03 19:45:47.160  6348  6386 W dex2oat : Method processed more than once: void androidx.fragment.app.DialogFragment.dismissNow()
04-03 19:45:47.160  6348  6388 W dex2oat : Method processed more than once: void androidx.fragment.app.FragmentActivity.onPostResume()
04-03 19:45:47.160  6348  6388 W dex2oat : Method processed more than once: void androidx.fragment.app.FragmentActivity.onRequestPermissionsResult(int, java.lang.String[], int[])
04-03 19:45:47.160  6348  6388 W dex2oat : Method processed more than once: void androidx.fragment.app.FragmentActivity.onResume()
04-03 19:45:47.160  6348  6388 W dex2oat : Method processed more than once: void androidx.fragment.app.FragmentActivity.onResumeFragments()
04-03 19:45:47.160  6348  6388 W dex2oat : Method processed more than once: void androidx.fragment.app.FragmentActivity.onStart()
04-03 19:45:47.160  6348  6386 W dex2oat : Method processed more than once: android.app.Dialog androidx.fragment.app.DialogFragment.getDialog()
04-03 19:45:47.160  6348  6386 W dex2oat : Method processed more than once: boolean androidx.fragment.app.DialogFragment.getShowsDialog()
04-03 19:45:47.161  6348  6386 W dex2oat : Method processed more than once: int androidx.fragment.app.DialogFragment.getTheme()
04-03 19:45:47.161  6348  6386 W dex2oat : Method processed more than once: boolean androidx.fragment.app.DialogFragment.isCancelable()
04-03 19:45:47.161  6348  6386 W dex2oat : Method processed more than once: void androidx.fragment.app.DialogFragment.onActivityCreated(android.os.Bundle)
04-03 19:45:47.161  6348  6386 W dex2oat : Method processed more than once: void androidx.fragment.app.DialogFragment.onAttach(android.content.Context)
04-03 19:45:47.161  6348  6386 W dex2oat : Method processed more than once: void androidx.fragment.app.DialogFragment.onCancel(android.content.DialogInterface)
04-03 19:45:47.161  6348  6388 W dex2oat : Method processed more than once: void androidx.fragment.app.FragmentActivity.onStateNotSaved()
04-03 19:45:47.161  6348  6388 W dex2oat : Method processed more than once: void androidx.fragment.app.FragmentActivity.onStop()
04-03 19:45:47.161  6348  6388 W dex2oat : Method processed more than once: void androidx.fragment.app.FragmentActivity.setEnterSharedElementCallback(androidx.core.app.SharedElementCallback)
04-03 19:45:47.161  6348  6388 W dex2oat : Method processed more than once: void androidx.fragment.app.FragmentActivity.setExitSharedElementCallback(androidx.core.app.SharedElementCallback)
04-03 19:45:47.161  6348  6388 W dex2oat : Method processed more than once: void androidx.fragment.app.FragmentActivity.startActivityFromFragment(androidx.fragment.app.Fragment, android.content.Intent, int)
04-03 19:45:47.161  6348  6388 W dex2oat : Method processed more than once: void androidx.fragment.app.FragmentActivity.startActivityFromFragment(androidx.fragment.app.Fragment, android.content.Intent, int, android.os.Bundle)
04-03 19:45:47.161  6348  6388 W dex2oat : Method processed more than once: void androidx.fragment.app.FragmentActivity.startIntentSenderFromFragment(androidx.fragment.app.Fragment, android.content.IntentSender, int, android.content.Intent, int, int, int, android.os.Bundle)
04-03 19:45:47.162  6348  6388 W dex2oat : Method processed more than once: void androidx.fragment.app.FragmentActivity.supportFinishAfterTransition()
04-03 19:45:47.162  6348  6388 W dex2oat : Method processed more than once: void androidx.fragment.app.FragmentActivity.supportInvalidateOptionsMenu()
04-03 19:45:47.162  6348  6388 W dex2oat : Method processed more than once: void androidx.fragment.app.FragmentActivity.supportPostponeEnterTransition()
04-03 19:45:47.162  6348  6388 W dex2oat : Method processed more than once: void androidx.fragment.app.FragmentActivity.supportStartPostponedEnterTransition()
04-03 19:45:47.162  6348  6388 W dex2oat : Method processed more than once: void androidx.fragment.app.FragmentActivity.validateRequestPermissionsRequestCode(int)
04-03 19:45:47.162  6348  6386 W dex2oat : Method processed more than once: void androidx.fragment.app.DialogFragment.onCreate(android.os.Bundle)
04-03 19:45:47.162  6348  6386 W dex2oat : Method processed more than once: android.app.Dialog androidx.fragment.app.DialogFragment.onCreateDialog(android.os.Bundle)
04-03 19:45:47.162  6348  6386 W dex2oat : Method processed more than once: void androidx.fragment.app.DialogFragment.onDestroyView()
04-03 19:45:47.162  6348  6386 W dex2oat : Method processed more than once: void androidx.fragment.app.DialogFragment.onDetach()
04-03 19:45:47.162  6348  6386 W dex2oat : Method processed more than once: void androidx.fragment.app.DialogFragment.onDismiss(android.content.DialogInterface)
04-03 19:45:47.162  6348  6386 W dex2oat : Method processed more than once: android.view.View androidx.fragment.app.DialogFragment.onFindViewById(int)
04-03 19:45:47.162  6348  6388 W dex2oat : Method processed more than once: void androidx.lifecycle.ViewModelProvider$Factory.<clinit>()
04-03 19:45:47.162  6348  6388 W dex2oat : Method processed more than once: androidx.lifecycle.ViewModelProvider$Factory androidx.lifecycle.ViewModelProvider$Factory.from(androidx.lifecycle.viewmodel.ViewModelInitializer[])
04-03 19:45:47.162  6348  6386 W dex2oat : Method processed more than once: android.view.LayoutInflater androidx.fragment.app.DialogFragment.onGetLayoutInflater(android.os.Bundle)
04-03 19:45:47.163  6348  6388 W dex2oat : Method processed more than once: androidx.lifecycle.ViewModel androidx.lifecycle.ViewModelProvider$Factory.create(java.lang.Class)
04-03 19:45:47.163  6348  6388 W dex2oat : Method processed more than once: androidx.lifecycle.ViewModel androidx.lifecycle.ViewModelProvider$Factory.create(java.lang.Class, androidx.lifecycle.viewmodel.CreationExtras)
04-03 19:45:47.163  6348  6386 W dex2oat : Method processed more than once: boolean androidx.fragment.app.DialogFragment.onHasView()
04-03 19:45:47.163  6348  6386 W dex2oat : Method processed more than once: void androidx.fragment.app.DialogFragment.onSaveInstanceState(android.os.Bundle)
04-03 19:45:47.163  6348  6388 W dex2oat : Method processed more than once: androidx.lifecycle.ViewModel androidx.lifecycle.ViewModelProvider$Factory.create(kotlin.reflect.KClass, androidx.lifecycle.viewmodel.CreationExtras)
04-03 19:45:47.163  6348  6386 W dex2oat : Method processed more than once: void androidx.fragment.app.DialogFragment.onStart()
04-03 19:45:47.163  6348  6386 W dex2oat : Method processed more than once: void androidx.fragment.app.DialogFragment.onStop()
04-03 19:45:47.163  6348  6386 W dex2oat : Method processed more than once: void androidx.fragment.app.DialogFragment.onViewStateRestored(android.os.Bundle)
04-03 19:45:47.163  6348  6386 W dex2oat : Method processed more than once: void androidx.fragment.app.DialogFragment.performCreateView(android.view.LayoutInflater, android.view.ViewGroup, android.os.Bundle)
04-03 19:45:47.163  6348  6386 W dex2oat : Method processed more than once: androidx.activity.ComponentDialog androidx.fragment.app.DialogFragment.requireComponentDialog()
04-03 19:45:47.163  6348  6386 W dex2oat : Method processed more than once: android.app.Dialog androidx.fragment.app.DialogFragment.requireDialog()
04-03 19:45:47.163  6348  6386 W dex2oat : Method processed more than once: void androidx.fragment.app.DialogFragment.setCancelable(boolean)
04-03 19:45:47.164  6348  6386 W dex2oat : Method processed more than once: void androidx.fragment.app.DialogFragment.setShowsDialog(boolean)
04-03 19:45:47.164  6348  6386 W dex2oat : Method processed more than once: void androidx.fragment.app.DialogFragment.setStyle(int, int)
04-03 19:45:47.164  6348  6386 W dex2oat : Method processed more than once: void androidx.fragment.app.DialogFragment.setupDialog(android.app.Dialog, int)
04-03 19:45:47.164  6348  6386 W dex2oat : Method processed more than once: int androidx.fragment.app.DialogFragment.show(androidx.fragment.app.FragmentTransaction, java.lang.String)
04-03 19:45:47.164  6348  6386 W dex2oat : Method processed more than once: void androidx.fragment.app.DialogFragment.show(androidx.fragment.app.FragmentManager, java.lang.String)
04-03 19:45:47.164  6348  6386 W dex2oat : Method processed more than once: void androidx.fragment.app.DialogFragment.showNow(androidx.fragment.app.FragmentManager, java.lang.String)
04-03 19:45:47.173  6348  6388 W dex2oat : Method processed more than once: java.lang.CharSequence kotlin.collections.AbstractCollection.$r8$lambda$B441ZGcCSKKTBFWtLUFnJDN9ccw(kotlin.collections.AbstractCollection, java.lang.Object)
04-03 19:45:47.173  6348  6388 W dex2oat : Method processed more than once: void kotlin.collections.AbstractCollection.<init>()
04-03 19:45:47.173  6348  6388 W dex2oat : Method processed more than once: java.lang.CharSequence kotlin.collections.AbstractCollection.toString$lambda$2(kotlin.collections.AbstractCollection, java.lang.Object)
04-03 19:45:47.173  6348  6388 W dex2oat : Method processed more than once: boolean kotlin.collections.AbstractCollection.add(java.lang.Object)
04-03 19:45:47.174  6348  6388 W dex2oat : Method processed more than once: boolean kotlin.collections.AbstractCollection.addAll(java.util.Collection)
04-03 19:45:47.174  6348  6388 W dex2oat : Method processed more than once: void kotlin.collections.AbstractCollection.clear()
04-03 19:45:47.174  6348  6388 W dex2oat : Method processed more than once: boolean kotlin.collections.AbstractCollection.contains(java.lang.Object)
04-03 19:45:47.174  6348  6388 W dex2oat : Method processed more than once: boolean kotlin.collections.AbstractCollection.containsAll(java.util.Collection)
04-03 19:45:47.174  6348  6388 W dex2oat : Method processed more than once: boolean kotlin.collections.AbstractCollection.isEmpty()
04-03 19:45:47.174  6348  6388 W dex2oat : Method processed more than once: boolean kotlin.collections.AbstractCollection.remove(java.lang.Object)
04-03 19:45:47.174  6348  6388 W dex2oat : Method processed more than once: boolean kotlin.collections.AbstractCollection.removeAll(java.util.Collection)
04-03 19:45:47.174  6348  6388 W dex2oat : Method processed more than once: boolean kotlin.collections.AbstractCollection.retainAll(java.util.Collection)
04-03 19:45:47.174  6348  6388 W dex2oat : Method processed more than once: int kotlin.collections.AbstractCollection.size()
04-03 19:45:47.174  6348  6388 W dex2oat : Method processed more than once: java.lang.Object[] kotlin.collections.AbstractCollection.toArray()
04-03 19:45:47.174  6348  6388 W dex2oat : Method processed more than once: java.lang.Object[] kotlin.collections.AbstractCollection.toArray(java.lang.Object[])
04-03 19:45:47.175  6348  6388 W dex2oat : Method processed more than once: java.lang.String kotlin.collections.AbstractCollection.toString()
04-03 19:45:47.175  6348  6388 W dex2oat : Method processed more than once: void kotlin.collections.AbstractList.<clinit>()
04-03 19:45:47.175  6348  6388 W dex2oat : Method processed more than once: void kotlin.collections.AbstractList.<init>()
04-03 19:45:47.175  6348  6388 W dex2oat : Method processed more than once: void kotlin.collections.AbstractList.add(int, java.lang.Object)
04-03 19:45:47.175  6348  6388 W dex2oat : Method processed more than once: boolean kotlin.collections.AbstractList.addAll(int, java.util.Collection)
04-03 19:45:47.175  6348  6388 W dex2oat : Method processed more than once: boolean kotlin.collections.AbstractList.equals(java.lang.Object)
04-03 19:45:47.175  6348  6388 W dex2oat : Method processed more than once: int kotlin.collections.AbstractList.hashCode()
04-03 19:45:47.175  6348  6388 W dex2oat : Method processed more than once: int kotlin.collections.AbstractList.indexOf(java.lang.Object)
04-03 19:45:47.175  6348  6388 W dex2oat : Method processed more than once: java.util.Iterator kotlin.collections.AbstractList.iterator()
04-03 19:45:47.175  6348  6388 W dex2oat : Method processed more than once: int kotlin.collections.AbstractList.lastIndexOf(java.lang.Object)
04-03 19:45:47.176  6348  6388 W dex2oat : Method processed more than once: java.util.ListIterator kotlin.collections.AbstractList.listIterator()
04-03 19:45:47.176  6348  6388 W dex2oat : Method processed more than once: java.util.ListIterator kotlin.collections.AbstractList.listIterator(int)
04-03 19:45:47.176  6348  6388 W dex2oat : Method processed more than once: java.lang.Object kotlin.collections.AbstractList.remove(int)
04-03 19:45:47.176  6348  6388 W dex2oat : Method processed more than once: java.lang.Object kotlin.collections.AbstractList.set(int, java.lang.Object)
04-03 19:45:47.176  6348  6388 W dex2oat : Method processed more than once: java.util.List kotlin.collections.AbstractList.subList(int, int)
04-03 19:45:47.193  6348  6387 W dex2oat : Method processed more than once: void androidx.media.AudioAttributesCompatParcelizer.<init>()
04-03 19:45:47.193  6348  6387 W dex2oat : Method processed more than once: androidx.media.AudioAttributesCompat androidx.media.AudioAttributesCompatParcelizer.read(androidx.versionedparcelable.VersionedParcel)
04-03 19:45:47.193  6348  6387 W dex2oat : Method processed more than once: void androidx.media.AudioAttributesCompatParcelizer.write(androidx.media.AudioAttributesCompat, androidx.versionedparcelable.VersionedParcel)
04-03 19:45:47.193  6348  6386 W dex2oat : Method processed more than once: void androidx.media.AudioAttributesImplApi21Parcelizer.<init>()
04-03 19:45:47.193  6348  6386 W dex2oat : Method processed more than once: androidx.media.AudioAttributesImplApi21 androidx.media.AudioAttributesImplApi21Parcelizer.read(androidx.versionedparcelable.VersionedParcel)
04-03 19:45:47.193  6348  6386 W dex2oat : Method processed more than once: void androidx.media.AudioAttributesImplApi21Parcelizer.write(androidx.media.AudioAttributesImplApi21, androidx.versionedparcelable.VersionedParcel)
04-03 19:45:47.193  6348  6386 W dex2oat : Method processed more than once: void androidx.media.AudioAttributesImplApi26Parcelizer.<init>()
04-03 19:45:47.193  6348  6386 W dex2oat : Method processed more than once: androidx.media.AudioAttributesImplApi26 androidx.media.AudioAttributesImplApi26Parcelizer.read(androidx.versionedparcelable.VersionedParcel)
04-03 19:45:47.194  6348  6386 W dex2oat : Method processed more than once: void androidx.media.AudioAttributesImplApi26Parcelizer.write(androidx.media.AudioAttributesImplApi26, androidx.versionedparcelable.VersionedParcel)
04-03 19:45:47.194  6348  6386 W dex2oat : Method processed more than once: void androidx.media.AudioAttributesImplBaseParcelizer.<init>()
04-03 19:45:47.194  6348  6386 W dex2oat : Method processed more than once: androidx.media.AudioAttributesImplBase androidx.media.AudioAttributesImplBaseParcelizer.read(androidx.versionedparcelable.VersionedParcel)
04-03 19:45:47.194  6348  6386 W dex2oat : Method processed more than once: void androidx.media.AudioAttributesImplBaseParcelizer.write(androidx.media.AudioAttributesImplBase, androidx.versionedparcelable.VersionedParcel)
04-03 19:45:47.197  6348  6387 W dex2oat : Method processed more than once: void androidx.media.VolumeProviderCompat$Callback.<init>()
04-03 19:45:47.825  6348  6348 I dex2oat : Explicit concurrent copying GC freed 34730(4MB) AllocSpace objects, 0(0B) LOS objects, 90% free, 158KB/1694KB, paused 628us total 3.464ms
04-03 19:45:48.027  6348  6390 W dex2oat : Method processed more than once: void androidx.navigationevent.NavigationEventInput.<init>()
04-03 19:45:48.027  6348  6390 W dex2oat : Method processed more than once: void androidx.navigationevent.NavigationEventInput.dispatchOnBackCancelled()
04-03 19:45:48.027  6348  6390 W dex2oat : Method processed more than once: void androidx.navigationevent.NavigationEventInput.dispatchOnBackCompleted()
04-03 19:45:48.027  6348  6390 W dex2oat : Method processed more than once: void androidx.navigationevent.NavigationEventInput.dispatchOnBackProgressed(androidx.navigationevent.NavigationEvent)
04-03 19:45:48.027  6348  6390 W dex2oat : Method processed more than once: void androidx.navigationevent.NavigationEventInput.dispatchOnBackStarted(androidx.navigationevent.NavigationEvent)
04-03 19:45:48.027  6348  6390 W dex2oat : Method processed more than once: void androidx.navigationevent.NavigationEventInput.dispatchOnForwardCancelled()
04-03 19:45:48.027  6348  6390 W dex2oat : Method processed more than once: void androidx.navigationevent.NavigationEventInput.dispatchOnForwardCompleted()
04-03 19:45:48.027  6348  6390 W dex2oat : Method processed more than once: void androidx.navigationevent.NavigationEventInput.dispatchOnForwardProgressed(androidx.navigationevent.NavigationEvent)
04-03 19:45:48.027  6348  6390 W dex2oat : Method processed more than once: void androidx.navigationevent.NavigationEventInput.dispatchOnForwardStarted(androidx.navigationevent.NavigationEvent)
04-03 19:45:48.027  6348  6390 W dex2oat : Method processed more than once: void androidx.navigationevent.NavigationEventInput.doOnAdded$navigationevent(androidx.navigationevent.NavigationEventDispatcher)
04-03 19:45:48.028  6348  6390 W dex2oat : Method processed more than once: void androidx.navigationevent.NavigationEventInput.doOnHasEnabledHandlersChanged$navigationevent(boolean)
04-03 19:45:48.028  6348  6390 W dex2oat : Method processed more than once: void androidx.navigationevent.NavigationEventInput.doOnHistoryChanged$navigationevent(androidx.navigationevent.NavigationEventHistory)
04-03 19:45:48.028  6348  6390 W dex2oat : Method processed more than once: void androidx.navigationevent.NavigationEventInput.doOnRemoved$navigationevent()
04-03 19:45:48.028  6348  6390 W dex2oat : Method processed more than once: androidx.navigationevent.NavigationEventDispatcher androidx.navigationevent.NavigationEventInput.getDispatcher$navigationevent()
04-03 19:45:48.028  6348  6390 W dex2oat : Method processed more than once: void androidx.navigationevent.NavigationEventInput.onAdded(androidx.navigationevent.NavigationEventDispatcher)
04-03 19:45:48.028  6348  6390 W dex2oat : Method processed more than once: void androidx.navigationevent.NavigationEventInput.onHasEnabledHandlersChanged(boolean)
04-03 19:45:48.028  6348  6390 W dex2oat : Method processed more than once: void androidx.navigationevent.NavigationEventInput.onHistoryChanged(androidx.navigationevent.NavigationEventHistory)
04-03 19:45:48.028  6348  6390 W dex2oat : Method processed more than once: void androidx.navigationevent.NavigationEventInput.onRemoved()
04-03 19:45:48.028  6348  6390 W dex2oat : Method processed more than once: void androidx.navigationevent.NavigationEventInput.setDispatcher$navigationevent(androidx.navigationevent.NavigationEventDispatcher)
04-03 19:45:48.029  6348  6389 W dex2oat : Method processed more than once: void androidx.navigationevent.NavigationEventHandler.<init>(androidx.navigationevent.NavigationEventInfo, boolean)
04-03 19:45:48.029  6348  6389 W dex2oat : Method processed more than once: void androidx.navigationevent.NavigationEventHandler.<init>(androidx.navigationevent.NavigationEventInfo, boolean, boolean)
04-03 19:45:48.029  6348  6389 W dex2oat : Method processed more than once: void androidx.navigationevent.NavigationEventHandler.setInfo$default(androidx.navigationevent.NavigationEventHandler, androidx.navigationevent.NavigationEventInfo, java.util.List, java.util.List, int, java.lang.Object)
04-03 19:45:48.029  6348  6389 W dex2oat : Method processed more than once: void androidx.navigationevent.NavigationEventHandler.doOnBackCancelled$navigationevent()
04-03 19:45:48.029  6348  6389 W dex2oat : Method processed more than once: void androidx.navigationevent.NavigationEventHandler.doOnBackCompleted$navigationevent()
04-03 19:45:48.029  6348  6389 W dex2oat : Method processed more than once: void androidx.navigationevent.NavigationEventHandler.doOnBackProgressed$navigationevent(androidx.navigationevent.NavigationEvent)
04-03 19:45:48.029  6348  6389 W dex2oat : Method processed more than once: void androidx.navigationevent.NavigationEventHandler.doOnBackStarted$navigationevent(androidx.navigationevent.NavigationEvent)
04-03 19:45:48.029  6348  6389 W dex2oat : Method processed more than once: void androidx.navigationevent.NavigationEventHandler.doOnForwardCancelled$navigationevent()
04-03 19:45:48.029  6348  6389 W dex2oat : Method processed more than once: void androidx.navigationevent.NavigationEventHandler.doOnForwardCompleted$navigationevent()
04-03 19:45:48.029  6348  6389 W dex2oat : Method processed more than once: void androidx.navigationevent.NavigationEventHandler.doOnForwardProgressed$navigationevent(androidx.navigationevent.NavigationEvent)
04-03 19:45:48.029  6348  6389 W dex2oat : Method processed more than once: void androidx.navigationevent.NavigationEventHandler.doOnForwardStarted$navigationevent(androidx.navigationevent.NavigationEvent)
04-03 19:45:48.029  6348  6389 W dex2oat : Method processed more than once: java.util.List androidx.navigationevent.NavigationEventHandler.getBackInfo()
04-03 19:45:48.029  6348  6389 W dex2oat : Method processed more than once: androidx.navigationevent.NavigationEventInfo androidx.navigationevent.NavigationEventHandler.getCurrentInfo()
04-03 19:45:48.030  6348  6389 W dex2oat : Method processed more than once: androidx.navigationevent.NavigationEventDispatcher androidx.navigationevent.NavigationEventHandler.getDispatcher$navigationevent()
04-03 19:45:48.030  6348  6389 W dex2oat : Method processed more than once: java.util.List androidx.navigationevent.NavigationEventHandler.getForwardInfo()
04-03 19:45:48.030  6348  6389 W dex2oat : Method processed more than once: androidx.navigationevent.NavigationEventTransitionState androidx.navigationevent.NavigationEventHandler.getTransitionState()
04-03 19:45:48.030  6348  6389 W dex2oat : Method processed more than once: boolean androidx.navigationevent.NavigationEventHandler.isBackEnabled()
04-03 19:45:48.030  6348  6389 W dex2oat : Method processed more than once: boolean androidx.navigationevent.NavigationEventHandler.isForwardEnabled()
04-03 19:45:48.030  6348  6390 W dex2oat : Method processed more than once: void androidx.navigationevent.NavigationEventInfo.<init>()
04-03 19:45:48.030  6348  6389 W dex2oat : Method processed more than once: void androidx.navigationevent.NavigationEventHandler.onBackCancelled()
04-03 19:45:48.030  6348  6389 W dex2oat : Method processed more than once: void androidx.navigationevent.NavigationEventHandler.onBackCompleted()
04-03 19:45:48.030  6348  6389 W dex2oat : Method processed more than once: void androidx.navigationevent.NavigationEventHandler.onBackProgressed(androidx.navigationevent.NavigationEvent)
04-03 19:45:48.030  6348  6389 W dex2oat : Method processed more than once: void androidx.navigationevent.NavigationEventHandler.onBackStarted(androidx.navigationevent.NavigationEvent)
04-03 19:45:48.030  6348  6389 W dex2oat : Method processed more than once: void androidx.navigationevent.NavigationEventHandler.onForwardCancelled()
04-03 19:45:48.030  6348  6389 W dex2oat : Method processed more than once: void androidx.navigationevent.NavigationEventHandler.onForwardCompleted()
04-03 19:45:48.030  6348  6389 W dex2oat : Method processed more than once: void androidx.navigationevent.NavigationEventHandler.onForwardProgressed(androidx.navigationevent.NavigationEvent)
04-03 19:45:48.030  6348  6389 W dex2oat : Method processed more than once: void androidx.navigationevent.NavigationEventHandler.onForwardStarted(androidx.navigationevent.NavigationEvent)
04-03 19:45:48.030  6348  6389 W dex2oat : Method processed more than once: void androidx.navigationevent.NavigationEventHandler.remove()
04-03 19:45:48.031  6348  6389 W dex2oat : Method processed more than once: void androidx.navigationevent.NavigationEventHandler.setBackEnabled(boolean)
04-03 19:45:48.031  6348  6389 W dex2oat : Method processed more than once: void androidx.navigationevent.NavigationEventHandler.setDispatcher$navigationevent(androidx.navigationevent.NavigationEventDispatcher)
04-03 19:45:48.031  6348  6389 W dex2oat : Method processed more than once: void androidx.navigationevent.NavigationEventHandler.setForwardEnabled(boolean)
04-03 19:45:48.031  6348  6389 W dex2oat : Method processed more than once: void androidx.navigationevent.NavigationEventHandler.setInfo(androidx.navigationevent.NavigationEventInfo)
04-03 19:45:48.031  6348  6389 W dex2oat : Method processed more than once: void androidx.navigationevent.NavigationEventHandler.setInfo(androidx.navigationevent.NavigationEventInfo, java.util.List)
04-03 19:45:48.031  6348  6389 W dex2oat : Method processed more than once: void androidx.navigationevent.NavigationEventHandler.setInfo(androidx.navigationevent.NavigationEventInfo, java.util.List, java.util.List)
04-03 19:45:48.065  6348  6391 W dex2oat : Method processed more than once: void androidx.room.EntityDeleteOrUpdateAdapter.<init>()
04-03 19:45:48.066  6348  6391 W dex2oat : Method processed more than once: int androidx.room.EntityDeleteOrUpdateAdapter.handle(androidx.sqlite.SQLiteConnection, java.lang.Object)
04-03 19:45:48.066  6348  6391 W dex2oat : Method processed more than once: int androidx.room.EntityDeleteOrUpdateAdapter.handleMultiple(androidx.sqlite.SQLiteConnection, java.lang.Iterable)
04-03 19:45:48.066  6348  6389 W dex2oat : Method processed more than once: void androidx.room.EntityInsertAdapter.<init>()
04-03 19:45:48.066  6348  6389 W dex2oat : Method processed more than once: void androidx.room.EntityInsertAdapter.insert(androidx.sqlite.SQLiteConnection, java.lang.Iterable)
04-03 19:45:48.066  6348  6389 W dex2oat : Method processed more than once: void androidx.room.EntityInsertAdapter.insert(androidx.sqlite.SQLiteConnection, java.lang.Object)
04-03 19:45:48.066  6348  6389 W dex2oat : Method processed more than once: void androidx.room.EntityInsertAdapter.insert(androidx.sqlite.SQLiteConnection, java.lang.Object[])
04-03 19:45:48.066  6348  6389 W dex2oat : Method processed more than once: long androidx.room.EntityInsertAdapter.insertAndReturnId(androidx.sqlite.SQLiteConnection, java.lang.Object)
04-03 19:45:48.066  6348  6391 W dex2oat : Method processed more than once: int androidx.room.EntityDeleteOrUpdateAdapter.handleMultiple(androidx.sqlite.SQLiteConnection, java.lang.Object[])
04-03 19:45:48.066  6348  6389 W dex2oat : Method processed more than once: long[] androidx.room.EntityInsertAdapter.insertAndReturnIdsArray(androidx.sqlite.SQLiteConnection, java.util.Collection)
04-03 19:45:48.066  6348  6389 W dex2oat : Method processed more than once: long[] androidx.room.EntityInsertAdapter.insertAndReturnIdsArray(androidx.sqlite.SQLiteConnection, java.lang.Object[])
04-03 19:45:48.067  6348  6389 W dex2oat : Method processed more than once: java.lang.Long[] androidx.room.EntityInsertAdapter.insertAndReturnIdsArrayBox(androidx.sqlite.SQLiteConnection, java.util.Collection)
04-03 19:45:48.067  6348  6389 W dex2oat : Method processed more than once: java.lang.Long[] androidx.room.EntityInsertAdapter.insertAndReturnIdsArrayBox(androidx.sqlite.SQLiteConnection, java.lang.Object[])
04-03 19:45:48.067  6348  6389 W dex2oat : Method processed more than once: java.util.List androidx.room.EntityInsertAdapter.insertAndReturnIdsList(androidx.sqlite.SQLiteConnection, java.util.Collection)
04-03 19:45:48.067  6348  6389 W dex2oat : Method processed more than once: java.util.List androidx.room.EntityInsertAdapter.insertAndReturnIdsList(androidx.sqlite.SQLiteConnection, java.lang.Object[])
04-03 19:45:48.068  6348  6391 W dex2oat : Method processed more than once: void kotlin.jvm.internal.CallableReference.<clinit>()
04-03 19:45:48.068  6348  6391 W dex2oat : Method processed more than once: void kotlin.jvm.internal.CallableReference.<init>()
04-03 19:45:48.068  6348  6391 W dex2oat : Method processed more than once: void kotlin.jvm.internal.CallableReference.<init>(java.lang.Object)
04-03 19:45:48.069  6348  6391 W dex2oat : Method processed more than once: void kotlin.jvm.internal.CallableReference.<init>(java.lang.Object, java.lang.Class, java.lang.String, java.lang.String, boolean)
04-03 19:45:48.069  6348  6391 W dex2oat : Method processed more than once: java.lang.Object kotlin.jvm.internal.CallableReference.call(java.lang.Object[])
04-03 19:45:48.069  6348  6391 W dex2oat : Method processed more than once: java.lang.Object kotlin.jvm.internal.CallableReference.callBy(java.util.Map)
04-03 19:45:48.069  6348  6391 W dex2oat : Method processed more than once: kotlin.reflect.KCallable kotlin.jvm.internal.CallableReference.compute()
04-03 19:45:48.069  6348  6391 W dex2oat : Method processed more than once: java.util.List kotlin.jvm.internal.CallableReference.getAnnotations()
04-03 19:45:48.069  6348  6391 W dex2oat : Method processed more than once: java.lang.Object kotlin.jvm.internal.CallableReference.getBoundReceiver()
04-03 19:45:48.069  6348  6391 W dex2oat : Method processed more than once: java.lang.String kotlin.jvm.internal.CallableReference.getName()
04-03 19:45:48.069  6348  6391 W dex2oat : Method processed more than once: kotlin.reflect.KDeclarationContainer kotlin.jvm.internal.CallableReference.getOwner()
04-03 19:45:48.069  6348  6391 W dex2oat : Method processed more than once: java.util.List kotlin.jvm.internal.CallableReference.getParameters()
04-03 19:45:48.069  6348  6391 W dex2oat : Method processed more than once: kotlin.reflect.KCallable kotlin.jvm.internal.CallableReference.getReflected()
04-03 19:45:48.070  6348  6391 W dex2oat : Method processed more than once: kotlin.reflect.KType kotlin.jvm.internal.CallableReference.getReturnType()
04-03 19:45:48.070  6348  6391 W dex2oat : Method processed more than once: java.lang.String kotlin.jvm.internal.CallableReference.getSignature()
04-03 19:45:48.070  6348  6391 W dex2oat : Method processed more than once: java.util.List kotlin.jvm.internal.CallableReference.getTypeParameters()
04-03 19:45:48.070  6348  6391 W dex2oat : Method processed more than once: kotlin.reflect.KVisibility kotlin.jvm.internal.CallableReference.getVisibility()
04-03 19:45:48.070  6348  6391 W dex2oat : Method processed more than once: boolean kotlin.jvm.internal.CallableReference.isAbstract()
04-03 19:45:48.070  6348  6391 W dex2oat : Method processed more than once: boolean kotlin.jvm.internal.CallableReference.isFinal()
04-03 19:45:48.070  6348  6391 W dex2oat : Method processed more than once: boolean kotlin.jvm.internal.CallableReference.isOpen()
04-03 19:45:48.070  6348  6391 W dex2oat : Method processed more than once: boolean kotlin.jvm.internal.CallableReference.isSuspend()
04-03 19:45:48.070  6348  6391 W dex2oat : Method processed more than once: void kotlin.jvm.internal.FunctionReference.<init>(int)
04-03 19:45:48.070  6348  6391 W dex2oat : Method processed more than once: void kotlin.jvm.internal.FunctionReference.<init>(int, java.lang.Object)
04-03 19:45:48.071  6348  6391 W dex2oat : Method processed more than once: void kotlin.jvm.internal.FunctionReference.<init>(int, java.lang.Object, java.lang.Class, java.lang.String, java.lang.String, int)
04-03 19:45:48.071  6348  6391 W dex2oat : Method processed more than once: kotlin.reflect.KCallable kotlin.jvm.internal.FunctionReference.computeReflected()
04-03 19:45:48.071  6348  6391 W dex2oat : Method processed more than once: boolean kotlin.jvm.internal.FunctionReference.equals(java.lang.Object)
04-03 19:45:48.071  6348  6391 W dex2oat : Method processed more than once: int kotlin.jvm.internal.FunctionReference.getArity()
04-03 19:45:48.071  6348  6391 W dex2oat : Method processed more than once: kotlin.reflect.KCallable kotlin.jvm.internal.FunctionReference.getReflected()
04-03 19:45:48.071  6348  6391 W dex2oat : Method processed more than once: kotlin.reflect.KFunction kotlin.jvm.internal.FunctionReference.getReflected()
04-03 19:45:48.071  6348  6391 W dex2oat : Method processed more than once: int kotlin.jvm.internal.FunctionReference.hashCode()
04-03 19:45:48.071  6348  6391 W dex2oat : Method processed more than once: boolean kotlin.jvm.internal.FunctionReference.isExternal()
04-03 19:45:48.072  6348  6391 W dex2oat : Method processed more than once: boolean kotlin.jvm.internal.FunctionReference.isInfix()
04-03 19:45:48.072  6348  6391 W dex2oat : Method processed more than once: boolean kotlin.jvm.internal.FunctionReference.isInline()
04-03 19:45:48.072  6348  6348 W dex2oat : Method processed more than once: void androidx.room.RoomOpenDelegate.<init>(int, java.lang.String, java.lang.String)
04-03 19:45:48.072  6348  6348 W dex2oat : Method processed more than once: java.lang.String androidx.room.RoomOpenDelegate.getIdentityHash()
04-03 19:45:48.072  6348  6348 W dex2oat : Method processed more than once: java.lang.String androidx.room.RoomOpenDelegate.getLegacyIdentityHash()
04-03 19:45:48.072  6348  6348 W dex2oat : Method processed more than once: int androidx.room.RoomOpenDelegate.getVersion()
04-03 19:45:48.072  6348  6391 W dex2oat : Method processed more than once: boolean kotlin.jvm.internal.FunctionReference.isOperator()
04-03 19:45:48.072  6348  6391 W dex2oat : Method processed more than once: boolean kotlin.jvm.internal.FunctionReference.isSuspend()
04-03 19:45:48.072  6348  6391 W dex2oat : Method processed more than once: java.lang.String kotlin.jvm.internal.FunctionReference.toString()
04-03 19:45:48.073  6348  6391 W dex2oat : Method processed more than once: void kotlin.jvm.internal.FunctionReferenceImpl.<init>(int, java.lang.Class, java.lang.String, java.lang.String, int)
04-03 19:45:48.073  6348  6391 W dex2oat : Method processed more than once: void kotlin.jvm.internal.FunctionReferenceImpl.<init>(int, java.lang.Object, java.lang.Class, java.lang.String, java.lang.String, int)
04-03 19:45:48.073  6348  6391 W dex2oat : Method processed more than once: void kotlin.jvm.internal.FunctionReferenceImpl.<init>(int, kotlin.reflect.KDeclarationContainer, java.lang.String, java.lang.String)
04-03 19:45:48.074  6348  6390 W dex2oat : Method processed more than once: java.lang.Object androidx.room.RoomDatabase.$r8$lambda$6MGYE43iSeDShiNg5-eYEczLGjs(kotlin.jvm.functions.Function0, androidx.sqlite.SQLiteConnection)
04-03 19:45:48.074  6348  6390 W dex2oat : Method processed more than once: java.lang.Object androidx.room.RoomDatabase.$r8$lambda$A2u6_8X-j1AdhDIbxnjbR7Trwkg(java.util.concurrent.Callable)
04-03 19:45:48.074  6348  6390 W dex2oat : Method processed more than once: androidx.sqlite.db.SupportSQLiteOpenHelper androidx.room.RoomDatabase.$r8$lambda$POcKqU42ARGeTbGQYNjzs2-OAdI(androidx.room.RoomDatabase, androidx.room.DatabaseConfiguration)
04-03 19:45:48.074  6348  6390 W dex2oat : Method processed more than once: kotlin.Unit androidx.room.RoomDatabase.$r8$lambda$bNnW08bMruDX4DuvntvGeRm0ICM(java.lang.Runnable)
04-03 19:45:48.074  6348  6390 W dex2oat : Method processed more than once: void androidx.room.RoomDatabase.<clinit>()
04-03 19:45:48.074  6348  6390 W dex2oat : Method processed more than once: void androidx.room.RoomDatabase.<init>()
04-03 19:45:48.074  6348  6390 W dex2oat : Method processed more than once: androidx.room.RoomConnectionManager androidx.room.RoomDatabase.access$getConnectionManager$p(androidx.room.RoomDatabase)
04-03 19:45:48.074  6348  6390 W dex2oat : Method processed more than once: void androidx.room.RoomDatabase.access$onClosed(androidx.room.RoomDatabase)
04-03 19:45:48.075  6348  6390 W dex2oat : Method processed more than once: androidx.sqlite.db.SupportSQLiteOpenHelper androidx.room.RoomDatabase.createConnectionManager$lambda$2(androidx.room.RoomDatabase, androidx.room.DatabaseConfiguration)
04-03 19:45:48.075  6348  6390 W dex2oat : Method processed more than once: void androidx.room.RoomDatabase.getMCallbacks$annotations()
04-03 19:45:48.075  6348  6390 W dex2oat : Method processed more than once: void androidx.room.RoomDatabase.getMDatabase$annotations()
04-03 19:45:48.075  6348  6390 W dex2oat : Method processed more than once: void androidx.room.RoomDatabase.internalBeginTransaction()
04-03 19:45:48.075  6348  6390 W dex2oat : Method processed more than once: void androidx.room.RoomDatabase.internalEndTransaction()
04-03 19:45:48.075  6348  6390 W dex2oat : Method processed more than once: boolean androidx.room.RoomDatabase.isThreadInSuspendingTransaction()
04-03 19:45:48.075  6348  6390 W dex2oat : Method processed more than once: void androidx.room.RoomDatabase.onClosed()
04-03 19:45:48.075  6348  6390 W dex2oat : Method processed more than once: android.database.Cursor androidx.room.RoomDatabase.query$default(androidx.room.RoomDatabase, androidx.sqlite.db.SupportSQLiteQuery, android.os.CancellationSignal, int, java.lang.Object)
04-03 19:45:48.075  6348  6390 W dex2oat : Method processed more than once: java.lang.Object androidx.room.RoomDatabase.runInTransaction(kotlin.jvm.functions.Function0)
04-03 19:45:48.075  6348  6390 W dex2oat : Method processed more than once: kotlin.Unit androidx.room.RoomDatabase.runInTransaction$lambda$10(java.lang.Runnable)
04-03 19:45:48.075  6348  6390 W dex2oat : Method processed more than once: java.lang.Object androidx.room.RoomDatabase.runInTransaction$lambda$11(java.util.concurrent.Callable)
04-03 19:45:48.075  6348  6390 W dex2oat : Method processed more than once: java.lang.Object androidx.room.RoomDatabase.runInTransaction$lambda$12(kotlin.jvm.functions.Function0, androidx.sqlite.SQLiteConnection)
04-03 19:45:48.075  6348  6390 W dex2oat : Method processed more than once: androidx.sqlite.db.SupportSQLiteOpenHelper androidx.room.RoomDatabase.unwrapOpenHelper(androidx.sqlite.db.SupportSQLiteOpenHelper)
04-03 19:45:48.075  6348  6390 W dex2oat : Method processed more than once: void androidx.room.RoomDatabase.addTypeConverter$room_runtime(kotlin.reflect.KClass, java.lang.Object)
04-03 19:45:48.075  6348  6390 W dex2oat : Method processed more than once: void androidx.room.RoomDatabase.assertNotMainThread()
04-03 19:45:48.075  6348  6390 W dex2oat : Method processed more than once: void androidx.room.RoomDatabase.assertNotSuspendingTransaction()
04-03 19:45:48.076  6348  6390 W dex2oat : Method processed more than once: void androidx.room.RoomDatabase.beginTransaction()
04-03 19:45:48.076  6348  6390 W dex2oat : Method processed more than once: void androidx.room.RoomDatabase.close()
04-03 19:45:48.076  6348  6390 W dex2oat : Method processed more than once: androidx.sqlite.db.SupportSQLiteStatement androidx.room.RoomDatabase.compileStatement(java.lang.String)
04-03 19:45:48.076  6348  6390 W dex2oat : Method processed more than once: java.util.List androidx.room.RoomDatabase.createAutoMigrations(java.util.Map)
04-03 19:45:48.076  6348  6390 W dex2oat : Method processed more than once: androidx.room.RoomConnectionManager androidx.room.RoomDatabase.createConnectionManager$room_runtime(androidx.room.DatabaseConfiguration)
04-03 19:45:48.076  6348  6390 W dex2oat : Method processed more than once: androidx.room.RoomOpenDelegateMarker androidx.room.RoomDatabase.createOpenDelegate()
04-03 19:45:48.076  6348  6390 W dex2oat : Method processed more than once: androidx.sqlite.db.SupportSQLiteOpenHelper androidx.room.RoomDatabase.createOpenHelper(androidx.room.DatabaseConfiguration)
04-03 19:45:48.076  6348  6390 W dex2oat : Method processed more than once: void androidx.room.RoomDatabase.endTransaction()
04-03 19:45:48.076  6348  6390 W dex2oat : Method processed more than once: java.util.List androidx.room.RoomDatabase.getAutoMigrations(java.util.Map)
04-03 19:45:48.076  6348  6390 W dex2oat : Method processed more than once: androidx.room.concurrent.CloseBarrier androidx.room.RoomDatabase.getCloseBarrier$room_runtime()
04-03 19:45:48.076  6348  6390 W dex2oat : Method processed more than once: kotlinx.coroutines.CoroutineScope androidx.room.RoomDatabase.getCoroutineScope()
04-03 19:45:48.076  6348  6390 W dex2oat : Method processed more than once: androidx.sqlite.SQLiteDriver androidx.room.RoomDatabase.getDriver()
04-03 19:45:48.076  6348  6390 W dex2oat : Method processed more than once: androidx.room.InvalidationTracker androidx.room.RoomDatabase.getInvalidationTracker()
04-03 19:45:48.076  6348  6390 W dex2oat : Method processed more than once: androidx.sqlite.db.SupportSQLiteOpenHelper androidx.room.RoomDatabase.getOpenHelper()
04-03 19:45:48.076  6348  6390 W dex2oat : Method processed more than once: java.lang.String androidx.room.RoomDatabase.getPath()
04-03 19:45:48.076  6348  6390 W dex2oat : Method processed more than once: kotlin.coroutines.CoroutineContext androidx.room.RoomDatabase.getQueryContext()
04-03 19:45:48.077  6348  6390 W dex2oat : Method processed more than once: java.util.concurrent.Executor androidx.room.RoomDatabase.getQueryExecutor()
04-03 19:45:48.077  6348  6390 W dex2oat : Method processed more than once: java.util.Set androidx.room.RoomDatabase.getRequiredAutoMigrationSpecClasses()
04-03 19:45:48.077  6348  6390 W dex2oat : Method processed more than once: java.util.Set androidx.room.RoomDatabase.getRequiredAutoMigrationSpecs()
04-03 19:45:48.077  6348  6390 W dex2oat : Method processed more than once: java.util.Map androidx.room.RoomDatabase.getRequiredTypeConverterClasses()
04-03 19:45:48.077  6348  6390 W dex2oat : Method processed more than once: java.util.Map androidx.room.RoomDatabase.getRequiredTypeConverterClassesMap$room_runtime()
04-03 19:45:48.077  6348  6390 W dex2oat : Method processed more than once: java.util.Map androidx.room.RoomDatabase.getRequiredTypeConverters()
04-03 19:45:48.077  6348  6390 W dex2oat : Method processed more than once: java.lang.ThreadLocal androidx.room.RoomDatabase.getSuspendingTransactionContext()
04-03 19:45:48.077  6348  6390 W dex2oat : Method processed more than once: kotlin.coroutines.CoroutineContext androidx.room.RoomDatabase.getTransactionContext$room_runtime()
04-03 19:45:48.077  6348  6390 W dex2oat : Method processed more than once: java.util.concurrent.Executor androidx.room.RoomDatabase.getTransactionExecutor()
04-03 19:45:48.077  6348  6390 W dex2oat : Method processed more than once: java.lang.Object androidx.room.RoomDatabase.getTypeConverter(java.lang.Class)
04-03 19:45:48.077  6348  6390 W dex2oat : Method processed more than once: java.lang.Object androidx.room.RoomDatabase.getTypeConverter(kotlin.reflect.KClass)
04-03 19:45:48.077  6348  6390 W dex2oat : Method processed more than once: boolean androidx.room.RoomDatabase.getUseTempTrackingTable$room_runtime()
04-03 19:45:48.077  6348  6390 W dex2oat : Method processed more than once: boolean androidx.room.RoomDatabase.inCompatibilityMode()
04-03 19:45:48.077  6348  6390 W dex2oat : Method processed more than once: boolean androidx.room.RoomDatabase.inTransaction()
04-03 19:45:48.078  6348  6390 W dex2oat : Method processed more than once: void androidx.room.RoomDatabase.init(androidx.room.DatabaseConfiguration)
04-03 19:45:48.078  6348  6390 W dex2oat : Method processed more than once: void androidx.room.RoomDatabase.internalInitInvalidationTracker(androidx.sqlite.SQLiteConnection)
04-03 19:45:48.078  6348  6390 W dex2oat : Method processed more than once: void androidx.room.RoomDatabase.internalInitInvalidationTracker(androidx.sqlite.db.SupportSQLiteDatabase)
04-03 19:45:48.078  6348  6390 W dex2oat : Method processed more than once: boolean androidx.room.RoomDatabase.isMainThread$room_runtime()
