--------- beginning of main
04-03 19:44:00.009  1644  1658 E memtrack: Couldn't load memtrack module
04-03 19:44:00.009  1644  1658 W android.os.Debug: failed to get memory consumption info: -1
04-03 19:44:00.018  1644  1658 E memtrack: Couldn't load memtrack module
04-03 19:44:00.018  1644  1658 W android.os.Debug: failed to get memory consumption info: -1
04-03 19:44:00.030  1644  1658 E memtrack: Couldn't load memtrack module
04-03 19:44:00.030  1644  1658 W android.os.Debug: failed to get memory consumption info: -1
04-03 19:44:00.040  1438  1460 D hwcomposer: hw_composer sent 6 syncs in 60s
04-03 19:44:39.728  1445  1445 I boot-pipe: done populating /dev/random
04-03 19:45:00.013  1644  1658 E memtrack: Couldn't load memtrack module
04-03 19:45:00.014  1644  1658 W android.os.Debug: failed to get memory consumption info: -1
04-03 19:45:00.022  1438  1460 D hwcomposer: hw_composer sent 6 syncs in 60s
04-03 19:45:00.023  1644  1658 E memtrack: Couldn't load memtrack module
04-03 19:45:00.024  1644  1658 W android.os.Debug: failed to get memory consumption info: -1
04-03 19:45:00.031  1644  1658 E memtrack: Couldn't load memtrack module
04-03 19:45:00.031  1644  1658 W android.os.Debug: failed to get memory consumption info: -1
04-03 19:45:00.039  1644  1658 E memtrack: Couldn't load memtrack module
04-03 19:45:00.040  1644  1658 W android.os.Debug: failed to get memory consumption info: -1
04-03 19:45:16.501  1644  5572 D WificondControl: Scan result ready event
04-03 19:45:36.492  6303  6303 E Parcel  : Reading a NULL string not supported here.
04-03 19:45:36.514  6303  6303 I chatty  : uid=2000(shell) service identical 10 lines
04-03 19:45:36.514  6303  6303 E Parcel  : Reading a NULL string not supported here.
04-03 19:45:36.518  1377  1377 E SELinux : avc:  denied  { find } for service=netd pid=6303 uid=2000 scontext=u:r:shell:s0 tcontext=u:object_r:netd_service:s0 tclass=service_manager permissive=0
04-03 19:45:36.529  6303  6303 W service : type=1400 audit(0.0:37): avc: denied { call } for scontext=u:r:shell:s0 tcontext=u:r:wificond:s0 tclass=binder permissive=0
04-03 19:45:36.546  1377  1377 E SELinux : avc:  denied  { find } for service=android.service.gatekeeper.IGateKeeperService pid=6303 uid=2000 scontext=u:r:shell:s0 tcontext=u:object_r:gatekeeper_service:s0 tclass=service_manager permissive=0
04-03 19:45:36.547  1377  1377 E SELinux : avc:  denied  { find } for service=installd pid=6303 uid=2000 scontext=u:r:shell:s0 tcontext=u:object_r:installd_service:s0 tclass=service_manager permissive=0
04-03 19:45:36.714  6309  6309 E Parcel  : Reading a NULL string not supported here.
04-03 19:45:36.743  6309  6309 I chatty  : uid=2000(shell) service identical 10 lines
04-03 19:45:36.743  6309  6309 E Parcel  : Reading a NULL string not supported here.
04-03 19:45:36.747  1377  1377 E SELinux : avc:  denied  { find } for service=netd pid=6309 uid=2000 scontext=u:r:shell:s0 tcontext=u:object_r:netd_service:s0 tclass=service_manager permissive=0
04-03 19:45:36.739  6309  6309 W service : type=1400 audit(0.0:38): avc: denied { call } for scontext=u:r:shell:s0 tcontext=u:r:wificond:s0 tclass=binder permissive=0
04-03 19:45:36.758  1377  1377 E SELinux : avc:  denied  { find } for service=android.service.gatekeeper.IGateKeeperService pid=6309 uid=2000 scontext=u:r:shell:s0 tcontext=u:object_r:gatekeeper_service:s0 tclass=service_manager permissive=0
04-03 19:45:36.760  1377  1377 E SELinux : avc:  denied  { find } for service=installd pid=6309 uid=2000 scontext=u:r:shell:s0 tcontext=u:object_r:installd_service:s0 tclass=service_manager permissive=0
04-03 19:45:38.835  6313  6313 D AndroidRuntime: >>>>>> START com.android.internal.os.RuntimeInit uid 2000 <<<<<<
04-03 19:45:38.838  6313  6313 W app_process: Could not reserve sentinel fault page
04-03 19:45:38.889  6313  6313 W app_process: Unexpected CPU variant for X86 using defaults: x86
04-03 19:45:38.891  6313  6313 I app_process: The ClassLoaderContext is a special shared library.
04-03 19:45:38.912  6313  6313 D AndroidRuntime: Calling main entry com.android.commands.content.Content
04-03 19:45:38.925  6313  6313 D AndroidRuntime: Shutting down VM
04-03 19:45:39.745  1445  1445 I boot-pipe: done populating /dev/random
04-03 19:45:44.040  1644  1671 I PackageManager.DexOptimizer: Running dexopt (dexoptNeeded=1) on: /data/app/com.nosferatu.launcher-vYtOx6FmCFoA6vwgE6GGXA==/base.apk pkg=com.nosferatu.launcher isa=x86 dexoptFlags=boot_complete,debuggable,public target-filter=quicken oatDir=/data/app/com.nosferatu.launcher-vYtOx6FmCFoA6vwgE6GGXA==/oat sharedLibraries=PCL[]
04-03 19:45:44.046  6348  6348 W dex2oat : Unexpected CPU variant for X86 using defaults: x86
04-03 19:45:44.046  6348  6348 W dex2oat : Mismatch between dex2oat instruction set features (ISA: X86 Feature string: -ssse3,-sse4.1,-sse4.2,-avx,-avx2,-popcnt) and those of dex2oat executable (ISA: X86 Feature string: ssse3,-sse4.1,-sse4.2,-avx,-avx2,-popcnt) for the command line:
04-03 19:45:44.046  6348  6348 W dex2oat : /system/bin/dex2oat --zip-fd=8 --zip-location=base.apk --input-vdex-fd=-1 --output-vdex-fd=10 --oat-fd=9 --oat-location=/data/app/com.nosferatu.launcher-vYtOx6FmCFoA6vwgE6GGXA==/oat/x86/base.odex --instruction-set=x86 --instruction-set-variant=x86 --instruction-set-features=default --runtime-arg -Xms64m --runtime-arg -Xmx512m --compiler-filter=quicken --swap-fd=11 --debuggable --classpath-dir=/data/app/com.nosferatu.launcher-vYtOx6FmCFoA6vwgE6GGXA== --class-loader-context=PCL[]
04-03 19:45:44.046  6348  6348 I dex2oat : /system/bin/dex2oat --input-vdex-fd=-1 --output-vdex-fd=10 --compiler-filter=quicken --debuggable --classpath-dir=/data/app/com.nosferatu.launcher-vYtOx6FmCFoA6vwgE6GGXA== --class-loader-context=PCL[]
04-03 19:45:45.094  6348  6348 I dex2oat : Large app, accepted running with swap.
04-03 19:45:46.256  6348  6348 I dex2oat : Explicit concurrent copying GC freed 51370(5MB) AllocSpace objects, 0(0B) LOS objects, 96% free, 57KB/1593KB, paused 551us total 3.004ms
04-03 19:45:46.277  6348  6348 I dex2oat : Explicit concurrent copying GC freed 1245(270KB) AllocSpace objects, 0(0B) LOS objects, 96% free, 59KB/1595KB, paused 558us total 2.324ms
04-03 19:45:46.285  6348  6348 I dex2oat : Explicit concurrent copying GC freed 281(61KB) AllocSpace objects, 0(0B) LOS objects, 96% free, 62KB/1598KB, paused 399us total 2.070ms
04-03 19:45:46.350  6348  6348 I dex2oat : Explicit concurrent copying GC freed 240(62KB) AllocSpace objects, 0(0B) LOS objects, 95% free, 64KB/1600KB, paused 294us total 2.613ms
04-03 19:45:46.353  6348  6362 W dex2oat : Method processed more than once: void kotlin.coroutines.jvm.internal.BaseContinuationImpl.<init>(kotlin.coroutines.Continuation)
04-03 19:45:46.353  6348  6362 W dex2oat : Method processed more than once: kotlin.coroutines.Continuation kotlin.coroutines.jvm.internal.BaseContinuationImpl.create(java.lang.Object, kotlin.coroutines.Continuation)
04-03 19:45:46.353  6348  6362 W dex2oat : Method processed more than once: kotlin.coroutines.Continuation kotlin.coroutines.jvm.internal.BaseContinuationImpl.create(kotlin.coroutines.Continuation)
04-03 19:45:46.353  6348  6362 W dex2oat : Method processed more than once: kotlin.coroutines.jvm.internal.CoroutineStackFrame kotlin.coroutines.jvm.internal.BaseContinuationImpl.getCallerFrame()
04-03 19:45:46.353  6348  6362 W dex2oat : Method processed more than once: kotlin.coroutines.Continuation kotlin.coroutines.jvm.internal.BaseContinuationImpl.getCompletion()
04-03 19:45:46.353  6348  6362 W dex2oat : Method processed more than once: java.lang.StackTraceElement kotlin.coroutines.jvm.internal.BaseContinuationImpl.getStackTraceElement()
04-03 19:45:46.353  6348  6362 W dex2oat : Method processed more than once: void kotlin.coroutines.jvm.internal.BaseContinuationImpl.releaseIntercepted()
04-03 19:45:46.354  6348  6362 W dex2oat : Method processed more than once: void kotlin.coroutines.jvm.internal.BaseContinuationImpl.resumeWith(java.lang.Object)
04-03 19:45:46.354  6348  6362 W dex2oat : Method processed more than once: java.lang.String kotlin.coroutines.jvm.internal.BaseContinuationImpl.toString()
04-03 19:45:46.354  6348  6362 W dex2oat : Method processed more than once: void kotlin.coroutines.jvm.internal.ContinuationImpl.<init>(kotlin.coroutines.Continuation)
04-03 19:45:46.354  6348  6362 W dex2oat : Method processed more than once: void kotlin.coroutines.jvm.internal.ContinuationImpl.<init>(kotlin.coroutines.Continuation, kotlin.coroutines.CoroutineContext)
04-03 19:45:46.354  6348  6362 W dex2oat : Method processed more than once: kotlin.coroutines.CoroutineContext kotlin.coroutines.jvm.internal.ContinuationImpl.getContext()
04-03 19:45:46.354  6348  6362 W dex2oat : Method processed more than once: kotlin.coroutines.Continuation kotlin.coroutines.jvm.internal.ContinuationImpl.intercepted()
04-03 19:45:46.354  6348  6362 W dex2oat : Method processed more than once: void kotlin.coroutines.jvm.internal.ContinuationImpl.releaseIntercepted()
04-03 19:45:46.355  6348  6363 W dex2oat : Method processed more than once: void kotlin.coroutines.jvm.internal.SuspendLambda.<init>(int)
04-03 19:45:46.355  6348  6363 W dex2oat : Method processed more than once: void kotlin.coroutines.jvm.internal.SuspendLambda.<init>(int, kotlin.coroutines.Continuation)
04-03 19:45:46.355  6348  6363 W dex2oat : Method processed more than once: int kotlin.coroutines.jvm.internal.SuspendLambda.getArity()
04-03 19:45:46.355  6348  6363 W dex2oat : Method processed more than once: java.lang.String kotlin.coroutines.jvm.internal.SuspendLambda.toString()
04-03 19:45:46.362  6348  6348 I dex2oat : Explicit concurrent copying GC freed 563(93KB) AllocSpace objects, 0(0B) LOS objects, 95% free, 66KB/1602KB, paused 262us total 1.413ms
04-03 19:45:46.365  6348  6348 W dex2oat : Method processed more than once: void kotlin.coroutines.jvm.internal.BaseContinuationImpl.<init>(kotlin.coroutines.Continuation)
04-03 19:45:46.365  6348  6348 W dex2oat : Method processed more than once: kotlin.coroutines.Continuation kotlin.coroutines.jvm.internal.BaseContinuationImpl.create(java.lang.Object, kotlin.coroutines.Continuation)
04-03 19:45:46.365  6348  6348 W dex2oat : Method processed more than once: kotlin.coroutines.Continuation kotlin.coroutines.jvm.internal.BaseContinuationImpl.create(kotlin.coroutines.Continuation)
04-03 19:45:46.365  6348  6348 W dex2oat : Method processed more than once: kotlin.coroutines.jvm.internal.CoroutineStackFrame kotlin.coroutines.jvm.internal.BaseContinuationImpl.getCallerFrame()
04-03 19:45:46.365  6348  6348 W dex2oat : Method processed more than once: kotlin.coroutines.Continuation kotlin.coroutines.jvm.internal.BaseContinuationImpl.getCompletion()
04-03 19:45:46.365  6348  6348 W dex2oat : Method processed more than once: java.lang.StackTraceElement kotlin.coroutines.jvm.internal.BaseContinuationImpl.getStackTraceElement()
04-03 19:45:46.365  6348  6348 W dex2oat : Method processed more than once: void kotlin.coroutines.jvm.internal.BaseContinuationImpl.releaseIntercepted()
04-03 19:45:46.365  6348  6348 W dex2oat : Method processed more than once: void kotlin.coroutines.jvm.internal.BaseContinuationImpl.resumeWith(java.lang.Object)
04-03 19:45:46.366  6348  6348 W dex2oat : Method processed more than once: java.lang.String kotlin.coroutines.jvm.internal.BaseContinuationImpl.toString()
04-03 19:45:46.366  6348  6348 W dex2oat : Method processed more than once: void kotlin.coroutines.jvm.internal.ContinuationImpl.<init>(kotlin.coroutines.Continuation)
04-03 19:45:46.366  6348  6348 W dex2oat : Method processed more than once: void kotlin.coroutines.jvm.internal.ContinuationImpl.<init>(kotlin.coroutines.Continuation, kotlin.coroutines.CoroutineContext)
04-03 19:45:46.366  6348  6348 W dex2oat : Method processed more than once: kotlin.coroutines.CoroutineContext kotlin.coroutines.jvm.internal.ContinuationImpl.getContext()
04-03 19:45:46.366  6348  6348 W dex2oat : Method processed more than once: kotlin.coroutines.Continuation kotlin.coroutines.jvm.internal.ContinuationImpl.intercepted()
04-03 19:45:46.366  6348  6348 W dex2oat : Method processed more than once: void kotlin.coroutines.jvm.internal.ContinuationImpl.releaseIntercepted()
04-03 19:45:46.366  6348  6348 W dex2oat : Method processed more than once: void kotlin.coroutines.jvm.internal.SuspendLambda.<init>(int)
04-03 19:45:46.366  6348  6348 W dex2oat : Method processed more than once: void kotlin.coroutines.jvm.internal.SuspendLambda.<init>(int, kotlin.coroutines.Continuation)
04-03 19:45:46.366  6348  6348 W dex2oat : Method processed more than once: int kotlin.coroutines.jvm.internal.SuspendLambda.getArity()
04-03 19:45:46.366  6348  6348 W dex2oat : Method processed more than once: java.lang.String kotlin.coroutines.jvm.internal.SuspendLambda.toString()
04-03 19:45:46.370  6348  6348 W dex2oat : Method processed more than once: void androidx.core.app.ComponentActivity.<init>()
04-03 19:45:46.370  6348  6348 W dex2oat : Method processed more than once: void androidx.core.app.ComponentActivity.getExtraDataMap$annotations()
04-03 19:45:46.370  6348  6348 W dex2oat : Method processed more than once: void androidx.core.app.ComponentActivity.getLifecycleRegistry$annotations()
04-03 19:45:46.370  6348  6348 W dex2oat : Method processed more than once: boolean androidx.core.app.ComponentActivity.shouldSkipDump(java.lang.String[])
04-03 19:45:46.370  6348  6348 W dex2oat : Method processed more than once: boolean androidx.core.app.ComponentActivity.dispatchKeyEvent(android.view.KeyEvent)
04-03 19:45:46.370  6348  6348 W dex2oat : Method processed more than once: boolean androidx.core.app.ComponentActivity.dispatchKeyShortcutEvent(android.view.KeyEvent)
04-03 19:45:46.370  6348  6348 W dex2oat : Method processed more than once: androidx.core.app.ComponentActivity$ExtraData androidx.core.app.ComponentActivity.getExtraData(java.lang.Class)
04-03 19:45:46.370  6348  6348 W dex2oat : Method processed more than once: androidx.lifecycle.Lifecycle androidx.core.app.ComponentActivity.getLifecycle()
04-03 19:45:46.370  6348  6348 W dex2oat : Method processed more than once: void androidx.core.app.ComponentActivity.onCreate(android.os.Bundle)
04-03 19:45:46.371  6348  6348 W dex2oat : Method processed more than once: void androidx.core.app.ComponentActivity.onSaveInstanceState(android.os.Bundle)
04-03 19:45:46.371  6348  6348 W dex2oat : Method processed more than once: void androidx.core.app.ComponentActivity.putExtraData(androidx.core.app.ComponentActivity$ExtraData)
04-03 19:45:46.371  6348  6348 W dex2oat : Method processed more than once: boolean androidx.core.app.ComponentActivity.shouldDumpInternalState(java.lang.String[])
04-03 19:45:46.371  6348  6348 W dex2oat : Method processed more than once: boolean androidx.core.app.ComponentActivity.superDispatchKeyEvent(android.view.KeyEvent)
04-03 19:45:46.371  6348  6348 W dex2oat : Method processed more than once: androidx.lifecycle.viewmodel.CreationExtras androidx.lifecycle.HasDefaultViewModelProviderFactory.getDefaultViewModelCreationExtras()
04-03 19:45:46.371  6348  6348 W dex2oat : Method processed more than once: void androidx.activity.ComponentActivity.$r8$lambda$54BeH8ZsB-ru0CXI2CCSP2syNys(androidx.activity.ComponentActivity, androidx.lifecycle.LifecycleOwner, androidx.lifecycle.Lifecycle$Event)
04-03 19:45:46.371  6348  6348 W dex2oat : Method processed more than once: void androidx.activity.ComponentActivity.$r8$lambda$7IJBVrN0sHyidCAZufWEJFc7-yY(androidx.activity.ComponentActivity, androidx.activity.OnBackPressedDispatcher)
04-03 19:45:46.371  6348  6348 W dex2oat : Method processed more than once: androidx.activity.OnBackPressedDispatcher androidx.activity.ComponentActivity.$r8$lambda$7aWCLmlNPTirEoC8eOYg0rEvmus(androidx.activity.ComponentActivity)
04-03 19:45:46.371  6348  6348 W dex2oat : Method processed more than once: androidx.lifecycle.SavedStateViewModelFactory androidx.activity.ComponentActivity.$r8$lambda$G6Thfp3wAqF9QgDIJrKyBT1uzss(androidx.activity.ComponentActivity)
04-03 19:45:46.371  6348  6348 W dex2oat : Method processed more than once: android.os.Bundle androidx.activity.ComponentActivity.$r8$lambda$QUUwrpYSdd6n6dD7wrAaa0S4oXg(androidx.activity.ComponentActivity)
04-03 19:45:46.371  6348  6348 W dex2oat : Method processed more than once: void androidx.activity.ComponentActivity.$r8$lambda$XCwb6u5X87zpWrZW4Zmu6tsKQC8(androidx.activity.OnBackPressedDispatcher, androidx.activity.ComponentActivity, androidx.lifecycle.LifecycleOwner, androidx.lifecycle.Lifecycle$Event)
04-03 19:45:46.371  6348  6348 W dex2oat : Method processed more than once: androidx.activity.FullyDrawnReporter androidx.activity.ComponentActivity.$r8$lambda$Xj9c8VIP9DfEvaTmZt0ejAuC4a4(androidx.activity.ComponentActivity)
04-03 19:45:46.371  6348  6348 W dex2oat : Method processed more than once: void androidx.activity.ComponentActivity.$r8$lambda$cI7dwLT0wnPzJ9a3oRpjgUF1USM(androidx.activity.ComponentActivity)
04-03 19:45:46.371  6348  6348 W dex2oat : Method processed more than once: androidx.navigationevent.DirectNavigationEventInput androidx.activity.ComponentActivity.$r8$lambda$g6d1IyBXWIL5aeSAzXsZMVuYCQs(androidx.activity.ComponentActivity)
04-03 19:45:46.371  6348  6348 W dex2oat : Method processed more than once: void androidx.activity.ComponentActivity.$r8$lambda$h6vvr6zUWA2U1fE-0KsKpOgpr28(androidx.activity.ComponentActivity, androidx.lifecycle.LifecycleOwner, androidx.lifecycle.Lifecycle$Event)
04-03 19:45:46.371  6348  6348 W dex2oat : Method processed more than once: void androidx.activity.ComponentActivity.$r8$lambda$vCwjfXDiSGcirCy4I008VOiJ_lw(androidx.activity.ComponentActivity)
04-03 19:45:46.372  6348  6348 W dex2oat : Method processed more than once: kotlin.Unit androidx.activity.ComponentActivity.$r8$lambda$wJ5MHcSJed_CjC7r4OWD0UxyJsQ(androidx.activity.ComponentActivity)
04-03 19:45:46.372  6348  6348 W dex2oat : Method processed more than once: void androidx.activity.ComponentActivity.$r8$lambda$yPQlaAoRiY-RJ3IY_TqzUUTrVH0(androidx.activity.ComponentActivity, android.content.Context)
04-03 19:45:46.372  6348  6348 W dex2oat : Method processed more than once: void androidx.activity.ComponentActivity.<clinit>()
04-03 19:45:46.372  6348  6348 W dex2oat : Method processed more than once: void androidx.activity.ComponentActivity.<init>()
04-03 19:45:46.372  6348  6348 W dex2oat : Method processed more than once: void androidx.activity.ComponentActivity.<init>(int)
04-03 19:45:46.372  6348  6348 W dex2oat : Method processed more than once: void androidx.activity.ComponentActivity._init_$lambda$1(androidx.activity.ComponentActivity, androidx.lifecycle.LifecycleOwner, androidx.lifecycle.Lifecycle$Event)
04-03 19:45:46.372  6348  6348 W dex2oat : Method processed more than once: void androidx.activity.ComponentActivity._init_$lambda$2(androidx.activity.ComponentActivity, androidx.lifecycle.LifecycleOwner, androidx.lifecycle.Lifecycle$Event)
04-03 19:45:46.372  6348  6348 W dex2oat : Method processed more than once: android.os.Bundle androidx.activity.ComponentActivity._init_$lambda$3(androidx.activity.ComponentActivity)
04-03 19:45:46.372  6348  6348 W dex2oat : Method processed more than once: void androidx.activity.ComponentActivity._init_$lambda$4(androidx.activity.ComponentActivity, android.content.Context)
04-03 19:45:46.372  6348  6348 W dex2oat : Method processed more than once: void androidx.activity.ComponentActivity.access$ensureViewModelStore(androidx.activity.ComponentActivity)
04-03 19:45:46.372  6348  6348 W dex2oat : Method processed more than once: void androidx.activity.ComponentActivity.addObserverForBackInvoker(androidx.activity.OnBackPressedDispatcher)
04-03 19:45:46.372  6348  6348 W dex2oat : Method processed more than once: void androidx.activity.ComponentActivity.addObserverForBackInvoker$lambda$0(androidx.activity.OnBackPressedDispatcher, androidx.activity.ComponentActivity, androidx.lifecycle.LifecycleOwner, androidx.lifecycle.Lifecycle$Event)
04-03 19:45:46.372  6348  6348 W dex2oat : Method processed more than once: androidx.activity.ComponentActivity$ReportFullyDrawnExecutor androidx.activity.ComponentActivity.createFullyDrawnExecutor()
04-03 19:45:46.373  6348  6348 W dex2oat : Method processed more than once: androidx.lifecycle.SavedStateViewModelFactory androidx.activity.ComponentActivity.defaultViewModelProviderFactory_delegate$lambda$0(androidx.activity.ComponentActivity)
04-03 19:45:46.374  6348  6348 W dex2oat : Method processed more than once: void androidx.activity.ComponentActivity.ensureViewModelStore()
04-03 19:45:46.374  6348  6348 W dex2oat : Method processed more than once: androidx.activity.FullyDrawnReporter androidx.activity.ComponentActivity.fullyDrawnReporter_delegate$lambda$0(androidx.activity.ComponentActivity)
04-03 19:45:46.374  6348  6348 W dex2oat : Method processed more than once: kotlin.Unit androidx.activity.ComponentActivity.fullyDrawnReporter_delegate$lambda$0$0(androidx.activity.ComponentActivity)
04-03 19:45:46.374  6348  6348 W dex2oat : Method processed more than once: androidx.navigationevent.DirectNavigationEventInput androidx.activity.ComponentActivity.getOnBackPressedInput()
04-03 19:45:46.374  6348  6348 W dex2oat : Method processed more than once: void androidx.activity.ComponentActivity.getSavedStateRegistryController$annotations()
04-03 19:45:46.374  6348  6348 W dex2oat : Method processed more than once: void androidx.activity.ComponentActivity.menuHostHelper$lambda$0(androidx.activity.ComponentActivity)
04-03 19:45:46.374  6348  6348 W dex2oat : Method processed more than once: androidx.activity.OnBackPressedDispatcher androidx.activity.ComponentActivity.onBackPressedDispatcher_delegate$lambda$0(androidx.activity.ComponentActivity)
04-03 19:45:46.374  6348  6348 W dex2oat : Method processed more than once: void androidx.activity.ComponentActivity.onBackPressedDispatcher_delegate$lambda$0$0(androidx.activity.ComponentActivity)
04-03 19:45:46.374  6348  6348 W dex2oat : Method processed more than once: void androidx.activity.ComponentActivity.onBackPressedDispatcher_delegate$lambda$0$1$0(androidx.activity.ComponentActivity, androidx.activity.OnBackPressedDispatcher)
04-03 19:45:46.375  6348  6348 W dex2oat : Method processed more than once: androidx.navigationevent.DirectNavigationEventInput androidx.activity.ComponentActivity.onBackPressedInput_delegate$lambda$0(androidx.activity.ComponentActivity)
04-03 19:45:46.375  6348  6348 W dex2oat : Method processed more than once: void androidx.activity.ComponentActivity.addContentView(android.view.View, android.view.ViewGroup$LayoutParams)
04-03 19:45:46.375  6348  6348 W dex2oat : Method processed more than once: void androidx.activity.ComponentActivity.addMenuProvider(androidx.core.view.MenuProvider)
04-03 19:45:46.375  6348  6348 W dex2oat : Method processed more than once: void androidx.activity.ComponentActivity.addMenuProvider(androidx.core.view.MenuProvider, androidx.lifecycle.LifecycleOwner)
04-03 19:45:46.375  6348  6348 W dex2oat : Method processed more than once: void androidx.activity.ComponentActivity.addMenuProvider(androidx.core.view.MenuProvider, androidx.lifecycle.LifecycleOwner, androidx.lifecycle.Lifecycle$State)
04-03 19:45:46.375  6348  6348 W dex2oat : Method processed more than once: void androidx.activity.ComponentActivity.addOnConfigurationChangedListener(androidx.core.util.Consumer)
04-03 19:45:46.375  6348  6348 W dex2oat : Method processed more than once: void androidx.activity.ComponentActivity.addOnContextAvailableListener(androidx.activity.contextaware.OnContextAvailableListener)
04-03 19:45:46.375  6348  6348 W dex2oat : Method processed more than once: void androidx.activity.ComponentActivity.addOnMultiWindowModeChangedListener(androidx.core.util.Consumer)
04-03 19:45:46.375  6348  6348 W dex2oat : Method processed more than once: void androidx.activity.ComponentActivity.addOnNewIntentListener(androidx.core.util.Consumer)
04-03 19:45:46.375  6348  6348 W dex2oat : Method processed more than once: void androidx.activity.ComponentActivity.addOnPictureInPictureModeChangedListener(androidx.core.util.Consumer)
04-03 19:45:46.375  6348  6348 W dex2oat : Method processed more than once: void androidx.activity.ComponentActivity.addOnTrimMemoryListener(androidx.core.util.Consumer)
04-03 19:45:46.375  6348  6348 W dex2oat : Method processed more than once: void androidx.activity.ComponentActivity.addOnUserLeaveHintListener(java.lang.Runnable)
04-03 19:45:46.375  6348  6348 W dex2oat : Method processed more than once: androidx.activity.result.ActivityResultRegistry androidx.activity.ComponentActivity.getActivityResultRegistry()
04-03 19:45:46.376  6348  6348 W dex2oat : Method processed more than once: androidx.lifecycle.viewmodel.CreationExtras androidx.activity.ComponentActivity.getDefaultViewModelCreationExtras()
04-03 19:45:46.376  6348  6348 W dex2oat : Method processed more than once: androidx.lifecycle.ViewModelProvider$Factory androidx.activity.ComponentActivity.getDefaultViewModelProviderFactory()
04-03 19:45:46.376  6348  6348 W dex2oat : Method processed more than once: androidx.activity.FullyDrawnReporter androidx.activity.ComponentActivity.getFullyDrawnReporter()
04-03 19:45:46.376  6348  6348 W dex2oat : Method processed more than once: java.lang.Object androidx.activity.ComponentActivity.getLastCustomNonConfigurationInstance()
04-03 19:45:46.376  6348  6348 W dex2oat : Method processed more than once: androidx.lifecycle.Lifecycle androidx.activity.ComponentActivity.getLifecycle()
04-03 19:45:46.376  6348  6348 W dex2oat : Method processed more than once: androidx.navigationevent.NavigationEventDispatcher androidx.activity.ComponentActivity.getNavigationEventDispatcher()
04-03 19:45:46.376  6348  6348 W dex2oat : Method processed more than once: androidx.activity.OnBackPressedDispatcher androidx.activity.ComponentActivity.getOnBackPressedDispatcher()
04-03 19:45:46.376  6348  6348 W dex2oat : Method processed more than once: androidx.savedstate.SavedStateRegistry androidx.activity.ComponentActivity.getSavedStateRegistry()
04-03 19:45:46.376  6348  6348 W dex2oat : Method processed more than once: androidx.lifecycle.ViewModelStore androidx.activity.ComponentActivity.getViewModelStore()
04-03 19:45:46.376  6348  6348 W dex2oat : Method processed more than once: void androidx.activity.ComponentActivity.initializeViewTreeOwners()
04-03 19:45:46.376  6348  6348 W dex2oat : Method processed more than once: void androidx.activity.ComponentActivity.invalidateMenu()
04-03 19:45:46.376  6348  6348 W dex2oat : Method processed more than once: void androidx.activity.ComponentActivity.onActivityResult(int, int, android.content.Intent)
04-03 19:45:46.376  6348  6348 W dex2oat : Method processed more than once: void androidx.activity.ComponentActivity.onBackPressed()
04-03 19:45:46.376  6348  6348 W dex2oat : Method processed more than once: void androidx.activity.ComponentActivity.onConfigurationChanged(android.content.res.Configuration)
04-03 19:45:46.377  6348  6348 W dex2oat : Method processed more than once: void androidx.activity.ComponentActivity.onCreate(android.os.Bundle)
04-03 19:45:46.377  6348  6348 W dex2oat : Method processed more than once: boolean androidx.activity.ComponentActivity.onCreatePanelMenu(int, android.view.Menu)
04-03 19:45:46.377  6348  6348 W dex2oat : Method processed more than once: boolean androidx.activity.ComponentActivity.onMenuItemSelected(int, android.view.MenuItem)
04-03 19:45:46.377  6348  6348 W dex2oat : Method processed more than once: void androidx.activity.ComponentActivity.onMultiWindowModeChanged(boolean)
04-03 19:45:46.377  6348  6348 W dex2oat : Method processed more than once: void androidx.activity.ComponentActivity.onMultiWindowModeChanged(boolean, android.content.res.Configuration)
04-03 19:45:46.377  6348  6348 W dex2oat : Method processed more than once: void androidx.activity.ComponentActivity.onNewIntent(android.content.Intent)
04-03 19:45:46.377  6348  6348 W dex2oat : Method processed more than once: void androidx.activity.ComponentActivity.onPanelClosed(int, android.view.Menu)
04-03 19:45:46.377  6348  6348 W dex2oat : Method processed more than once: void androidx.activity.ComponentActivity.onPictureInPictureModeChanged(boolean)
04-03 19:45:46.377  6348  6348 W dex2oat : Method processed more than once: void androidx.activity.ComponentActivity.onPictureInPictureModeChanged(boolean, android.content.res.Configuration)
04-03 19:45:46.377  6348  6348 W dex2oat : Method processed more than once: boolean androidx.activity.ComponentActivity.onPreparePanel(int, android.view.View, android.view.Menu)
04-03 19:45:46.377  6348  6348 W dex2oat : Method processed more than once: void androidx.activity.ComponentActivity.onRequestPermissionsResult(int, java.lang.String[], int[])
04-03 19:45:46.377  6348  6348 W dex2oat : Method processed more than once: java.lang.Object androidx.activity.ComponentActivity.onRetainCustomNonConfigurationInstance()
04-03 19:45:46.378  6348  6348 W dex2oat : Method processed more than once: java.lang.Object androidx.activity.ComponentActivity.onRetainNonConfigurationInstance()
04-03 19:45:46.378  6348  6348 W dex2oat : Method processed more than once: void androidx.activity.ComponentActivity.onSaveInstanceState(android.os.Bundle)
04-03 19:45:46.378  6348  6348 W dex2oat : Method processed more than once: void androidx.activity.ComponentActivity.onTrimMemory(int)
04-03 19:45:46.378  6348  6348 W dex2oat : Method processed more than once: void androidx.activity.ComponentActivity.onUserLeaveHint()
04-03 19:45:46.378  6348  6348 W dex2oat : Method processed more than once: android.content.Context androidx.activity.ComponentActivity.peekAvailableContext()
04-03 19:45:46.378  6348  6348 W dex2oat : Method processed more than once: androidx.activity.result.ActivityResultLauncher androidx.activity.ComponentActivity.registerForActivityResult(androidx.activity.result.contract.ActivityResultContract, androidx.activity.result.ActivityResultCallback)
04-03 19:45:46.378  6348  6348 W dex2oat : Method processed more than once: androidx.activity.result.ActivityResultLauncher androidx.activity.ComponentActivity.registerForActivityResult(androidx.activity.result.contract.ActivityResultContract, androidx.activity.result.ActivityResultRegistry, androidx.activity.result.ActivityResultCallback)
04-03 19:45:46.378  6348  6348 W dex2oat : Method processed more than once: void androidx.activity.ComponentActivity.removeMenuProvider(androidx.core.view.MenuProvider)
04-03 19:45:46.378  6348  6348 W dex2oat : Method processed more than once: void androidx.activity.ComponentActivity.removeOnConfigurationChangedListener(androidx.core.util.Consumer)
04-03 19:45:46.378  6348  6348 W dex2oat : Method processed more than once: void androidx.activity.ComponentActivity.removeOnContextAvailableListener(androidx.activity.contextaware.OnContextAvailableListener)
04-03 19:45:46.378  6348  6348 W dex2oat : Method processed more than once: void androidx.activity.ComponentActivity.removeOnMultiWindowModeChangedListener(androidx.core.util.Consumer)
04-03 19:45:46.378  6348  6348 W dex2oat : Method processed more than once: void androidx.activity.ComponentActivity.removeOnNewIntentListener(androidx.core.util.Consumer)
04-03 19:45:46.378  6348  6348 W dex2oat : Method processed more than once: void androidx.activity.ComponentActivity.removeOnPictureInPictureModeChangedListener(androidx.core.util.Consumer)
04-03 19:45:46.378  6348  6348 W dex2oat : Method processed more than once: void androidx.activity.ComponentActivity.removeOnTrimMemoryListener(androidx.core.util.Consumer)
04-03 19:45:46.379  6348  6348 W dex2oat : Method processed more than once: void androidx.activity.ComponentActivity.removeOnUserLeaveHintListener(java.lang.Runnable)
04-03 19:45:46.379  6348  6348 W dex2oat : Method processed more than once: void androidx.activity.ComponentActivity.reportFullyDrawn()
04-03 19:45:46.379  6348  6348 W dex2oat : Method processed more than once: void androidx.activity.ComponentActivity.setContentView(int)
04-03 19:45:46.379  6348  6348 W dex2oat : Method processed more than once: void androidx.activity.ComponentActivity.setContentView(android.view.View)
04-03 19:45:46.379  6348  6348 W dex2oat : Method processed more than once: void androidx.activity.ComponentActivity.setContentView(android.view.View, android.view.ViewGroup$LayoutParams)
04-03 19:45:46.379  6348  6348 W dex2oat : Method processed more than once: void androidx.activity.ComponentActivity.startActivityForResult(android.content.Intent, int)
04-03 19:45:46.379  6348  6348 W dex2oat : Method processed more than once: void androidx.activity.ComponentActivity.startActivityForResult(android.content.Intent, int, android.os.Bundle)
04-03 19:45:46.379  6348  6348 W dex2oat : Method processed more than once: void androidx.activity.ComponentActivity.startIntentSenderForResult(android.content.IntentSender, int, android.content.Intent, int, int, int)
04-03 19:45:46.379  6348  6348 W dex2oat : Method processed more than once: void androidx.activity.ComponentActivity.startIntentSenderForResult(android.content.IntentSender, int, android.content.Intent, int, int, int, android.os.Bundle)
04-03 19:45:46.379  6348  6348 W dex2oat : Method processed more than once: void androidx.fragment.app.FragmentActivity.<init>()
04-03 19:45:46.379  6348  6348 W dex2oat : Method processed more than once: void androidx.fragment.app.FragmentActivity.<init>(int)
04-03 19:45:46.379  6348  6348 W dex2oat : Method processed more than once: void androidx.fragment.app.FragmentActivity.init()
04-03 19:45:46.380  6348  6348 W dex2oat : Method processed more than once: boolean androidx.fragment.app.FragmentActivity.markState(androidx.fragment.app.FragmentManager, androidx.lifecycle.Lifecycle$State)
04-03 19:45:46.380  6348  6348 W dex2oat : Method processed more than once: android.view.View androidx.fragment.app.FragmentActivity.dispatchFragmentsOnCreateView(android.view.View, java.lang.String, android.content.Context, android.util.AttributeSet)
04-03 19:45:46.380  6348  6348 W dex2oat : Method processed more than once: void androidx.fragment.app.FragmentActivity.dump(java.lang.String, java.io.FileDescriptor, java.io.PrintWriter, java.lang.String[])
04-03 19:45:46.380  6348  6348 W dex2oat : Method processed more than once: androidx.fragment.app.FragmentManager androidx.fragment.app.FragmentActivity.getSupportFragmentManager()
04-03 19:45:46.380  6348  6348 W dex2oat : Method processed more than once: androidx.loader.app.LoaderManager androidx.fragment.app.FragmentActivity.getSupportLoaderManager()
04-03 19:45:46.380  6348  6348 W dex2oat : Method processed more than once: android.os.Bundle androidx.fragment.app.FragmentActivity.lambda$init$0$androidx-fragment-app-FragmentActivity()
04-03 19:45:46.380  6348  6348 W dex2oat : Method processed more than once: void androidx.fragment.app.FragmentActivity.lambda$init$1$androidx-fragment-app-FragmentActivity(android.content.res.Configuration)
04-03 19:45:46.380  6348  6348 W dex2oat : Method processed more than once: void androidx.fragment.app.FragmentActivity.lambda$init$2$androidx-fragment-app-FragmentActivity(android.content.Intent)
04-03 19:45:46.380  6348  6348 W dex2oat : Method processed more than once: void androidx.fragment.app.FragmentActivity.lambda$init$3$androidx-fragment-app-FragmentActivity(android.content.Context)
04-03 19:45:46.380  6348  6348 W dex2oat : Method processed more than once: void androidx.fragment.app.FragmentActivity.markFragmentsCreated()
04-03 19:45:46.380  6348  6348 W dex2oat : Method processed more than once: void androidx.fragment.app.FragmentActivity.onActivityResult(int, int, android.content.Intent)
04-03 19:45:46.380  6348  6348 W dex2oat : Method processed more than once: void androidx.fragment.app.FragmentActivity.onAttachFragment(androidx.fragment.app.Fragment)
04-03 19:45:46.380  6348  6348 W dex2oat : Method processed more than once: void androidx.fragment.app.FragmentActivity.onCreate(android.os.Bundle)
04-03 19:45:46.381  6348  6348 W dex2oat : Method processed more than once: android.view.View androidx.fragment.app.FragmentActivity.onCreateView(android.view.View, java.lang.String, android.content.Context, android.util.AttributeSet)
04-03 19:45:46.381  6348  6348 W dex2oat : Method processed more than once: android.view.View androidx.fragment.app.FragmentActivity.onCreateView(java.lang.String, android.content.Context, android.util.AttributeSet)
04-03 19:45:46.381  6348  6348 W dex2oat : Method processed more than once: void androidx.fragment.app.FragmentActivity.onDestroy()
04-03 19:45:46.381  6348  6348 W dex2oat : Method processed more than once: boolean androidx.fragment.app.FragmentActivity.onMenuItemSelected(int, android.view.MenuItem)
04-03 19:45:46.381  6348  6348 W dex2oat : Method processed more than once: void androidx.fragment.app.FragmentActivity.onPause()
04-03 19:45:46.381  6348  6348 W dex2oat : Method processed more than once: void androidx.fragment.app.FragmentActivity.onPostResume()
04-03 19:45:46.381  6348  6348 W dex2oat : Method processed more than once: void androidx.fragment.app.FragmentActivity.onRequestPermissionsResult(int, java.lang.String[], int[])
04-03 19:45:46.381  6348  6348 W dex2oat : Method processed more than once: void androidx.fragment.app.FragmentActivity.onResume()
04-03 19:45:46.381  6348  6348 W dex2oat : Method processed more than once: void androidx.fragment.app.FragmentActivity.onResumeFragments()
04-03 19:45:46.381  6348  6348 W dex2oat : Method processed more than once: void androidx.fragment.app.FragmentActivity.onStart()
04-03 19:45:46.381  6348  6348 W dex2oat : Method processed more than once: void androidx.fragment.app.FragmentActivity.onStateNotSaved()
04-03 19:45:46.381  6348  6348 W dex2oat : Method processed more than once: void androidx.fragment.app.FragmentActivity.onStop()
04-03 19:45:46.381  6348  6348 W dex2oat : Method processed more than once: void androidx.fragment.app.FragmentActivity.setEnterSharedElementCallback(androidx.core.app.SharedElementCallback)
04-03 19:45:46.381  6348  6348 W dex2oat : Method processed more than once: void androidx.fragment.app.FragmentActivity.setExitSharedElementCallback(androidx.core.app.SharedElementCallback)
04-03 19:45:46.382  6348  6348 W dex2oat : Method processed more than once: void androidx.fragment.app.FragmentActivity.startActivityFromFragment(androidx.fragment.app.Fragment, android.content.Intent, int)
04-03 19:45:46.382  6348  6348 W dex2oat : Method processed more than once: void androidx.fragment.app.FragmentActivity.startActivityFromFragment(androidx.fragment.app.Fragment, android.content.Intent, int, android.os.Bundle)
04-03 19:45:46.382  6348  6348 W dex2oat : Method processed more than once: void androidx.fragment.app.FragmentActivity.startIntentSenderFromFragment(androidx.fragment.app.Fragment, android.content.IntentSender, int, android.content.Intent, int, int, int, android.os.Bundle)
04-03 19:45:46.382  6348  6348 W dex2oat : Method processed more than once: void androidx.fragment.app.FragmentActivity.supportFinishAfterTransition()
04-03 19:45:46.382  6348  6348 W dex2oat : Method processed more than once: void androidx.fragment.app.FragmentActivity.supportInvalidateOptionsMenu()
04-03 19:45:46.382  6348  6348 W dex2oat : Method processed more than once: void androidx.fragment.app.FragmentActivity.supportPostponeEnterTransition()
04-03 19:45:46.382  6348  6348 W dex2oat : Method processed more than once: void androidx.fragment.app.FragmentActivity.supportStartPostponedEnterTransition()
04-03 19:45:46.382  6348  6348 W dex2oat : Method processed more than once: void androidx.fragment.app.FragmentActivity.validateRequestPermissionsRequestCode(int)
04-03 19:45:46.382  6348  6348 W dex2oat : Method processed more than once: void androidx.appcompat.app.AppCompatActivity.<init>()
04-03 19:45:46.382  6348  6348 W dex2oat : Method processed more than once: void androidx.appcompat.app.AppCompatActivity.<init>(int)
04-03 19:45:46.382  6348  6348 W dex2oat : Method processed more than once: void androidx.appcompat.app.AppCompatActivity.initDelegate()
04-03 19:45:46.382  6348  6348 W dex2oat : Method processed more than once: boolean androidx.appcompat.app.AppCompatActivity.performMenuItemShortcut(android.view.KeyEvent)
04-03 19:45:46.383  6348  6348 W dex2oat : Method processed more than once: void androidx.appcompat.app.AppCompatActivity.addContentView(android.view.View, android.view.ViewGroup$LayoutParams)
04-03 19:45:46.383  6348  6348 W dex2oat : Method processed more than once: void androidx.appcompat.app.AppCompatActivity.attachBaseContext(android.content.Context)
04-03 19:45:46.383  6348  6348 W dex2oat : Method processed more than once: void androidx.appcompat.app.AppCompatActivity.closeOptionsMenu()
04-03 19:45:46.383  6348  6348 W dex2oat : Method processed more than once: boolean androidx.appcompat.app.AppCompatActivity.dispatchKeyEvent(android.view.KeyEvent)
04-03 19:45:46.383  6348  6348 W dex2oat : Method processed more than once: android.view.View androidx.appcompat.app.AppCompatActivity.findViewById(int)
04-03 19:45:46.383  6348  6348 W dex2oat : Method processed more than once: androidx.appcompat.app.AppCompatDelegate androidx.appcompat.app.AppCompatActivity.getDelegate()
04-03 19:45:46.383  6348  6348 W dex2oat : Method processed more than once: androidx.appcompat.app.ActionBarDrawerToggle$Delegate androidx.appcompat.app.AppCompatActivity.getDrawerToggleDelegate()
04-03 19:45:46.383  6348  6348 W dex2oat : Method processed more than once: android.view.MenuInflater androidx.appcompat.app.AppCompatActivity.getMenuInflater()
04-03 19:45:46.383  6348  6348 W dex2oat : Method processed more than once: android.content.res.Resources androidx.appcompat.app.AppCompatActivity.getResources()
04-03 19:45:46.383  6348  6348 W dex2oat : Method processed more than once: androidx.appcompat.app.ActionBar androidx.appcompat.app.AppCompatActivity.getSupportActionBar()
04-03 19:45:46.383  6348  6348 W dex2oat : Method processed more than once: android.content.Intent androidx.appcompat.app.AppCompatActivity.getSupportParentActivityIntent()
04-03 19:45:46.384  6348  6348 W dex2oat : Method processed more than once: void androidx.appcompat.app.AppCompatActivity.invalidateOptionsMenu()
04-03 19:45:46.384  6348  6348 W dex2oat : Method processed more than once: void androidx.appcompat.app.AppCompatActivity.onConfigurationChanged(android.content.res.Configuration)
04-03 19:45:46.384  6348  6348 W dex2oat : Method processed more than once: void androidx.appcompat.app.AppCompatActivity.onContentChanged()
04-03 19:45:46.384  6348  6348 W dex2oat : Method processed more than once: void androidx.appcompat.app.AppCompatActivity.onCreateSupportNavigateUpTaskStack(androidx.core.app.TaskStackBuilder)
04-03 19:45:46.384  6348  6348 W dex2oat : Method processed more than once: void androidx.appcompat.app.AppCompatActivity.onDestroy()
04-03 19:45:46.384  6348  6348 W dex2oat : Method processed more than once: boolean androidx.appcompat.app.AppCompatActivity.onKeyDown(int, android.view.KeyEvent)
04-03 19:45:46.384  6348  6348 W dex2oat : Method processed more than once: void androidx.appcompat.app.AppCompatActivity.onLocalesChanged(androidx.core.os.LocaleListCompat)
04-03 19:45:46.384  6348  6348 W dex2oat : Method processed more than once: boolean androidx.appcompat.app.AppCompatActivity.onMenuItemSelected(int, android.view.MenuItem)
04-03 19:45:46.384  6348  6348 W dex2oat : Method processed more than once: boolean androidx.appcompat.app.AppCompatActivity.onMenuOpened(int, android.view.Menu)
04-03 19:45:46.384  6348  6348 W dex2oat : Method processed more than once: void androidx.appcompat.app.AppCompatActivity.onNightModeChanged(int)
04-03 19:45:46.384  6348  6348 W dex2oat : Method processed more than once: void androidx.appcompat.app.AppCompatActivity.onPanelClosed(int, android.view.Menu)
04-03 19:45:46.384  6348  6348 W dex2oat : Method processed more than once: void androidx.appcompat.app.AppCompatActivity.onPostCreate(android.os.Bundle)
04-03 19:45:46.384  6348  6348 W dex2oat : Method processed more than once: void androidx.appcompat.app.AppCompatActivity.onPostResume()
04-03 19:45:46.384  6348  6348 W dex2oat : Method processed more than once: void androidx.appcompat.app.AppCompatActivity.onPrepareSupportNavigateUpTaskStack(androidx.core.app.TaskStackBuilder)
04-03 19:45:46.385  6348  6348 W dex2oat : Method processed more than once: void androidx.appcompat.app.AppCompatActivity.onStart()
04-03 19:45:46.385  6348  6348 W dex2oat : Method processed more than once: void androidx.appcompat.app.AppCompatActivity.onStop()
04-03 19:45:46.385  6348  6348 W dex2oat : Method processed more than once: void androidx.appcompat.app.AppCompatActivity.onSupportActionModeFinished(androidx.appcompat.view.ActionMode)
04-03 19:45:46.385  6348  6348 W dex2oat : Method processed more than once: void androidx.appcompat.app.AppCompatActivity.onSupportActionModeStarted(androidx.appcompat.view.ActionMode)
04-03 19:45:46.385  6348  6348 W dex2oat : Method processed more than once: void androidx.appcompat.app.AppCompatActivity.onSupportContentChanged()
04-03 19:45:46.385  6348  6348 W dex2oat : Method processed more than once: boolean androidx.appcompat.app.AppCompatActivity.onSupportNavigateUp()
04-03 19:45:46.385  6348  6348 W dex2oat : Method processed more than once: void androidx.appcompat.app.AppCompatActivity.onTitleChanged(java.lang.CharSequence, int)
04-03 19:45:46.385  6348  6348 W dex2oat : Method processed more than once: androidx.appcompat.view.ActionMode androidx.appcompat.app.AppCompatActivity.onWindowStartingSupportActionMode(androidx.appcompat.view.ActionMode$Callback)
04-03 19:45:46.385  6348  6348 W dex2oat : Method processed more than once: void androidx.appcompat.app.AppCompatActivity.openOptionsMenu()
04-03 19:45:46.385  6348  6348 W dex2oat : Method processed more than once: void androidx.appcompat.app.AppCompatActivity.setContentView(int)
04-03 19:45:46.385  6348  6348 W dex2oat : Method processed more than once: void androidx.appcompat.app.AppCompatActivity.setContentView(android.view.View)
04-03 19:45:46.385  6348  6348 W dex2oat : Method processed more than once: void androidx.appcompat.app.AppCompatActivity.setContentView(android.view.View, android.view.ViewGroup$LayoutParams)
04-03 19:45:46.386  6348  6348 W dex2oat : Method processed more than once: void androidx.appcompat.app.AppCompatActivity.setSupportActionBar(androidx.appcompat.widget.Toolbar)
04-03 19:45:46.386  6348  6348 W dex2oat : Method processed more than once: void androidx.appcompat.app.AppCompatActivity.setSupportProgress(int)
04-03 19:45:46.386  6348  6348 W dex2oat : Method processed more than once: void androidx.appcompat.app.AppCompatActivity.setSupportProgressBarIndeterminate(boolean)
04-03 19:45:46.386  6348  6348 W dex2oat : Method processed more than once: void androidx.appcompat.app.AppCompatActivity.setSupportProgressBarIndeterminateVisibility(boolean)
04-03 19:45:46.386  6348  6348 W dex2oat : Method processed more than once: void androidx.appcompat.app.AppCompatActivity.setSupportProgressBarVisibility(boolean)
04-03 19:45:46.386  6348  6348 W dex2oat : Method processed more than once: void androidx.appcompat.app.AppCompatActivity.setTheme(int)
04-03 19:45:46.386  6348  6348 W dex2oat : Method processed more than once: androidx.appcompat.view.ActionMode androidx.appcompat.app.AppCompatActivity.startSupportActionMode(androidx.appcompat.view.ActionMode$Callback)
04-03 19:45:46.386  6348  6348 W dex2oat : Method processed more than once: void androidx.appcompat.app.AppCompatActivity.supportInvalidateOptionsMenu()
04-03 19:45:46.386  6348  6348 W dex2oat : Method processed more than once: void androidx.appcompat.app.AppCompatActivity.supportNavigateUpTo(android.content.Intent)
04-03 19:45:46.386  6348  6348 W dex2oat : Method processed more than once: boolean androidx.appcompat.app.AppCompatActivity.supportRequestWindowFeature(int)
04-03 19:45:46.386  6348  6348 W dex2oat : Method processed more than once: boolean androidx.appcompat.app.AppCompatActivity.supportShouldUpRecreateTask(android.content.Intent)
04-03 19:45:46.389  6348  6367 W dex2oat : Method processed more than once: void androidx.fragment.app.Fragment.<clinit>()
04-03 19:45:46.390  6348  6367 W dex2oat : Method processed more than once: void androidx.fragment.app.Fragment.<init>()
04-03 19:45:46.390  6348  6367 W dex2oat : Method processed more than once: void androidx.fragment.app.Fragment.<init>(int)
04-03 19:45:46.390  6348  6367 W dex2oat : Method processed more than once: androidx.fragment.app.Fragment$AnimationInfo androidx.fragment.app.Fragment.ensureAnimationInfo()
04-03 19:45:46.391  6348  6367 W dex2oat : Method processed more than once: int androidx.fragment.app.Fragment.getMinimumMaxLifecycleState()
04-03 19:45:46.391  6348  6367 W dex2oat : Method processed more than once: androidx.fragment.app.Fragment androidx.fragment.app.Fragment.getTargetFragment(boolean)
04-03 19:45:46.391  6348  6367 W dex2oat : Method processed more than once: void androidx.fragment.app.Fragment.initLifecycle()
04-03 19:45:46.391  6348  6367 W dex2oat : Method processed more than once: androidx.fragment.app.Fragment androidx.fragment.app.Fragment.instantiate(android.content.Context, java.lang.String)
04-03 19:45:46.392  6348  6367 W dex2oat : Method processed more than once: androidx.fragment.app.Fragment androidx.fragment.app.Fragment.instantiate(android.content.Context, java.lang.String, android.os.Bundle)
