04-03 19:45:49.339  6348  6348 W dex2oat : Method processed more than once: void kotlinx.serialization.encoding.AbstractEncoder.encodeNull()
04-03 19:45:49.339  6348  6393 W dex2oat : Method processed more than once: float kotlinx.serialization.encoding.AbstractDecoder.decodeFloatElement(kotlinx.serialization.descriptors.SerialDescriptor, int)
04-03 19:45:49.339  6348  6393 W dex2oat : Method processed more than once: kotlinx.serialization.encoding.Decoder kotlinx.serialization.encoding.AbstractDecoder.decodeInline(kotlinx.serialization.descriptors.SerialDescriptor)
04-03 19:45:49.339  6348  6393 W dex2oat : Method processed more than once: kotlinx.serialization.encoding.Decoder kotlinx.serialization.encoding.AbstractDecoder.decodeInlineElement(kotlinx.serialization.descriptors.SerialDescriptor, int)
04-03 19:45:49.339  6348  6393 W dex2oat : Method processed more than once: int kotlinx.serialization.encoding.AbstractDecoder.decodeInt()
04-03 19:45:49.339  6348  6393 W dex2oat : Method processed more than once: int kotlinx.serialization.encoding.AbstractDecoder.decodeIntElement(kotlinx.serialization.descriptors.SerialDescriptor, int)
04-03 19:45:49.339  6348  6393 W dex2oat : Method processed more than once: long kotlinx.serialization.encoding.AbstractDecoder.decodeLong()
04-03 19:45:49.340  6348  6393 W dex2oat : Method processed more than once: long kotlinx.serialization.encoding.AbstractDecoder.decodeLongElement(kotlinx.serialization.descriptors.SerialDescriptor, int)
04-03 19:45:49.340  6348  6348 W dex2oat : Method processed more than once: void kotlinx.serialization.encoding.AbstractEncoder.encodeNullableSerializableElement(kotlinx.serialization.descriptors.SerialDescriptor, int, kotlinx.serialization.SerializationStrategy, java.lang.Object)
04-03 19:45:49.340  6348  6348 W dex2oat : Method processed more than once: void kotlinx.serialization.encoding.AbstractEncoder.encodeSerializableElement(kotlinx.serialization.descriptors.SerialDescriptor, int, kotlinx.serialization.SerializationStrategy, java.lang.Object)
04-03 19:45:49.340  6348  6393 W dex2oat : Method processed more than once: boolean kotlinx.serialization.encoding.AbstractDecoder.decodeNotNullMark()
04-03 19:45:49.340  6348  6393 W dex2oat : Method processed more than once: java.lang.Void kotlinx.serialization.encoding.AbstractDecoder.decodeNull()
04-03 19:45:49.340  6348  6393 W dex2oat : Method processed more than once: java.lang.Object kotlinx.serialization.encoding.AbstractDecoder.decodeNullableSerializableElement(kotlinx.serialization.descriptors.SerialDescriptor, int, kotlinx.serialization.DeserializationStrategy, java.lang.Object)
04-03 19:45:49.340  6348  6348 W dex2oat : Method processed more than once: void kotlinx.serialization.encoding.AbstractEncoder.encodeShort(short)
04-03 19:45:49.340  6348  6348 W dex2oat : Method processed more than once: void kotlinx.serialization.encoding.AbstractEncoder.encodeShortElement(kotlinx.serialization.descriptors.SerialDescriptor, int, short)
04-03 19:45:49.340  6348  6393 W dex2oat : Method processed more than once: java.lang.Object kotlinx.serialization.encoding.AbstractDecoder.decodeSerializableElement(kotlinx.serialization.descriptors.SerialDescriptor, int, kotlinx.serialization.DeserializationStrategy, java.lang.Object)
04-03 19:45:49.340  6348  6393 W dex2oat : Method processed more than once: java.lang.Object kotlinx.serialization.encoding.AbstractDecoder.decodeSerializableValue(kotlinx.serialization.DeserializationStrategy, java.lang.Object)
04-03 19:45:49.341  6348  6348 W dex2oat : Method processed more than once: void kotlinx.serialization.encoding.AbstractEncoder.encodeString(java.lang.String)
04-03 19:45:49.341  6348  6348 W dex2oat : Method processed more than once: void kotlinx.serialization.encoding.AbstractEncoder.encodeStringElement(kotlinx.serialization.descriptors.SerialDescriptor, int, java.lang.String)
04-03 19:45:49.341  6348  6348 W dex2oat : Method processed more than once: void kotlinx.serialization.encoding.AbstractEncoder.encodeValue(java.lang.Object)
04-03 19:45:49.341  6348  6348 W dex2oat : Method processed more than once: void kotlinx.serialization.encoding.AbstractEncoder.endStructure(kotlinx.serialization.descriptors.SerialDescriptor)
04-03 19:45:49.342  6348  6393 W dex2oat : Method processed more than once: short kotlinx.serialization.encoding.AbstractDecoder.decodeShort()
04-03 19:45:49.342  6348  6393 W dex2oat : Method processed more than once: short kotlinx.serialization.encoding.AbstractDecoder.decodeShortElement(kotlinx.serialization.descriptors.SerialDescriptor, int)
04-03 19:45:49.342  6348  6393 W dex2oat : Method processed more than once: java.lang.String kotlinx.serialization.encoding.AbstractDecoder.decodeString()
04-03 19:45:49.342  6348  6393 W dex2oat : Method processed more than once: java.lang.String kotlinx.serialization.encoding.AbstractDecoder.decodeStringElement(kotlinx.serialization.descriptors.SerialDescriptor, int)
04-03 19:45:49.342  6348  6393 W dex2oat : Method processed more than once: java.lang.Object kotlinx.serialization.encoding.AbstractDecoder.decodeValue()
04-03 19:45:49.342  6348  6393 W dex2oat : Method processed more than once: void kotlinx.serialization.encoding.AbstractDecoder.endStructure(kotlinx.serialization.descriptors.SerialDescriptor)
04-03 19:45:49.344  6348  6393 W dex2oat : Method processed more than once: kotlinx.serialization.KSerializer[] kotlinx.serialization.internal.GeneratedSerializer.access$typeParametersSerializers$jd(kotlinx.serialization.internal.GeneratedSerializer)
04-03 19:45:49.344  6348  6393 W dex2oat : Method processed more than once: kotlinx.serialization.KSerializer[] kotlinx.serialization.internal.GeneratedSerializer.typeParametersSerializers()
04-03 19:45:49.374  6348  6348 W dex2oat : Method processed more than once: void okio.ForwardingSource.<init>(okio.Source)
04-03 19:45:49.374  6348  6348 W dex2oat : Method processed more than once: okio.Source okio.ForwardingSource.-deprecated_delegate()
04-03 19:45:49.374  6348  6348 W dex2oat : Method processed more than once: void okio.ForwardingSource.close()
04-03 19:45:49.374  6348  6348 W dex2oat : Method processed more than once: okio.Source okio.ForwardingSource.delegate()
04-03 19:45:49.374  6348  6348 W dex2oat : Method processed more than once: long okio.ForwardingSource.read(okio.Buffer, long)
04-03 19:45:49.374  6348  6348 W dex2oat : Method processed more than once: okio.Timeout okio.ForwardingSource.timeout()
04-03 19:45:49.374  6348  6348 W dex2oat : Method processed more than once: java.lang.String okio.ForwardingSource.toString()
04-03 19:45:49.375  6348  6393 W dex2oat : Method processed more than once: void okio.ForwardingSink.<init>(okio.Sink)
04-03 19:45:49.375  6348  6393 W dex2oat : Method processed more than once: okio.Sink okio.ForwardingSink.-deprecated_delegate()
04-03 19:45:49.375  6348  6393 W dex2oat : Method processed more than once: void okio.ForwardingSink.close()
04-03 19:45:49.375  6348  6393 W dex2oat : Method processed more than once: okio.Sink okio.ForwardingSink.delegate()
04-03 19:45:49.375  6348  6393 W dex2oat : Method processed more than once: void okio.ForwardingSink.flush()
04-03 19:45:49.375  6348  6393 W dex2oat : Method processed more than once: okio.Timeout okio.ForwardingSink.timeout()
04-03 19:45:49.376  6348  6393 W dex2oat : Method processed more than once: java.lang.String okio.ForwardingSink.toString()
04-03 19:45:49.376  6348  6393 W dex2oat : Method processed more than once: void okio.ForwardingSink.write(okio.Buffer, long)
04-03 19:45:49.410  6348  6392 W dex2oat : Method processed more than once: java.lang.Object okio.FileSystem.-write$default(okio.FileSystem, okio.Path, boolean, kotlin.jvm.functions.Function1, int, java.lang.Object)
04-03 19:45:49.410  6348  6392 W dex2oat : Method processed more than once: void okio.FileSystem.<clinit>()
04-03 19:45:49.410  6348  6392 W dex2oat : Method processed more than once: void okio.FileSystem.<init>()
04-03 19:45:49.410  6348  6392 W dex2oat : Method processed more than once: okio.Sink okio.FileSystem.appendingSink$default(okio.FileSystem, okio.Path, boolean, int, java.lang.Object)
04-03 19:45:49.411  6348  6392 W dex2oat : Method processed more than once: void okio.FileSystem.createDirectories$default(okio.FileSystem, okio.Path, boolean, int, java.lang.Object)
04-03 19:45:49.411  6348  6392 W dex2oat : Method processed more than once: void okio.FileSystem.createDirectory$default(okio.FileSystem, okio.Path, boolean, int, java.lang.Object)
04-03 19:45:49.411  6348  6392 W dex2oat : Method processed more than once: void okio.FileSystem.delete$default(okio.FileSystem, okio.Path, boolean, int, java.lang.Object)
04-03 19:45:49.411  6348  6392 W dex2oat : Method processed more than once: void okio.FileSystem.deleteRecursively$default(okio.FileSystem, okio.Path, boolean, int, java.lang.Object)
04-03 19:45:49.411  6348  6392 W dex2oat : Method processed more than once: okio.FileSystem okio.FileSystem.get(java.nio.file.FileSystem)
04-03 19:45:49.411  6348  6392 W dex2oat : Method processed more than once: kotlin.sequences.Sequence okio.FileSystem.listRecursively$default(okio.FileSystem, okio.Path, boolean, int, java.lang.Object)
04-03 19:45:49.411  6348  6392 W dex2oat : Method processed more than once: okio.FileHandle okio.FileSystem.openReadWrite$default(okio.FileSystem, okio.Path, boolean, boolean, int, java.lang.Object)
04-03 19:45:49.411  6348  6392 W dex2oat : Method processed more than once: okio.Sink okio.FileSystem.sink$default(okio.FileSystem, okio.Path, boolean, int, java.lang.Object)
04-03 19:45:49.411  6348  6392 W dex2oat : Method processed more than once: java.lang.Object okio.FileSystem.-read(okio.Path, kotlin.jvm.functions.Function1)
04-03 19:45:49.411  6348  6392 W dex2oat : Method processed more than once: java.lang.Object okio.FileSystem.-write(okio.Path, boolean, kotlin.jvm.functions.Function1)
04-03 19:45:49.411  6348  6392 W dex2oat : Method processed more than once: okio.Sink okio.FileSystem.appendingSink(okio.Path)
04-03 19:45:49.412  6348  6392 W dex2oat : Method processed more than once: void okio.FileSystem.copy(okio.Path, okio.Path)
04-03 19:45:49.412  6348  6392 W dex2oat : Method processed more than once: void okio.FileSystem.createDirectories(okio.Path)
04-03 19:45:49.412  6348  6392 W dex2oat : Method processed more than once: void okio.FileSystem.createDirectories(okio.Path, boolean)
04-03 19:45:49.412  6348  6392 W dex2oat : Method processed more than once: void okio.FileSystem.createDirectory(okio.Path)
04-03 19:45:49.412  6348  6392 W dex2oat : Method processed more than once: void okio.FileSystem.delete(okio.Path)
04-03 19:45:49.412  6348  6392 W dex2oat : Method processed more than once: void okio.FileSystem.deleteRecursively(okio.Path)
04-03 19:45:49.412  6348  6392 W dex2oat : Method processed more than once: void okio.FileSystem.deleteRecursively(okio.Path, boolean)
04-03 19:45:49.412  6348  6392 W dex2oat : Method processed more than once: boolean okio.FileSystem.exists(okio.Path)
04-03 19:45:49.412  6348  6392 W dex2oat : Method processed more than once: kotlin.sequences.Sequence okio.FileSystem.listRecursively(okio.Path)
04-03 19:45:49.413  6348  6392 W dex2oat : Method processed more than once: kotlin.sequences.Sequence okio.FileSystem.listRecursively(okio.Path, boolean)
04-03 19:45:49.413  6348  6392 W dex2oat : Method processed more than once: okio.FileMetadata okio.FileSystem.metadata(okio.Path)
04-03 19:45:49.414  6348  6392 W dex2oat : Method processed more than once: okio.FileHandle okio.FileSystem.openReadWrite(okio.Path)
04-03 19:45:49.414  6348  6392 W dex2oat : Method processed more than once: okio.Sink okio.FileSystem.sink(okio.Path)
04-03 19:45:49.416  6348  6394 W dex2oat : Method processed more than once: void okio.ForwardingFileSystem.<init>(okio.FileSystem)
04-03 19:45:49.417  6348  6394 W dex2oat : Method processed more than once: okio.Sink okio.ForwardingFileSystem.appendingSink(okio.Path, boolean)
04-03 19:45:49.417  6348  6394 W dex2oat : Method processed more than once: void okio.ForwardingFileSystem.atomicMove(okio.Path, okio.Path)
04-03 19:45:49.417  6348  6394 W dex2oat : Method processed more than once: okio.Path okio.ForwardingFileSystem.canonicalize(okio.Path)
04-03 19:45:49.417  6348  6394 W dex2oat : Method processed more than once: void okio.ForwardingFileSystem.createDirectory(okio.Path, boolean)
04-03 19:45:49.417  6348  6394 W dex2oat : Method processed more than once: void okio.ForwardingFileSystem.createSymlink(okio.Path, okio.Path)
04-03 19:45:49.417  6348  6394 W dex2oat : Method processed more than once: okio.FileSystem okio.ForwardingFileSystem.delegate()
04-03 19:45:49.417  6348  6394 W dex2oat : Method processed more than once: void okio.ForwardingFileSystem.delete(okio.Path, boolean)
04-03 19:45:49.417  6348  6394 W dex2oat : Method processed more than once: java.util.List okio.ForwardingFileSystem.list(okio.Path)
04-03 19:45:49.417  6348  6394 W dex2oat : Method processed more than once: java.util.List okio.ForwardingFileSystem.listOrNull(okio.Path)
04-03 19:45:49.418  6348  6394 W dex2oat : Method processed more than once: kotlin.sequences.Sequence okio.ForwardingFileSystem.listRecursively(okio.Path, boolean)
04-03 19:45:49.418  6348  6394 W dex2oat : Method processed more than once: okio.FileMetadata okio.ForwardingFileSystem.metadataOrNull(okio.Path)
04-03 19:45:49.418  6348  6394 W dex2oat : Method processed more than once: okio.Path okio.ForwardingFileSystem.onPathParameter(okio.Path, java.lang.String, java.lang.String)
04-03 19:45:49.418  6348  6394 W dex2oat : Method processed more than once: okio.Path okio.ForwardingFileSystem.onPathResult(okio.Path, java.lang.String)
04-03 19:45:49.418  6348  6394 W dex2oat : Method processed more than once: okio.FileHandle okio.ForwardingFileSystem.openReadOnly(okio.Path)
04-03 19:45:49.418  6348  6394 W dex2oat : Method processed more than once: okio.FileHandle okio.ForwardingFileSystem.openReadWrite(okio.Path, boolean, boolean)
04-03 19:45:49.418  6348  6394 W dex2oat : Method processed more than once: okio.Sink okio.ForwardingFileSystem.sink(okio.Path, boolean)
04-03 19:45:49.418  6348  6394 W dex2oat : Method processed more than once: okio.Source okio.ForwardingFileSystem.source(okio.Path)
04-03 19:45:49.418  6348  6394 W dex2oat : Method processed more than once: java.lang.String okio.ForwardingFileSystem.toString()
04-03 19:45:49.430  6348  6348 W dex2oat : Method processed more than once: int org.chromium.support_lib_boundary.SpeculativeLoadingConfigBoundaryInterface.getMaxPrerenders()
04-03 19:45:49.884  6348  6348 I dex2oat : Explicit concurrent copying GC freed 35912(3MB) AllocSpace objects, 0(0B) LOS objects, 87% free, 215KB/1751KB, paused 739us total 3.269ms
04-03 19:45:49.998  6348  6348 I dex2oat : dex2oat took 5.951s (15.077s cpu) (threads: 4) arena alloc=3MB (4028936B) java alloc=215KB (221000B) native alloc=12MB (13273160B) free=3MB (4028344B) swap=16MB (16777216B)
04-03 19:45:50.056  1515  1694 D installd: Applied hard quotas for 10076
--------- beginning of system
04-03 19:45:50.057  1644  1671 D PackageManager: Ephemeral installer not found with new action; try old one
04-03 19:45:50.057  1644  1671 D PackageManager: Clear ephemeral installer activity
04-03 19:45:50.058  1515  1694 E         : Couldn't opendir /data/app/vmdl423177998.tmp: No such file or directory
04-03 19:45:50.058  1515  1694 E installd: Failed to delete /data/app/vmdl423177998.tmp: No such file or directory
04-03 19:45:50.065  1854  1854 D ImsResolver: maybeAddedImsService, packageName: com.nosferatu.launcher
04-03 19:45:50.070  1644  1707 I InputReader: Reconfiguring input devices.  changes=0x00000010
04-03 19:45:50.071  1644  1644 I Telecom : DefaultDialerCache: Refreshing default dialer for user 0: now com.android.dialer: DDC.oR@ARg
04-03 19:45:50.072  1644  2839 W BroadcastQueue: Background execution not allowed: receiving Intent { act=android.intent.action.PACKAGE_ADDED dat=package:com.nosferatu.launcher flg=0x4000010 (has extras) } to com.svox.pico/.VoiceDataInstallerReceiver
04-03 19:45:50.079  1644  1658 D AutofillManagerServiceImpl: Reset component for user 0
04-03 19:45:50.079  1644  1658 D AutofillManagerServiceImpl: Reset component for user 0
04-03 19:45:50.079  1644  1660 D AutofillUI: destroySaveUiUiThread(): already destroyed
04-03 19:45:50.079  1644  1658 W VoiceInteractionManagerService: no available voice recognition services found for user 0
04-03 19:45:50.107  1854  1854 D CarrierSvcBindHelper: No carrier app for: 0
04-03 19:45:50.119  1854  1854 D CarrierConfigLoader: mHandler: 9 phoneId: 0
04-03 19:45:50.291  1644  1671 W PackageParser: Unknown element under <manifest>: queries at /data/app/vmdl140727191.tmp/base.apk Binary XML file line #18
04-03 19:45:50.291  1644  1671 W PackageParser: No actions in intent filter at /data/app/vmdl140727191.tmp/base.apk Binary XML file line #33
04-03 19:45:50.291  1644  1671 W PackageParser: No actions in intent filter at /data/app/vmdl140727191.tmp/base.apk Binary XML file line #41
04-03 19:45:50.291  1644  1671 W PackageParser: No actions in intent filter at /data/app/vmdl140727191.tmp/base.apk Binary XML file line #49
04-03 19:45:50.292  1644  1671 I PackageManager.DexOptimizer: Running dexopt (dexoptNeeded=1) on: /data/app/com.nosferatu.launcher.test-Jmq1qWctYtPIQxgz953Aiw==/base.apk pkg=com.nosferatu.launcher.test isa=x86 dexoptFlags=boot_complete,debuggable,public target-filter=quicken oatDir=/data/app/com.nosferatu.launcher.test-Jmq1qWctYtPIQxgz953Aiw==/oat sharedLibraries=PCL[/system/framework/android.test.mock.jar:/system/framework/android.test.runner.jar]
04-03 19:45:50.297  6407  6407 W dex2oat : Unexpected CPU variant for X86 using defaults: x86
04-03 19:45:50.297  6407  6407 W dex2oat : Mismatch between dex2oat instruction set features (ISA: X86 Feature string: -ssse3,-sse4.1,-sse4.2,-avx,-avx2,-popcnt) and those of dex2oat executable (ISA: X86 Feature string: ssse3,-sse4.1,-sse4.2,-avx,-avx2,-popcnt) for the command line:
04-03 19:45:50.297  6407  6407 W dex2oat : /system/bin/dex2oat --zip-fd=8 --zip-location=base.apk --input-vdex-fd=-1 --output-vdex-fd=10 --oat-fd=9 --oat-location=/data/app/com.nosferatu.launcher.test-Jmq1qWctYtPIQxgz953Aiw==/oat/x86/base.odex --instruction-set=x86 --instruction-set-variant=x86 --instruction-set-features=default --runtime-arg -Xms64m --runtime-arg -Xmx512m --compiler-filter=quicken --swap-fd=11 --debuggable --classpath-dir=/data/app/com.nosferatu.launcher.test-Jmq1qWctYtPIQxgz953Aiw== --class-loader-context=PCL[/system/framework/android.test.mock.jar:/system/framework/android.test.runner.jar]
04-03 19:45:50.298  6407  6407 I dex2oat : /system/bin/dex2oat --input-vdex-fd=-1 --output-vdex-fd=10 --compiler-filter=quicken --debuggable --classpath-dir=/data/app/com.nosferatu.launcher.test-Jmq1qWctYtPIQxgz953Aiw== --class-loader-context=PCL[/system/framework/android.test.mock.jar:/system/framework/android.test.runner.jar]
04-03 19:45:50.569  6407  6409 W dex2oat : Rejecting class androidx.test.uiautomator.UiAutomatorInstrumentationTestRunner that attempts to sub-type erroneous class android.test.InstrumentationTestRunner in base.apk
04-03 19:45:50.697  6407  6407 I dex2oat : Explicit concurrent copying GC freed 9282(1003KB) AllocSpace objects, 0(0B) LOS objects, 96% free, 57KB/1593KB, paused 528us total 2.420ms
04-03 19:45:50.703  6407  6407 I dex2oat : Explicit concurrent copying GC freed 107(31KB) AllocSpace objects, 0(0B) LOS objects, 96% free, 57KB/1593KB, paused 420us total 2.263ms
04-03 19:45:50.713  6407  6407 I dex2oat : Explicit concurrent copying GC freed 86(31KB) AllocSpace objects, 0(0B) LOS objects, 96% free, 58KB/1594KB, paused 639us total 2.660ms
04-03 19:45:50.720  6407  6407 I dex2oat : Explicit concurrent copying GC freed 109(47KB) AllocSpace objects, 0(0B) LOS objects, 96% free, 59KB/1595KB, paused 367us total 1.676ms
04-03 19:45:50.740  6407  6407 I dex2oat : dex2oat took 443.096ms (769.267ms cpu) (threads: 4) arena alloc=385KB (394544B) java alloc=59KB (61064B) native alloc=1346KB (1378808B) free=3MB (3864072B)
04-03 19:45:50.771  1515  1694 D installd: Applied hard quotas for 10077
04-03 19:45:50.772  1644  1671 D PackageManager: Ephemeral installer not found with new action; try old one
04-03 19:45:50.772  1644  1671 D PackageManager: Clear ephemeral installer activity
04-03 19:45:50.772  1644  1671 V BackupManagerService: restoreAtInstall pkg=com.nosferatu.launcher.test token=16 restoreSet=0
04-03 19:45:50.772  1644  1671 V BackupManagerService: Finishing install immediately
04-03 19:45:50.773  1515  1694 E         : Couldn't opendir /data/app/vmdl140727191.tmp: No such file or directory
04-03 19:45:50.773  1515  1694 E installd: Failed to delete /data/app/vmdl140727191.tmp: No such file or directory
04-03 19:45:50.781  1644  1707 I InputReader: Reconfiguring input devices.  changes=0x00000010
04-03 19:45:50.787  1644  1644 I Telecom : DefaultDialerCache: Refreshing default dialer for user 0: now com.android.dialer: DDC.oR@ARw
04-03 19:45:50.795  1644  4279 W BroadcastQueue: Background execution not allowed: receiving Intent { act=android.intent.action.PACKAGE_ADDED dat=package:com.nosferatu.launcher.test flg=0x4000010 (has extras) } to com.svox.pico/.VoiceDataInstallerReceiver
04-03 19:45:50.803  1644  1658 D AutofillManagerServiceImpl: Reset component for user 0
04-03 19:45:50.804  1644  1658 D AutofillManagerServiceImpl: Reset component for user 0
04-03 19:45:50.804  1644  1660 D AutofillUI: destroySaveUiUiThread(): already destroyed
04-03 19:45:50.805  1644  1658 W VoiceInteractionManagerService: no available voice recognition services found for user 0
04-03 19:45:50.833  1854  1854 D CarrierSvcBindHelper: No carrier app for: 0
04-03 19:45:50.840  1854  1854 D ImsResolver: maybeAddedImsService, packageName: com.nosferatu.launcher.test
04-03 19:45:50.841  1854  1854 D CarrierConfigLoader: mHandler: 9 phoneId: 0
04-03 19:45:51.094  6444  6444 D AndroidRuntime: >>>>>> START com.android.internal.os.RuntimeInit uid 2000 <<<<<<
04-03 19:45:51.131  6444  6444 W app_process: Unexpected CPU variant for X86 using defaults: x86
04-03 19:45:51.133  6444  6444 I app_process: The ClassLoaderContext is a special shared library.
04-03 19:45:51.145  6444  6444 D AndroidRuntime: Calling main entry com.android.commands.pm.Pm
04-03 19:45:51.150  6444  6452 W MessageQueue: Handler (android.os.Handler) {a9811e} sending message to a Handler on a dead thread
04-03 19:45:51.150  6444  6452 W MessageQueue: java.lang.IllegalStateException: Handler (android.os.Handler) {a9811e} sending message to a Handler on a dead thread
04-03 19:45:51.150  6444  6452 W MessageQueue: 	at android.os.MessageQueue.enqueueMessage(MessageQueue.java:545)
04-03 19:45:51.150  6444  6452 W MessageQueue: 	at android.os.Handler.enqueueMessage(Handler.java:662)
04-03 19:45:51.150  6444  6452 W MessageQueue: 	at android.os.Handler.sendMessageAtTime(Handler.java:631)
04-03 19:45:51.150  6444  6452 W MessageQueue: 	at android.os.Handler.sendMessageDelayed(Handler.java:601)
04-03 19:45:51.150  6444  6452 W MessageQueue: 	at android.os.Handler.post(Handler.java:357)
04-03 19:45:51.150  6444  6452 W MessageQueue: 	at android.os.ResultReceiver$MyResultReceiver.send(ResultReceiver.java:57)
04-03 19:45:51.150  6444  6452 W MessageQueue: 	at com.android.internal.os.IResultReceiver$Stub.onTransact(IResultReceiver.java:58)
04-03 19:45:51.150  6444  6452 W MessageQueue: 	at android.os.Binder.execTransact(Binder.java:697)
04-03 19:45:51.151  6444  6444 I app_process: System.exit called, status: 0
04-03 19:45:51.151  6444  6444 I AndroidRuntime: VM exiting with result code 0.
04-03 19:45:51.246  6457  6457 D AndroidRuntime: >>>>>> START com.android.internal.os.RuntimeInit uid 2000 <<<<<<
04-03 19:45:51.274  6457  6457 W app_process: Unexpected CPU variant for X86 using defaults: x86
04-03 19:45:51.275  6457  6457 I app_process: The ClassLoaderContext is a special shared library.
04-03 19:45:51.285  6457  6457 D AndroidRuntime: Calling main entry com.android.commands.pm.Pm
04-03 19:45:51.289  6457  6457 I app_process: System.exit called, status: 0
04-03 19:45:51.289  6457  6457 I AndroidRuntime: VM exiting with result code 0.
04-03 19:45:51.412  6470  6470 D AndroidRuntime: >>>>>> START com.android.internal.os.RuntimeInit uid 2000 <<<<<<
04-03 19:45:51.414  6470  6470 W app_process: Could not reserve sentinel fault page
04-03 19:45:51.443  6470  6470 W app_process: Unexpected CPU variant for X86 using defaults: x86
04-03 19:45:51.446  6470  6470 I app_process: The ClassLoaderContext is a special shared library.
04-03 19:45:51.465  6470  6470 D AndroidRuntime: Calling main entry com.android.commands.am.Am
04-03 19:45:51.471  1644  3520 I ActivityManager: Force stopping com.nosferatu.launcher appid=10076 user=0: start instr
04-03 19:45:51.487  1644  3520 I ActivityManager: Start proc 6479:com.nosferatu.launcher/u0a76 for added application com.nosferatu.launcher
04-03 19:45:51.489  6479  6479 I zygote  : Late-enabling -Xcheck:jni
04-03 19:45:51.493  6479  6479 W zygote  : Unexpected CPU variant for X86 using defaults: x86
04-03 19:45:51.509  6479  6479 I zygote  : The ClassLoaderContext is a special shared library.
04-03 19:45:51.509  6479  6479 I zygote  : The ClassLoaderContext is a special shared library.
04-03 19:45:51.510  6479  6479 W zygote  : ClassLoaderContext classpath element mismatch for position 0. expected=/system/framework/android.test.mock.jar, found=/system/framework/android.test.runner.jar (PCL[/system/framework/android.test.mock.jar*1065265343:/system/framework/android.test.runner.jar*1742119008] | PCL[/system/framework/android.test.runner.jar*1742119008:/system/framework/android.test.mock.jar*1065265343])
04-03 19:45:51.510  6479  6479 W zygote  : Found duplicate classes, falling back to extracting from APK : /data/app/com.nosferatu.launcher.test-Jmq1qWctYtPIQxgz953Aiw==/base.apk
04-03 19:45:51.510  6479  6479 W zygote  : NOTE: This wastes RAM and hurts startup performance.
04-03 19:45:51.510  6479  6479 W zygote  : Found duplicated class when checking oat files: 'Ljunit/runner/BaseTestRunner;' in /system/framework/android.test.runner.jar and /data/app/com.nosferatu.launcher.test-Jmq1qWctYtPIQxgz953Aiw==/base.apk
04-03 19:45:51.510  6479  6479 W zygote  : 
04-03 19:45:51.553  6479  6479 W zygote  : ClassLoaderContext classpath size mismatch for position 0. expected=0, found=6 (PCL[] | PCL[/system/framework/android.test.runner.jar*1742119008:/system/framework/android.test.mock.jar*1065265343:/data/app/com.nosferatu.launcher.test-Jmq1qWctYtPIQxgz953Aiw==/base.apk*4155044281:/data/app/com.nosferatu.launcher.test-Jmq1qWctYtPIQxgz953Aiw==/base.apk!classes2.dex*2012624774:/data/app/com.nosferatu.launcher.test-Jmq1qWctYtPIQxgz953Aiw==/base.apk!classes3.dex*885507106:/data/app/com.nosferatu.launcher.test-Jmq1qWctYtPIQxgz953Aiw==/base.apk!classes4.dex*442811745])
04-03 19:45:51.562  6479  6479 W System  : ClassLoader referenced unknown path: 
04-03 19:45:51.572  6479  6479 I MonitoringInstr: newApplication called!
04-03 19:45:51.582  6479  6479 I MonitoringInstr: Instrumentation started!
04-03 19:45:51.590  6479  6479 I AndroidJUnitRunner: onCreate Bundle[{testTimeoutSeconds=31536000, class=com.nosferatu.launcher.ui.LibraryInstrumentedTest#clickingBook_launchesReaderIntent, additionalTestOutputDir=/storage/emulated/0/Android/data/com.nosferatu.launcher/files/test_data}]
04-03 19:45:51.592  6479  6479 V TestEventClient: No service name argument was given (testDiscoveryService, testRunEventService or orchestratorService)
04-03 19:45:51.596  6479  6495 D AndroidJUnitRunner: onStart is called.
04-03 19:45:51.598  6479  6479 I MonitoringInstr: No JSBridge.
04-03 19:45:51.607  6479  6495 D TestRequestBuilder: Skipping class path scanning and directly running [com.nosferatu.launcher.ui.LibraryInstrumentedTest]
04-03 19:45:51.627  6479  6495 D AndroidJUnitRunner: Use the raw file system for managing file I/O.
04-03 19:45:51.632  6479  6495 D TestExecutor: Adding listener androidx.test.internal.runner.listener.LogRunListener
04-03 19:45:51.635  6479  6495 D TestExecutor: Adding listener androidx.test.internal.runner.listener.InstrumentationResultPrinter
04-03 19:45:51.635  6479  6495 D TestExecutor: Adding listener androidx.test.internal.runner.listener.ActivityFinisherRunListener
04-03 19:45:51.635  6479  6495 D TestExecutor: Adding listener androidx.test.internal.runner.listener.TraceRunListener
04-03 19:45:51.638  6479  6495 I TestRunner: run started: 1 tests
04-03 19:45:51.640  6479  6495 I TestRunner: started: clickingBook_launchesReaderIntent(com.nosferatu.launcher.ui.LibraryInstrumentedTest)
04-03 19:45:51.712  6479  6495 W FileTestStorage: Output properties is not supported.
04-03 19:45:51.713  6479  6495 I Tracing : Tracer added: class androidx.test.platform.tracing.AndroidXTracer
04-03 19:45:51.731  6479  6479 D EventInjectionStrategy: Creating injection strategy with input manager.
04-03 19:45:51.753  6479  6495 D IdlingRegistry: Registering idling resources: [androidx.compose.ui.test.EspressoLink@6b2689b]
04-03 19:45:51.767  6479  6495 W Settings: Setting always_finish_activities has moved from android.provider.Settings.System to android.provider.Settings.Global, returning read-only value.
04-03 19:45:51.775  1644  3520 I ActivityManager: START u0 {act=android.intent.action.MAIN cat=[android.intent.category.LAUNCHER] flg=0x14008000 cmp=com.nosferatu.launcher/.ui.MainActivity} from uid 10076
04-03 19:45:51.825  1644  4279 D AutofillManagerServiceImpl: Reset component for user 0
04-03 19:45:51.848  1437  1437 D gralloc_ranchu: gralloc_alloc: Creating ashmem region of size 14749696
04-03 19:45:51.879  6479  6479 D AppCompatDelegate: Checking for metadata for AppLocalesMetadataHolderService : Service not found
04-03 19:45:51.886  6479  6479 D LifecycleMonitor: Lifecycle status change: com.nosferatu.launcher.ui.MainActivity@72cdb68 in: PRE_ON_CREATE
04-03 19:45:51.887  6479  6479 V ActivityScenario: Activity lifecycle changed event received but ignored because the reported transition was not ON_CREATE while the last known transition was PRE_ON_CREATE
04-03 19:45:51.944  2145  2273 D EGL_emulation: eglMakeCurrent: 0xd6cd53e0: ver 2 0 (tinfo 0xd6bf6260)
04-03 19:45:51.988  6479  6479 D LifecycleMonitor: Lifecycle status change: com.nosferatu.launcher.ui.MainActivity@72cdb68 in: CREATED
04-03 19:45:51.988  6479  6479 V ActivityScenario: Update currentActivityStage to CREATED, currentActivity=com.nosferatu.launcher.ui.MainActivity@72cdb68
04-03 19:45:51.989  6479  6479 D LifecycleMonitor: Lifecycle status change: com.nosferatu.launcher.ui.MainActivity@72cdb68 in: STARTED
04-03 19:45:51.989  6479  6479 V ActivityScenario: Update currentActivityStage to STARTED, currentActivity=com.nosferatu.launcher.ui.MainActivity@72cdb68
04-03 19:45:51.992  6479  6479 D LifecycleMonitor: Lifecycle status change: com.nosferatu.launcher.ui.MainActivity@72cdb68 in: RESUMED
04-03 19:45:51.992  6479  6479 V ActivityScenario: Update currentActivityStage to RESUMED, currentActivity=com.nosferatu.launcher.ui.MainActivity@72cdb68
04-03 19:45:51.998  1447  1533 E SurfaceFlinger: ro.sf.lcd_density must be defined as a build property
04-03 19:45:51.999  6479  6499 D OpenGLRenderer: HWUI GL Pipeline
04-03 19:45:52.148  6479  6479 D CoverManager: Creating covers directory at: /data/user/0/com.nosferatu.launcher/files/covers
04-03 19:45:52.208  1644  3520 I ActivityManager: START u0 {act=android.content.pm.action.REQUEST_PERMISSIONS pkg=com.android.packageinstaller cmp=com.android.packageinstaller/.permission.ui.GrantPermissionsActivity (has extras)} from uid 10076
04-03 19:45:52.271  6479  6484 I zygote  : Do partial code cache collection, code=29KB, data=27KB
04-03 19:45:52.273  6479  6484 I zygote  : After code cache collection, code=29KB, data=27KB
04-03 19:45:52.273  6479  6484 I zygote  : Increasing code cache capacity to 128KB
04-03 19:45:52.397  1757  1991 D EGL_emulation: eglMakeCurrent: 0xd55eab00: ver 2 0 (tinfo 0xd56feb20)
04-03 19:45:52.425  6479  6484 I zygote  : Do partial code cache collection, code=60KB, data=47KB
04-03 19:45:52.425  6479  6484 I zygote  : After code cache collection, code=60KB, data=47KB
04-03 19:45:52.425  6479  6484 I zygote  : Increasing code cache capacity to 256KB
04-03 19:45:52.473  6479  6499 D         : HostConnection::get() New Host Connection established 0xe647fac0, tid 6499
04-03 19:45:52.473  1437  1437 D gralloc_ranchu: gralloc_alloc: Creating ashmem region of size 14749696
04-03 19:45:52.476  6479  6499 I zygote  : android::hardware::configstore::V1_0::ISurfaceFlingerConfigs::hasWideColorDisplay retrieved: 0
04-03 19:45:52.476  6479  6499 I OpenGLRenderer: Initialized EGL, version 1.4
04-03 19:45:52.476  6479  6499 D OpenGLRenderer: Swap behavior 1
04-03 19:45:52.476  6479  6499 W OpenGLRenderer: Failed to choose config with EGL_SWAP_BEHAVIOR_PRESERVED, retrying without...
04-03 19:45:52.476  6479  6499 D OpenGLRenderer: Swap behavior 0
04-03 19:45:52.493  1437  1437 D gralloc_ranchu: gralloc_alloc: Creating ashmem region of size 14749696
04-03 19:45:52.493  6479  6499 D EGL_emulation: eglCreateContext: 0xe8e05300: maj 2 min 0 rcv 2
04-03 19:45:52.498  1437  1437 D gralloc_ranchu: gralloc_alloc: Creating ashmem region of size 14749696
04-03 19:45:52.525  6479  6499 D EGL_emulation: eglMakeCurrent: 0xe8e05300: ver 2 0 (tinfo 0xe8e030d0)
04-03 19:45:52.532  1447  1533 E SurfaceFlinger: ro.sf.lcd_density must be defined as a build property
04-03 19:45:52.659  6479  6479 I Choreographer: Skipped 36 frames!  The application may be doing too much work on its main thread.
04-03 19:45:52.679  6479  6499 D EGL_emulation: eglMakeCurrent: 0xe8e05300: ver 2 0 (tinfo 0xe8e030d0)
04-03 19:45:52.713  1644  1659 W ActivityManager: Activity pause timeout for ActivityRecord{3e73f08 u0 com.nosferatu.launcher/.ui.MainActivity t173}
04-03 19:45:52.756  6479  6479 D LifecycleMonitor: Lifecycle status change: com.nosferatu.launcher.ui.MainActivity@72cdb68 in: PAUSED
04-03 19:45:52.757  6479  6479 V ActivityScenario: Update currentActivityStage to PAUSED, currentActivity=com.nosferatu.launcher.ui.MainActivity@72cdb68
04-03 19:45:52.762  1437  1437 D gralloc_ranchu: gralloc_alloc: Creating ashmem region of size 13606912
04-03 19:45:52.768  1437  1932 D gralloc_ranchu: gralloc_alloc: Creating ashmem region of size 13606912
04-03 19:45:52.772  1437  1932 D gralloc_ranchu: gralloc_alloc: Creating ashmem region of size 13606912
04-03 19:45:52.789  6479  6495 I UiAutomationShellCmd: Requesting permission: pm grant com.nosferatu.launcher android.permission.READ_EXTERNAL_STORAGE
04-03 19:45:52.798  4763  4780 D EGL_emulation: eglMakeCurrent: 0xe647d660: ver 2 0 (tinfo 0xe76fcdf0)
04-03 19:45:52.831  1644  1666 I ActivityManager: Displayed com.android.packageinstaller/.permission.ui.GrantPermissionsActivity: +117ms (total +1s44ms)
04-03 19:45:52.889  6506  6506 D AndroidRuntime: >>>>>> START com.android.internal.os.RuntimeInit uid 2000 <<<<<<
04-03 19:45:52.892  6506  6506 W app_process: Could not reserve sentinel fault page
04-03 19:45:52.926  6506  6506 W app_process: Unexpected CPU variant for X86 using defaults: x86
04-03 19:45:52.927  6506  6506 I app_process: The ClassLoaderContext is a special shared library.
04-03 19:45:52.950  6506  6506 D AndroidRuntime: Calling main entry com.android.commands.pm.Pm
04-03 19:45:52.955  1644  2839 D VoldConnector: SND -> {13 volume remount_uid 10076 read}
04-03 19:45:52.955  1644  1644 I GnssLocationProvider: WakeLock acquired by sendMessage(SET_REQUEST, 0, com.android.server.location.GnssLocationProvider$GpsRequest@c554244)
04-03 19:45:52.956  1644  1658 I GnssLocationProvider: WakeLock released by handleMessage(SET_REQUEST, 0, com.android.server.location.GnssLocationProvider$GpsRequest@c554244)
04-03 19:45:52.956  1386  1391 D vold    : Remounting 10076 as mode read
04-03 19:45:52.958  1386  1391 D vold    : Found matching PID 6479
04-03 19:45:53.134  1644  1709 D VoldConnector: RCV <- {200 13 Command succeeded}
04-03 19:45:53.138  6506  6506 I app_process: System.exit called, status: 0
04-03 19:45:53.138  6506  6506 I AndroidRuntime: VM exiting with result code 0.
04-03 19:45:55.241  1644  2839 I ActivityManager: START u0 {act=android.intent.action.MAIN cat=[android.intent.category.LAUNCHER] flg=0x10000000 cmp=com.nosferatu.launcher.test/androidx.test.core.app.InstrumentationActivityInvoker$EmptyActivity} from uid 10076
04-03 19:45:55.281  6522  6522 I zygote  : Late-enabling -Xcheck:jni
04-03 19:45:55.290  1644  4279 I ActivityManager: Start proc 6522:com.nosferatu.launcher.test/u0a77 for activity com.nosferatu.launcher.test/androidx.test.core.app.InstrumentationActivityInvoker$EmptyActivity
04-03 19:45:55.291  6522  6522 W zygote  : Unexpected CPU variant for X86 using defaults: x86
04-03 19:45:55.327  1437  1932 D gralloc_ranchu: gralloc_alloc: Creating ashmem region of size 14749696
04-03 19:45:55.379  6522  6522 I zygote  : The ClassLoaderContext is a special shared library.
04-03 19:45:55.380  6522  6522 I zygote  : The ClassLoaderContext is a special shared library.
04-03 19:45:55.382  6479  6499 D EGL_emulation: eglMakeCurrent: 0xe8e05300: ver 2 0 (tinfo 0xe8e030d0)
04-03 19:45:55.388  6479  6479 D LifecycleMonitor: Lifecycle status change: com.nosferatu.launcher.ui.MainActivity@72cdb68 in: STOPPED
04-03 19:45:55.389  6479  6479 V ActivityScenario: Update currentActivityStage to STOPPED, currentActivity=com.nosferatu.launcher.ui.MainActivity@72cdb68
04-03 19:45:55.419  1437  1932 D gralloc_ranchu: gralloc_alloc: Creating ashmem region of size 14749696
04-03 19:45:55.426  4763  4780 D EGL_emulation: eglMakeCurrent: 0xe647d660: ver 2 0 (tinfo 0xe76fcdf0)
04-03 19:45:55.529  1447  1533 E SurfaceFlinger: ro.sf.lcd_density must be defined as a build property
04-03 19:45:55.533  6522  6540 D OpenGLRenderer: HWUI GL Pipeline
04-03 19:45:55.554  1437  1932 D gralloc_ranchu: gralloc_alloc: Creating ashmem region of size 14749696
04-03 19:45:55.555  6522  6540 D         : HostConnection::get() New Host Connection established 0xe768f440, tid 6540
04-03 19:45:55.559  1437  1932 D gralloc_ranchu: gralloc_alloc: Creating ashmem region of size 14749696
04-03 19:45:55.562  1437  1437 D gralloc_ranchu: gralloc_alloc: Creating ashmem region of size 14749696
04-03 19:45:55.563  6522  6540 I zygote  : android::hardware::configstore::V1_0::ISurfaceFlingerConfigs::hasWideColorDisplay retrieved: 0
04-03 19:45:55.563  6522  6540 I OpenGLRenderer: Initialized EGL, version 1.4
04-03 19:45:55.563  6522  6540 D OpenGLRenderer: Swap behavior 1
04-03 19:45:55.564  6522  6540 W OpenGLRenderer: Failed to choose config with EGL_SWAP_BEHAVIOR_PRESERVED, retrying without...
04-03 19:45:55.564  6522  6540 D OpenGLRenderer: Swap behavior 0
04-03 19:45:55.580  6522  6540 D EGL_emulation: eglCreateContext: 0xe8e05240: maj 2 min 0 rcv 2
04-03 19:45:55.588  6479  6484 I zygote  : Do full code cache collection, code=122KB, data=103KB
04-03 19:45:55.588  6479  6484 I zygote  : After code cache collection, code=113KB, data=74KB
04-03 19:45:55.593  6479  6479 D LifecycleMonitor: Lifecycle status change: com.nosferatu.launcher.ui.MainActivity@72cdb68 in: DESTROYED
04-03 19:45:55.594  6479  6479 V ActivityScenario: Update currentActivityStage to DESTROYED, currentActivity=null
04-03 19:45:55.609  6522  6540 D EGL_emulation: eglMakeCurrent: 0xe8e05240: ver 2 0 (tinfo 0xe8e03260)
04-03 19:45:55.613  1447  1533 E SurfaceFlinger: ro.sf.lcd_density must be defined as a build property
04-03 19:45:55.615  6479  6495 D IdlingRegistry: Unregistering idling resources: [androidx.compose.ui.test.EspressoLink@6b2689b]
04-03 19:45:55.624  6479  6495 E TestRunner: failed: clickingBook_launchesReaderIntent(com.nosferatu.launcher.ui.LibraryInstrumentedTest)
04-03 19:45:55.624  6479  6495 E TestRunner: ----- begin exception -----
04-03 19:45:55.625  6479  6495 E TestRunner: java.lang.IllegalStateException: No compose hierarchies found in the app. Possible reasons include: (1) the Activity that calls setContent did not launch; (2) setContent was not called; (3) setContent was called before the ComposeTestRule ran. If setContent is called by the Activity, make sure the Activity is launched after the ComposeTestRule runs
04-03 19:45:55.625  6479  6495 E TestRunner: 	at androidx.compose.ui.test.TestOwnerKt.getAllSemanticsNodes(TestOwner.kt:106)
04-03 19:45:55.625  6479  6495 E TestRunner: 	at androidx.compose.ui.test.SemanticsNodeInteraction.fetchSemanticsNodes$ui_test(SemanticsNodeInteraction.kt:64)
04-03 19:45:55.625  6479  6495 E TestRunner: 	at androidx.compose.ui.test.SemanticsNodeInteraction.fetchOneOrThrow(SemanticsNodeInteraction.kt:157)
04-03 19:45:55.625  6479  6495 E TestRunner: 	at androidx.compose.ui.test.SemanticsNodeInteraction.fetchOneOrThrow$default(SemanticsNodeInteraction.kt:150)
04-03 19:45:55.625  6479  6495 E TestRunner: 	at androidx.compose.ui.test.SemanticsNodeInteraction.fetchSemanticsNode(SemanticsNodeInteraction.kt:84)
04-03 19:45:55.625  6479  6495 E TestRunner: 	at androidx.compose.ui.test.ActionsKt.performTouchInput(Actions.kt:402)
04-03 19:45:55.625  6479  6495 E TestRunner: 	at androidx.compose.ui.test.AndroidActions.performClickImpl(Actions.android.kt:23)
04-03 19:45:55.625  6479  6495 E TestRunner: 	at androidx.compose.ui.test.ActionsKt.performClick(Actions.kt:60)
04-03 19:45:55.625  6479  6495 E TestRunner: 	at com.nosferatu.launcher.ui.LibraryInstrumentedTest.clickingBook_launchesReaderIntent(LibraryInstrumentedTest.kt:93)
04-03 19:45:55.625  6479  6495 E TestRunner: 	at java.lang.reflect.Method.invoke(Native Method)
04-03 19:45:55.625  6479  6495 E TestRunner: 	at org.junit.runners.model.FrameworkMethod$1.runReflectiveCall(FrameworkMethod.java:59)
04-03 19:45:55.625  6479  6495 E TestRunner: 	at org.junit.internal.runners.model.ReflectiveCallable.run(ReflectiveCallable.java:12)
04-03 19:45:55.625  6479  6495 E TestRunner: 	at org.junit.runners.model.FrameworkMethod.invokeExplosively(FrameworkMethod.java:56)
04-03 19:45:55.625  6479  6495 E TestRunner: 	at org.junit.internal.runners.statements.InvokeMethod.evaluate(InvokeMethod.java:17)
04-03 19:45:55.625  6479  6495 E TestRunner: 	at androidx.test.internal.runner.junit4.statement.RunBefores.evaluate(RunBefores.java:80)
04-03 19:45:55.625  6479  6495 E TestRunner: 	at androidx.test.internal.runner.junit4.statement.RunAfters.evaluate(RunAfters.java:61)
04-03 19:45:55.625  6479  6495 E TestRunner: 	at androidx.test.rule.GrantPermissionRule$RequestPermissionStatement.evaluate(GrantPermissionRule.java:136)
04-03 19:45:55.625  6479  6495 E TestRunner: 	at androidx.compose.ui.test.junit4.AndroidComposeTestRule$apply$testWithDisposal$1.evaluate(AndroidComposeTestRule.android.kt:322)
04-03 19:45:55.625  6479  6495 E TestRunner: 	at org.junit.rules.ExternalResource$1.evaluate(ExternalResource.java:54)
04-03 19:45:55.625  6479  6495 E TestRunner: 	at androidx.compose.ui.test.junit4.AndroidComposeTestRule$apply$1$evaluate$1.invokeSuspend(AndroidComposeTestRule.android.kt:334)
04-03 19:45:55.625  6479  6495 E TestRunner: 	at androidx.compose.ui.test.junit4.AndroidComposeTestRule$apply$1$evaluate$1.invoke(Unknown Source:8)
04-03 19:45:55.625  6479  6495 E TestRunner: 	at androidx.compose.ui.test.junit4.AndroidComposeTestRule$apply$1$evaluate$1.invoke(Unknown Source:4)
04-03 19:45:55.625  6479  6495 E TestRunner: 	at androidx.compose.ui.test.AndroidComposeUiTestEnvironment$runTest$1$1$1$1$1.invokeSuspend(ComposeUiTest.android.kt:605)
04-03 19:45:55.625  6479  6495 E TestRunner: 	at androidx.compose.ui.test.AndroidComposeUiTestEnvironment$runTest$1$1$1$1$1.invoke(Unknown Source:8)
04-03 19:45:55.625  6479  6495 E TestRunner: 	at androidx.compose.ui.test.AndroidComposeUiTestEnvironment$runTest$1$1$1$1$1.invoke(Unknown Source:2)
04-03 19:45:55.625  6479  6495 E TestRunner: 	at androidx.compose.ui.test.EspressoLink.withStrategy(EspressoLink.android.kt:69)
04-03 19:45:55.625  6479  6495 E TestRunner: 	at androidx.compose.ui.test.AndroidComposeUiTestEnvironment$runTest$1$1.invokeSuspend(ComposeUiTest.android.kt:602)
04-03 19:45:55.625  6479  6495 E TestRunner: 	at androidx.compose.ui.test.AndroidComposeUiTestEnvironment$runTest$1$1.invoke(Unknown Source:8)
04-03 19:45:55.625  6479  6495 E TestRunner: 	at androidx.compose.ui.test.AndroidComposeUiTestEnvironment$runTest$1$1.invoke(Unknown Source:4)
04-03 19:45:55.625  6479  6495 E TestRunner: 	at kotlinx.coroutines.test.TestBuildersKt__TestBuildersKt$runTest$2$1$1.invokeSuspend(TestBuilders.kt:317)
04-03 19:45:55.625  6479  6495 E TestRunner: 	at kotlin.coroutines.jvm.internal.BaseContinuationImpl.resumeWith(ContinuationImpl.kt:33)
04-03 19:45:55.625  6479  6495 E TestRunner: 	at kotlinx.coroutines.DispatchedTask.run(DispatchedTask.kt:100)
04-03 19:45:55.625  6479  6495 E TestRunner: 	at kotlinx.coroutines.test.TestDispatcher.processEvent$kotlinx_coroutines_test(TestDispatcher.kt:24)
04-03 19:45:55.625  6479  6495 E TestRunner: 	at kotlinx.coroutines.test.TestCoroutineScheduler.tryRunNextTaskUnless$kotlinx_coroutines_test(TestCoroutineScheduler.kt:99)
04-03 19:45:55.625  6479  6495 E TestRunner: 	at kotlinx.coroutines.test.TestBuildersKt__TestBuildersKt$runTest$2$1$workRunner$1.invokeSuspend(TestBuilders.kt:326)
04-03 19:45:55.625  6479  6495 E TestRunner: 	at kotlin.coroutines.jvm.internal.BaseContinuationImpl.resumeWith(ContinuationImpl.kt:33)
04-03 19:45:55.625  6479  6495 E TestRunner: 	at kotlinx.coroutines.DispatchedTask.run(DispatchedTask.kt:100)
04-03 19:45:55.625  6479  6495 E TestRunner: 	at kotlinx.coroutines.EventLoopImplBase.processNextEvent(EventLoop.common.kt:263)
04-03 19:45:55.625  6479  6495 E TestRunner: 	at kotlinx.coroutines.BlockingCorouti
04-03 19:45:55.626  6479  6495 E TestRunner: ----- end exception -----
04-03 19:45:55.641  6479  6495 I TestRunner: finished: clickingBook_launchesReaderIntent(com.nosferatu.launcher.ui.LibraryInstrumentedTest)
04-03 19:45:55.645  6522  6540 D EGL_emulation: eglMakeCurrent: 0xe8e05240: ver 2 0 (tinfo 0xe8e03260)
04-03 19:45:55.651  6479  6495 I TestRunner: run finished: 1 tests, 1 failed, 0 ignored
04-03 19:45:55.666  1644  3520 W WindowManager: removeWindowToken: Attempted to remove non-existing token: android.os.Binder@3f2d25
04-03 19:45:55.680  1644  4279 I ActivityManager: Force stopping com.nosferatu.launcher appid=10076 user=0: finished inst
04-03 19:45:55.680  1644  4279 I ActivityManager: Killing 6479:com.nosferatu.launcher/u0a76 (adj 0): stop com.nosferatu.launcher
04-03 19:45:55.681  1644  6543 W Binder  : Outgoing transactions from this process must be FLAG_ONEWAY
04-03 19:45:55.681  1644  6543 W Binder  : java.lang.Throwable
04-03 19:45:55.681  1644  6543 W Binder  : 	at android.os.BinderProxy.transact(Binder.java:752)
04-03 19:45:55.681  1644  6543 W Binder  : 	at android.app.IInstrumentationWatcher$Stub$Proxy.instrumentationFinished(IInstrumentationWatcher.java:160)
04-03 19:45:55.681  1644  6543 W Binder  : 	at com.android.server.am.InstrumentationReporter$MyThread.run(InstrumentationReporter.java:86)
04-03 19:45:55.682  1644  1661 W zygote  : kill(-6479, 9) failed: No such process
04-03 19:45:55.686  6470  6470 D AndroidRuntime: Shutting down VM
04-03 19:45:55.698  1437  1437 D gralloc_ranchu: gralloc_alloc: Creating ashmem region of size 13606912
04-03 19:45:55.704  1437  1437 I chatty  : uid=1000(system) allocator@2.0-s identical 1 line
04-03 19:45:55.708  1437  1437 D gralloc_ranchu: gralloc_alloc: Creating ashmem region of size 13606912
04-03 19:45:55.720  1437  1437 D gralloc_ranchu: gralloc_alloc: Creating ashmem region of size 14749696
04-03 19:45:55.721  1644  1661 W zygote  : kill(-6479, 9) failed: No such process
04-03 19:45:55.724  4763  4780 D EGL_emulation: eglMakeCurrent: 0xe647d660: ver 2 0 (tinfo 0xe76fcdf0)
04-03 19:45:55.724  1437  1437 D gralloc_ranchu: gralloc_alloc: Creating ashmem region of size 14749696
04-03 19:45:55.731  1437  1437 D gralloc_ranchu: gralloc_alloc: Creating ashmem region of size 14749696
04-03 19:45:55.760  1644  1661 W zygote  : kill(-6479, 9) failed: No such process
04-03 19:45:55.760  1644  1661 I zygote  : Successfully killed process cgroup uid 10076 pid 6479 in 78ms
04-03 19:45:55.760  1644  1666 W ActivityManager: setHasOverlayUi called on unknown pid: 6479
04-03 19:45:55.774  2145  2273 D EGL_emulation: eglMakeCurrent: 0xd6cd53e0: ver 2 0 (tinfo 0xd6bf6260)
04-03 19:45:55.785  1644  1688 I WindowManager: Failed to capture screenshot of Token{f906e5 ActivityRecord{98895dc u0 com.nosferatu.launcher.test/androidx.test.core.app.InstrumentationActivityInvoker$EmptyActivity t174 f}} appWin=Window{b8e83c2 u0 com.nosferatu.launcher.test/androidx.test.core.app.InstrumentationActivityInvoker$EmptyActivity} drawState=4
04-03 19:45:55.798  1757  1991 D EGL_emulation: eglMakeCurrent: 0xd55eab00: ver 2 0 (tinfo 0xd56feb20)
04-03 19:45:55.800  6522  6540 D EGL_emulation: eglMakeCurrent: 0xe8e05240: ver 2 0 (tinfo 0xe8e03260)
04-03 19:45:55.826  1757  1991 D EGL_emulation: eglMakeCurrent: 0xd55eab00: ver 2 0 (tinfo 0xd56feb20)
04-03 19:45:56.030  1644  2675 I zygote  : android::hardware::configstore::V1_0::ISurfaceFlingerConfigs::hasWideColorDisplay retrieved: 0
04-03 19:45:56.030  1644  2675 I OpenGLRenderer: Initialized EGL, version 1.4
04-03 19:45:56.030  1644  2675 D OpenGLRenderer: Swap behavior 1
04-03 19:45:56.030  1644  2675 W OpenGLRenderer: Failed to choose config with EGL_SWAP_BEHAVIOR_PRESERVED, retrying without...
04-03 19:45:56.030  1644  2675 D OpenGLRenderer: Swap behavior 0
04-03 19:45:56.037  1644  2675 D EGL_emulation: eglCreateContext: 0xe768c600: maj 2 min 0 rcv 2
04-03 19:45:56.044  1644  2675 D EGL_emulation: eglMakeCurrent: 0xe768c600: ver 2 0 (tinfo 0xd6a8c400)
04-03 19:45:56.125  6554  6554 D AndroidRuntime: >>>>>> START com.android.internal.os.RuntimeInit uid 2000 <<<<<<
